../Core/Src/main.c:92:5:main	2
../Core/Src/main.c:148:6:SystemClock_Config	3
../Core/Src/main.c:187:6:init_system	1
../Core/Src/main.c:201:9:IsButtonUp	2
../Core/Src/main.c:206:9:IsButtonDown	2
../Core/Src/main.c:211:9:IsButtonStop	2
../Core/Src/main.c:216:9:IsButtonFly	2
../Core/Src/main.c:221:9:IsBottomSwitch	2
../Core/Src/main.c:226:9:IsTopSwitch	2
../Core/Src/main.c:231:6:FlagMovingDown	1
../Core/Src/main.c:237:6:FlagMovingUp	1
../Core/Src/main.c:243:6:FlagStopMoving	1
../Core/Src/main.c:247:6:FlagRight	1
../Core/Src/main.c:252:6:FlagLeft	1
../Core/Src/main.c:258:6:FlagFlying	5
../Core/Src/main.c:270:6:BaiTapFlag	20
../Core/Src/main.c:336:6:Error_Handler	1
