../Core/Src/main.c:92:5:main	8	static
../Core/Src/main.c:148:6:SystemClock_Config	88	static
../Core/Src/main.c:187:6:init_system	8	static
../Core/Src/main.c:201:9:IsButtonUp	4	static
../Core/Src/main.c:206:9:IsButtonDown	4	static
../Core/Src/main.c:211:9:IsButtonStop	4	static
../Core/Src/main.c:216:9:IsButtonFly	4	static
../Core/Src/main.c:221:9:IsBottomSwitch	4	static
../Core/Src/main.c:226:9:IsTopSwitch	4	static
../Core/Src/main.c:231:6:FlagMovingDown	16	static
../Core/Src/main.c:237:6:FlagMovingUp	16	static
../Core/Src/main.c:243:6:FlagStopMoving	16	static
../Core/Src/main.c:247:6:FlagRight	16	static
../Core/Src/main.c:252:6:FlagLeft	16	static
../Core/Src/main.c:258:6:FlagFlying	8	static
../Core/Src/main.c:270:6:BaiTapFlag	24	static
../Core/Src/main.c:336:6:Error_Handler	4	static,ignoring_inline_asm
