../Core/Src/main.c:106:5:main	2
../Core/Src/main.c:157:6:SystemClock_Config	3
../Core/Src/main.c:196:6:system_init	1
../Core/Src/main.c:213:6:phase1Green	1
../Core/Src/main.c:223:6:phase1Yellow	1
../Core/Src/main.c:233:6:phase2Green	1
../Core/Src/main.c:243:6:phase2Yellow	1
../Core/Src/main.c:253:6:lightRed	1
../Core/Src/main.c:262:6:lightGreen	1
../Core/Src/main.c:271:6:lightYellow	1
../Core/Src/main.c:281:6:lightOff	1
../Core/Src/main.c:291:6:AppTrafficLight	35
../Core/Src/main.c:487:6:Error_Handler	1
