../Core/Src/main.c:106:5:main	8	static
../Core/Src/main.c:157:6:SystemClock_Config	88	static
../Core/Src/main.c:196:6:system_init	8	static
../Core/Src/main.c:213:6:phase1Green	16	static
../Core/Src/main.c:223:6:phase1Yellow	16	static
../Core/Src/main.c:233:6:phase2Green	16	static
../Core/Src/main.c:243:6:phase2Yellow	16	static
../Core/Src/main.c:253:6:lightRed	16	static
../Core/Src/main.c:262:6:lightGreen	16	static
../Core/Src/main.c:271:6:lightYellow	16	static
../Core/Src/main.c:281:6:lightOff	16	static
../Core/Src/main.c:291:6:AppTrafficLight	24	static
../Core/Src/main.c:487:6:Error_Handler	4	static,ignoring_inline_asm
