Archive member included to satisfy reference by file (symbol)

C:/STM32CubeIDE_1.14.0/STM32CubeIDE/plugins/com.st.stm32cube.ide.mcu.externaltools.gnu-tools-for-stm32.11.3.rel1.win32_1.1.100.202309141235/tools/bin/../lib/gcc/arm-none-eabi/11.3.1/../../../../arm-none-eabi/lib/thumb/v7e-m+fp/hard\libc_nano.a(libc_a-exit.o)
                              C:/STM32CubeIDE_1.14.0/STM32CubeIDE/plugins/com.st.stm32cube.ide.mcu.externaltools.gnu-tools-for-stm32.11.3.rel1.win32_1.1.100.202309141235/tools/bin/../lib/gcc/arm-none-eabi/11.3.1/../../../../arm-none-eabi/lib/thumb/v7e-m+fp/hard/crt0.o (exit)
C:/STM32CubeIDE_1.14.0/STM32CubeIDE/plugins/com.st.stm32cube.ide.mcu.externaltools.gnu-tools-for-stm32.11.3.rel1.win32_1.1.100.202309141235/tools/bin/../lib/gcc/arm-none-eabi/11.3.1/../../../../arm-none-eabi/lib/thumb/v7e-m+fp/hard\libc_nano.a(libc_a-findfp.o)
                              C:/STM32CubeIDE_1.14.0/STM32CubeIDE/plugins/com.st.stm32cube.ide.mcu.externaltools.gnu-tools-for-stm32.11.3.rel1.win32_1.1.100.202309141235/tools/bin/../lib/gcc/arm-none-eabi/11.3.1/../../../../arm-none-eabi/lib/thumb/v7e-m+fp/hard\libc_nano.a(libc_a-exit.o) (__stdio_exit_handler)
C:/STM32CubeIDE_1.14.0/STM32CubeIDE/plugins/com.st.stm32cube.ide.mcu.externaltools.gnu-tools-for-stm32.11.3.rel1.win32_1.1.100.202309141235/tools/bin/../lib/gcc/arm-none-eabi/11.3.1/../../../../arm-none-eabi/lib/thumb/v7e-m+fp/hard\libc_nano.a(libc_a-fwalk.o)
                              C:/STM32CubeIDE_1.14.0/STM32CubeIDE/plugins/com.st.stm32cube.ide.mcu.externaltools.gnu-tools-for-stm32.11.3.rel1.win32_1.1.100.202309141235/tools/bin/../lib/gcc/arm-none-eabi/11.3.1/../../../../arm-none-eabi/lib/thumb/v7e-m+fp/hard\libc_nano.a(libc_a-findfp.o) (_fwalk_sglue)
C:/STM32CubeIDE_1.14.0/STM32CubeIDE/plugins/com.st.stm32cube.ide.mcu.externaltools.gnu-tools-for-stm32.11.3.rel1.win32_1.1.100.202309141235/tools/bin/../lib/gcc/arm-none-eabi/11.3.1/../../../../arm-none-eabi/lib/thumb/v7e-m+fp/hard\libc_nano.a(libc_a-stdio.o)
                              C:/STM32CubeIDE_1.14.0/STM32CubeIDE/plugins/com.st.stm32cube.ide.mcu.externaltools.gnu-tools-for-stm32.11.3.rel1.win32_1.1.100.202309141235/tools/bin/../lib/gcc/arm-none-eabi/11.3.1/../../../../arm-none-eabi/lib/thumb/v7e-m+fp/hard\libc_nano.a(libc_a-findfp.o) (__sread)
C:/STM32CubeIDE_1.14.0/STM32CubeIDE/plugins/com.st.stm32cube.ide.mcu.externaltools.gnu-tools-for-stm32.11.3.rel1.win32_1.1.100.202309141235/tools/bin/../lib/gcc/arm-none-eabi/11.3.1/../../../../arm-none-eabi/lib/thumb/v7e-m+fp/hard\libc_nano.a(libc_a-memset.o)
                              C:/STM32CubeIDE_1.14.0/STM32CubeIDE/plugins/com.st.stm32cube.ide.mcu.externaltools.gnu-tools-for-stm32.11.3.rel1.win32_1.1.100.202309141235/tools/bin/../lib/gcc/arm-none-eabi/11.3.1/../../../../arm-none-eabi/lib/thumb/v7e-m+fp/hard/crt0.o (memset)
C:/STM32CubeIDE_1.14.0/STM32CubeIDE/plugins/com.st.stm32cube.ide.mcu.externaltools.gnu-tools-for-stm32.11.3.rel1.win32_1.1.100.202309141235/tools/bin/../lib/gcc/arm-none-eabi/11.3.1/../../../../arm-none-eabi/lib/thumb/v7e-m+fp/hard\libc_nano.a(libc_a-closer.o)
                              C:/STM32CubeIDE_1.14.0/STM32CubeIDE/plugins/com.st.stm32cube.ide.mcu.externaltools.gnu-tools-for-stm32.11.3.rel1.win32_1.1.100.202309141235/tools/bin/../lib/gcc/arm-none-eabi/11.3.1/../../../../arm-none-eabi/lib/thumb/v7e-m+fp/hard\libc_nano.a(libc_a-stdio.o) (_close_r)
C:/STM32CubeIDE_1.14.0/STM32CubeIDE/plugins/com.st.stm32cube.ide.mcu.externaltools.gnu-tools-for-stm32.11.3.rel1.win32_1.1.100.202309141235/tools/bin/../lib/gcc/arm-none-eabi/11.3.1/../../../../arm-none-eabi/lib/thumb/v7e-m+fp/hard\libc_nano.a(libc_a-reent.o)
                              C:/STM32CubeIDE_1.14.0/STM32CubeIDE/plugins/com.st.stm32cube.ide.mcu.externaltools.gnu-tools-for-stm32.11.3.rel1.win32_1.1.100.202309141235/tools/bin/../lib/gcc/arm-none-eabi/11.3.1/../../../../arm-none-eabi/lib/thumb/v7e-m+fp/hard\libc_nano.a(libc_a-closer.o) (errno)
C:/STM32CubeIDE_1.14.0/STM32CubeIDE/plugins/com.st.stm32cube.ide.mcu.externaltools.gnu-tools-for-stm32.11.3.rel1.win32_1.1.100.202309141235/tools/bin/../lib/gcc/arm-none-eabi/11.3.1/../../../../arm-none-eabi/lib/thumb/v7e-m+fp/hard\libc_nano.a(libc_a-impure.o)
                              C:/STM32CubeIDE_1.14.0/STM32CubeIDE/plugins/com.st.stm32cube.ide.mcu.externaltools.gnu-tools-for-stm32.11.3.rel1.win32_1.1.100.202309141235/tools/bin/../lib/gcc/arm-none-eabi/11.3.1/../../../../arm-none-eabi/lib/thumb/v7e-m+fp/hard\libc_nano.a(libc_a-reent.o) (_impure_ptr)
C:/STM32CubeIDE_1.14.0/STM32CubeIDE/plugins/com.st.stm32cube.ide.mcu.externaltools.gnu-tools-for-stm32.11.3.rel1.win32_1.1.100.202309141235/tools/bin/../lib/gcc/arm-none-eabi/11.3.1/../../../../arm-none-eabi/lib/thumb/v7e-m+fp/hard\libc_nano.a(libc_a-lseekr.o)
[...]
Memory Configuration

Name             Origin             Length             Attributes
CCMRAM           0x0000000010000000 0x0000000000010000 xrw
RAM              0x0000000020000000 0x0000000000020000 xrw
FLASH            0x0000000008000000 0x0000000000100000 xr
*default*        0x0000000000000000 0xffffffffffffffff

Linker script and memory map

LOAD C:/STM32CubeIDE_1.14.0/STM32CubeIDE/plugins/com.st.stm32cube.ide.mcu.externaltools.gnu-tools-for-stm32.11.3.rel1.win32_1.1.100.202309141235/tools/bin/../lib/gcc/arm-none-eabi/11.3.1/thumb/v7e-m+fp/hard/crti.o
LOAD C:/STM32CubeIDE_1.14.0/STM32CubeIDE/plugins/com.st.stm32cube.ide.mcu.externaltools.gnu-tools-for-stm32.11.3.rel1.win32_1.1.100.202309141235/tools/bin/../lib/gcc/arm-none-eabi/11.3.1/thumb/v7e-m+fp/hard/crtbegin.o
LOAD C:/STM32CubeIDE_1.14.0/STM32CubeIDE/plugins/com.st.stm32cube.ide.mcu.externaltools.gnu-tools-for-stm32.11.3.rel1.win32_1.1.100.202309141235/tools/bin/../lib/gcc/arm-none-eabi/11.3.1/../../../../arm-none-eabi/lib/thumb/v7e-m+fp/hard/crt0.o
LOAD ./Core/Src/button.o
LOAD ./Core/Src/ds3231.o
LOAD ./Core/Src/fsmc.o
LOAD ./Core/Src/gpio.o
LOAD ./Core/Src/i2c.o
LOAD ./Core/Src/lcd.o
LOAD ./Core/Src/led_7seg.o
LOAD ./Core/Src/main.o
LOAD ./Core/Src/picture.o
LOAD ./Core/Src/software_timer.o
LOAD ./Core/Src/spi.o
LOAD ./Core/Src/stm32f4xx_hal_msp.o
LOAD ./Core/Src/stm32f4xx_it.o
LOAD ./Core/Src/syscalls.o
LOAD ./Core/Src/sysmem.o
LOAD ./Core/Src/system_stm32f4xx.o
LOAD ./Core/Src/tim.o
LOAD ./Core/Src/utils.o
LOAD ./Core/Startup/startup_stm32f407zetx.o
LOAD ./Drivers/STM32F4xx_HAL_Driver/Src/stm32f4xx_hal.o
LOAD ./Drivers/STM32F4xx_HAL_Driver/Src/stm32f4xx_hal_cortex.o
LOAD ./Drivers/STM32F4xx_HAL_Driver/Src/stm32f4xx_hal_dma.o
LOAD ./Drivers/STM32F4xx_HAL_Driver/Src/stm32f4xx_hal_dma_ex.o
LOAD ./Drivers/STM32F4xx_HAL_Driver/Src/stm32f4xx_hal_exti.o
LOAD ./Drivers/STM32F4xx_HAL_Driver/Src/stm32f4xx_hal_flash.o
LOAD ./Drivers/STM32F4xx_HAL_Driver/Src/stm32f4xx_hal_flash_ex.o
LOAD ./Drivers/STM32F4xx_HAL_Driver/Src/stm32f4xx_hal_flash_ramfunc.o
LOAD ./Drivers/STM32F4xx_HAL_Driver/Src/stm32f4xx_hal_gpio.o
LOAD ./Drivers/STM32F4xx_HAL_Driver/Src/stm32f4xx_hal_i2c.o
LOAD ./Drivers/STM32F4xx_HAL_Driver/Src/stm32f4xx_hal_i2c_ex.o
LOAD ./Drivers/STM32F4xx_HAL_Driver/Src/stm32f4xx_hal_pwr.o
LOAD ./Drivers/STM32F4xx_HAL_Driver/Src/stm32f4xx_hal_pwr_ex.o
LOAD ./Drivers/STM32F4xx_HAL_Driver/Src/stm32f4xx_hal_rcc.o
LOAD ./Drivers/STM32F4xx_HAL_Driver/Src/stm32f4xx_hal_rcc_ex.o
LOAD ./Drivers/STM32F4xx_HAL_Driver/Src/stm32f4xx_hal_spi.o
LOAD ./Drivers/STM32F4xx_HAL_Driver/Src/stm32f4xx_hal_sram.o
LOAD ./Drivers/STM32F4xx_HAL_Driver/Src/stm32f4xx_hal_tim.o
LOAD ./Drivers/STM32F4xx_HAL_Driver/Src/stm32f4xx_hal_tim_ex.o
LOAD ./Drivers/STM32F4xx_HAL_Driver/Src/stm32f4xx_ll_fsmc.o
START GROUP
LOAD C:/STM32CubeIDE_1.14.0/STM32CubeIDE/plugins/com.st.stm32cube.ide.mcu.externaltools.gnu-tools-for-stm32.11.3.rel1.win32_1.1.100.202309141235/tools/bin/../lib/gcc/arm-none-eabi/11.3.1/../../../../arm-none-eabi/lib/thumb/v7e-m+fp/hard\libc_nano.a
LOAD C:/STM32CubeIDE_1.14.0/STM32CubeIDE/plugins/com.st.stm32cube.ide.mcu.externaltools.gnu-tools-for-stm32.11.3.rel1.win32_1.1.100.202309141235/tools/bin/../lib/gcc/arm-none-eabi/11.3.1/../../../../arm-none-eabi/lib/thumb/v7e-m+fp/hard\libm.a
END GROUP
START GROUP
LOAD C:/STM32CubeIDE_1.14.0/STM32CubeIDE/plugins/com.st.stm32cube.ide.mcu.externaltools.gnu-tools-for-stm32.11.3.rel1.win32_1.1.100.202309141235/tools/bin/../lib/gcc/arm-none-eabi/11.3.1/thumb/v7e-m+fp/hard\libgcc.a
LOAD C:/STM32CubeIDE_1.14.0/STM32CubeIDE/plugins/com.st.stm32cube.ide.mcu.externaltools.gnu-tools-for-stm32.11.3.rel1.win32_1.1.100.202309141235/tools/bin/../lib/gcc/arm-none-eabi/11.3.1/../../../../arm-none-eabi/lib/thumb/v7e-m+fp/hard\libc_nano.a
END GROUP
START GROUP
LOAD C:/STM32CubeIDE_1.14.0/STM32CubeIDE/plugins/com.st.stm32cube.ide.mcu.externaltools.gnu-tools-for-stm32.11.3.rel1.win32_1.1.100.202309141235/tools/bin/../lib/gcc/arm-none-eabi/11.3.1/thumb/v7e-m+fp/hard\libgcc.a
LOAD C:/STM32CubeIDE_1.14.0/STM32CubeIDE/plugins/com.st.stm32cube.ide.mcu.externaltools.gnu-tools-for-stm32.11.3.rel1.win32_1.1.100.202309141235/tools/bin/../lib/gcc/arm-none-eabi/11.3.1/../../../../arm-none-eabi/lib/thumb/v7e-m+fp/hard\libc_nano.a
LOAD C:/STM32CubeIDE_1.14.0/STM32CubeIDE/plugins/com.st.stm32cube.ide.mcu.externaltools.gnu-tools-for-stm32.11.3.rel1.win32_1.1.100.202309141235/tools/bin/../lib/gcc/arm-none-eabi/11.3.1/../../../../arm-none-eabi/lib/thumb/v7e-m+fp/hard\libnosys.a
END GROUP
START GROUP
LOAD C:/STM32CubeIDE_1.14.0/STM32CubeIDE/plugins/com.st.stm32cube.ide.mcu.externaltools.gnu-tools-for-stm32.11.3.rel1.win32_1.1.100.202309141235/tools/bin/../lib/gcc/arm-none-eabi/11.3.1/thumb/v7e-m+fp/hard\libgcc.a
LOAD C:/STM32CubeIDE_1.14.0/STM32CubeIDE/plugins/com.st.stm32cube.ide.mcu.externaltools.gnu-tools-for-stm32.11.3.rel1.win32_1.1.100.202309141235/tools/bin/../lib/gcc/arm-none-eabi/11.3.1/../../../../arm-none-eabi/lib/thumb/v7e-m+fp/hard\libc_nano.a
LOAD C:/STM32CubeIDE_1.14.0/STM32CubeIDE/plugins/com.st.stm32cube.ide.mcu.externaltools.gnu-tools-for-stm32.11.3.rel1.win32_1.1.100.202309141235/tools/bin/../lib/gcc/arm-none-eabi/11.3.1/../../../../arm-none-eabi/lib/thumb/v7e-m+fp/hard\libnosys.a
END GROUP
LOAD C:/STM32CubeIDE_1.14.0/STM32CubeIDE/plugins/com.st.stm32cube.ide.mcu.externaltools.gnu-tools-for-stm32.11.3.rel1.win32_1.1.100.202309141235/tools/bin/../lib/gcc/arm-none-eabi/11.3.1/thumb/v7e-m+fp/hard/crtend.o
LOAD C:/STM32CubeIDE_1.14.0/STM32CubeIDE/plugins/com.st.stm32cube.ide.mcu.externaltools.gnu-tools-for-stm32.11.3.rel1.win32_1.1.100.202309141235/tools/bin/../lib/gcc/arm-none-eabi/11.3.1/thumb/v7e-m+fp/hard/crtn.o
                0x0000000020020000                _estack = (ORIGIN (RAM) + LENGTH (RAM))
                0x0000000000000200                _Min_Heap_Size = 0x200
                0x0000000000000400                _Min_Stack_Size = 0x400

.isr_vector     0x0000000008000000      0x188
                0x0000000008000000                . = ALIGN (0x4)
 *(.isr_vector)
 .isr_vector    0x0000000008000000      0x188 ./Core/Startup/startup_stm32f407zetx.o
                0x0000000008000000                g_pfnVectors
                0x0000000008000188                . = ALIGN (0x4)

.text           0x0000000008000188     0x7f10
                0x0000000008000188                . = ALIGN (0x4)
 *(.text)
 .text          0x0000000008000188       0x40 C:/STM32CubeIDE_1.14.0/STM32CubeIDE/plugins/com.st.stm32cube.ide.mcu.externaltools.gnu-tools-for-stm32.11.3.rel1.win32_1.1.100.202309141235/tools/bin/../lib/gcc/arm-none-eabi/11.3.1/thumb/v7e-m+fp/hard/crtbegin.o
 .text          0x00000000080001c8       0x10 C:/STM32CubeIDE_1.14.0/STM32CubeIDE/plugins/com.st.stm32cube.ide.mcu.externaltools.gnu-tools-for-stm32.11.3.rel1.win32_1.1.100.202309141235/tools/bin/../lib/gcc/arm-none-eabi/11.3.1/../../../../arm-none-eabi/lib/thumb/v7e-m+fp/hard\libc_nano.a(libc_a-strlen.o)
                0x00000000080001c8                strlen
 .text          0x00000000080001d8       0x30 C:/STM32CubeIDE_1.14.0/STM32CubeIDE/plugins/com.st.stm32cube.ide.mcu.externaltools.gnu-tools-for-stm32.11.3.rel1.win32_1.1.100.202309141235/tools/bin/../lib/gcc/arm-none-eabi/11.3.1/thumb/v7e-m+fp/hard\libgcc.a(_aeabi_uldivmod.o)
                0x00000000080001d8                __aeabi_uldivmod
 .text          0x0000000008000208      0x2c8 C:/STM32CubeIDE_1.14.0/STM32CubeIDE/plugins/com.st.stm32cube.ide.mcu.externaltools.gnu-tools-for-stm32.11.3.rel1.win32_1.1.100.202309141235/tools/bin/../lib/gcc/arm-none-eabi/11.3.1/thumb/v7e-m+fp/hard\libgcc.a(_udivmoddi4.o)
                0x0000000008000208                __udivmoddi4
 .text          0x00000000080004d0        0x4 C:/STM32CubeIDE_1.14.0/STM32CubeIDE/plugins/com.st.stm32cube.ide.mcu.externaltools.gnu-tools-for-stm32.11.3.rel1.win32_1.1.100.202309141235/tools/bin/../lib/gcc/arm-none-eabi/11.3.1/thumb/v7e-m+fp/hard\libgcc.a(_dvmd_tls.o)
                0x00000000080004d0                __aeabi_idiv0
                0x00000000080004d0                __aeabi_ldiv0
 *(.text*)
 .text.button_scan
                0x00000000080004d4       0xd8 ./Core/Src/button.o
                0x00000000080004d4                button_scan
 .text.ds3231_init
                0x00000000080005ac       0x88 ./Core/Src/ds3231.o
                0x00000000080005ac                ds3231_init
 .text.ds3231_write
                0x0000000008000634       0x44 ./Core/Src/ds3231.o
                0x0000000008000634                ds3231_write
 .text.ds3231_read_time
                0x0000000008000678       0xc8 ./Core/Src/ds3231.o
                0x0000000008000678                ds3231_read_time
 .text.MX_FSMC_Init
                0x0000000008000740       0xf4 ./Core/Src/fsmc.o
                0x0000000008000740                MX_FSMC_Init
 .text.HAL_FSMC_MspInit
                0x0000000008000834       0x98 ./Core/Src/fsmc.o
 .text.HAL_SRAM_MspInit
                0x00000000080008cc       0x14 ./Core/Src/fsmc.o
                0x00000000080008cc                HAL_SRAM_MspInit
 .text.MX_GPIO_Init
                0x00000000080008e0      0x1f0 ./Core/Src/gpio.o
                0x00000000080008e0                MX_GPIO_Init
 .text.MX_I2C1_Init
                0x0000000008000ad0       0x5c ./Core/Src/i2c.o
                0x0000000008000ad0                MX_I2C1_Init
 .text.HAL_I2C_MspInit
                0x0000000008000b2c       0x90 ./Core/Src/i2c.o
                0x0000000008000b2c                HAL_I2C_MspInit
 .text.LCD_WR_REG
                0x0000000008000bbc       0x20 ./Core/Src/lcd.o
                0x0000000008000bbc                LCD_WR_REG
 .text.LCD_WR_DATA
                0x0000000008000bdc       0x20 ./Core/Src/lcd.o
 .text.LCD_RD_DATA
                0x0000000008000bfc       0x24 ./Core/Src/lcd.o
 .text.lcd_set_address
                0x0000000008000c20       0x98 ./Core/Src/lcd.o
                0x0000000008000c20                lcd_set_address
 .text.lcd_clear
                0x0000000008000cb8       0x64 ./Core/Src/lcd.o
                0x0000000008000cb8                lcd_clear
 .text.lcd_draw_point
                0x0000000008000d1c       0x2e ./Core/Src/lcd.o
                0x0000000008000d1c                lcd_draw_point
 *fill*         0x0000000008000d4a        0x2 
 .text.lcd_show_char
                0x0000000008000d4c      0x1a0 ./Core/Src/lcd.o
                0x0000000008000d4c                lcd_show_char
 .text.mypow    0x0000000008000eec       0x38 ./Core/Src/lcd.o
 .text.lcd_show_int_num
                0x0000000008000f24       0xfc ./Core/Src/lcd.o
                0x0000000008000f24                lcd_show_int_num
 .text.lcd_set_direction
                0x0000000008001020       0x48 ./Core/Src/lcd.o
                0x0000000008001020                lcd_set_direction
 .text.lcd_init
                0x0000000008001068      0x2c0 ./Core/Src/lcd.o
                0x0000000008001068                lcd_init
 .text.lcd_show_string
                0x0000000008001328       0xc8 ./Core/Src/lcd.o
                0x0000000008001328                lcd_show_string
 .text.lcd_show_string_center
                0x00000000080013f0       0x64 ./Core/Src/lcd.o
                0x00000000080013f0                lcd_show_string_center
 .text.led_7seg_display
                0x0000000008001454      0x118 ./Core/Src/led_7seg.o
                0x0000000008001454                led_7seg_display
 .text.main     0x000000000800156c       0x54 ./Core/Src/main.o
                0x000000000800156c                main
 .text.SystemClock_Config
                0x00000000080015c0       0xd4 ./Core/Src/main.o
                0x00000000080015c0                SystemClock_Config
 .text.system_init
                0x0000000008001694       0x3c ./Core/Src/main.o
                0x0000000008001694                system_init
 .text.UpdateTime
                0x00000000080016d0       0x40 ./Core/Src/main.o
                0x00000000080016d0                UpdateTime
 .text.DisplayTime
                0x0000000008001710      0x4ac ./Core/Src/main.o
                0x0000000008001710                DisplayTime
 .text.SetUpTime
                0x0000000008001bbc     0x1548 ./Core/Src/main.o
                0x0000000008001bbc                SetUpTime
 .text.IsButtonSettingMode
                0x0000000008003104       0x20 ./Core/Src/main.o
                0x0000000008003104                IsButtonSettingMode
 .text.IsButtonSet
                0x0000000008003124       0x20 ./Core/Src/main.o
                0x0000000008003124                IsButtonSet
 .text.IsButtonScheduleMode
                0x0000000008003144       0x20 ./Core/Src/main.o
                0x0000000008003144                IsButtonScheduleMode
 .text.IsButtonOut
                0x0000000008003164       0x20 ./Core/Src/main.o
                0x0000000008003164                IsButtonOut
 .text.IsButtonUp
                0x0000000008003184       0x38 ./Core/Src/main.o
                0x0000000008003184                IsButtonUp
 .text.IsButtonDown
                0x00000000080031bc       0x38 ./Core/Src/main.o
                0x00000000080031bc                IsButtonDown
 .text.SetHour  0x00000000080031f4       0xb4 ./Core/Src/main.o
                0x00000000080031f4                SetHour
 .text.SetMinute
                0x00000000080032a8       0xb4 ./Core/Src/main.o
                0x00000000080032a8                SetMinute
 .text.SetSecond
                0x000000000800335c       0xb4 ./Core/Src/main.o
                0x000000000800335c                SetSecond
 .text.SetDay   0x0000000008003410       0xb4 ./Core/Src/main.o
                0x0000000008003410                SetDay
 .text.IsLeapYear
                0x00000000080034c4       0x60 ./Core/Src/main.o
                0x00000000080034c4                IsLeapYear
 .text.GetMaxDay
                0x0000000008003524       0x88 ./Core/Src/main.o
                0x0000000008003524                GetMaxDay
 .text.SetDate  0x00000000080035ac       0xf0 ./Core/Src/main.o
                0x00000000080035ac                SetDate
 .text.SetMonth
                0x000000000800369c      0x120 ./Core/Src/main.o
                0x000000000800369c                SetMonth
 .text.SetYear  0x00000000080037bc      0x104 ./Core/Src/main.o
                0x00000000080037bc                SetYear
 .text.scheduleYear
                0x00000000080038c0      0x13c ./Core/Src/main.o
                0x00000000080038c0                scheduleYear
 .text.scheduleMonth
                0x00000000080039fc      0x174 ./Core/Src/main.o
                0x00000000080039fc                scheduleMonth
 .text.scheduleDate
                0x0000000008003b70      0x164 ./Core/Src/main.o
                0x0000000008003b70                scheduleDate
 .text.scheduleDay
                0x0000000008003cd4      0x160 ./Core/Src/main.o
                0x0000000008003cd4                scheduleDay
 .text.scheduleHour
                0x0000000008003e34      0x174 ./Core/Src/main.o
                0x0000000008003e34                scheduleHour
 .text.scheduleMinute
                0x0000000008003fa8      0x188 ./Core/Src/main.o
                0x0000000008003fa8                scheduleMinute
 .text.scheduleSecond
                0x0000000008004130      0x174 ./Core/Src/main.o
                0x0000000008004130                scheduleSecond
 .text.Error_Handler
                0x00000000080042a4        0xa ./Core/Src/main.o
                0x00000000080042a4                Error_Handler
 *fill*         0x00000000080042ae        0x2 
 .text.timer2_init
                0x00000000080042b0       0x14 ./Core/Src/software_timer.o
                0x00000000080042b0                timer2_init
 .text.timer2_set
                0x00000000080042c4       0x38 ./Core/Src/software_timer.o
                0x00000000080042c4                timer2_set
 .text.HAL_TIM_PeriodElapsedCallback
                0x00000000080042fc       0x98 ./Core/Src/software_timer.o
                0x00000000080042fc                HAL_TIM_PeriodElapsedCallback
 .text.MX_SPI1_Init
                0x0000000008004394       0x6c ./Core/Src/spi.o
                0x0000000008004394                MX_SPI1_Init
 .text.HAL_SPI_MspInit
                0x0000000008004400       0x90 ./Core/Src/spi.o
                0x0000000008004400                HAL_SPI_MspInit
 .text.HAL_MspInit
                0x0000000008004490       0x50 ./Core/Src/stm32f4xx_hal_msp.o
                0x0000000008004490                HAL_MspInit
 .text.NMI_Handler
                0x00000000080044e0        0x6 ./Core/Src/stm32f4xx_it.o
                0x00000000080044e0                NMI_Handler
 .text.HardFault_Handler
                0x00000000080044e6        0x6 ./Core/Src/stm32f4xx_it.o
                0x00000000080044e6                HardFault_Handler
 .text.MemManage_Handler
                0x00000000080044ec        0x6 ./Core/Src/stm32f4xx_it.o
                0x00000000080044ec                MemManage_Handler
 .text.BusFault_Handler
                0x00000000080044f2        0x6 ./Core/Src/stm32f4xx_it.o
                0x00000000080044f2                BusFault_Handler
 .text.UsageFault_Handler
                0x00000000080044f8        0x6 ./Core/Src/stm32f4xx_it.o
                0x00000000080044f8                UsageFault_Handler
 .text.SVC_Handler
                0x00000000080044fe        0xe ./Core/Src/stm32f4xx_it.o
                0x00000000080044fe                SVC_Handler
 .text.DebugMon_Handler
                0x000000000800450c        0xe ./Core/Src/stm32f4xx_it.o
                0x000000000800450c                DebugMon_Handler
 .text.PendSV_Handler
                0x000000000800451a        0xe ./Core/Src/stm32f4xx_it.o
                0x000000000800451a                PendSV_Handler
 .text.SysTick_Handler
                0x0000000008004528        0xc ./Core/Src/stm32f4xx_it.o
                0x0000000008004528                SysTick_Handler
 .text.TIM2_IRQHandler
                0x0000000008004534       0x14 ./Core/Src/stm32f4xx_it.o
                0x0000000008004534                TIM2_IRQHandler
 .text.TIM4_IRQHandler
                0x0000000008004548       0x14 ./Core/Src/stm32f4xx_it.o
                0x0000000008004548                TIM4_IRQHandler
 .text.SystemInit
                0x000000000800455c       0x24 ./Core/Src/system_stm32f4xx.o
                0x000000000800455c                SystemInit
 .text.MX_TIM2_Init
                0x0000000008004580       0x98 ./Core/Src/tim.o
                0x0000000008004580                MX_TIM2_Init
 .text.MX_TIM4_Init
                0x0000000008004618       0x9c ./Core/Src/tim.o
                0x0000000008004618                MX_TIM4_Init
 .text.HAL_TIM_Base_MspInit
                0x00000000080046b4       0x88 ./Core/Src/tim.o
                0x00000000080046b4                HAL_TIM_Base_MspInit
 .text.BCD2DEC  0x000000000800473c       0x32 ./Core/Src/utils.o
                0x000000000800473c                BCD2DEC
 *fill*         0x000000000800476e        0x2 
 .text.DEC2BCD  0x0000000008004770       0x48 ./Core/Src/utils.o
                0x0000000008004770                DEC2BCD
 .text.Reset_Handler
                0x00000000080047b8       0x50 ./Core/Startup/startup_stm32f407zetx.o
                0x00000000080047b8                Reset_Handler
 .text.Default_Handler
                0x0000000008004808        0x2 ./Core/Startup/startup_stm32f407zetx.o
                0x0000000008004808                RTC_Alarm_IRQHandler
                0x0000000008004808                HASH_RNG_IRQHandler
                0x0000000008004808                EXTI2_IRQHandler
                0x0000000008004808                TIM8_CC_IRQHandler
                0x0000000008004808                TIM1_CC_IRQHandler
                0x0000000008004808                DMA2_Stream5_IRQHandler
                0x0000000008004808                DMA1_Stream5_IRQHandler
                0x0000000008004808                PVD_IRQHandler
                0x0000000008004808                SDIO_IRQHandler
                0x0000000008004808                TAMP_STAMP_IRQHandler
                0x0000000008004808                CAN2_RX1_IRQHandler
                0x0000000008004808                EXTI3_IRQHandler
                0x0000000008004808                TIM8_TRG_COM_TIM14_IRQHandler
                0x0000000008004808                TIM1_UP_TIM10_IRQHandler
                0x0000000008004808                TIM8_UP_TIM13_IRQHandler
                0x0000000008004808                I2C3_ER_IRQHandler
                0x0000000008004808                EXTI0_IRQHandler
                0x0000000008004808                I2C2_EV_IRQHandler
                0x0000000008004808                DMA1_Stream2_IRQHandler
                0x0000000008004808                CAN1_RX0_IRQHandler
                0x0000000008004808                FPU_IRQHandler
                0x0000000008004808                OTG_HS_WKUP_IRQHandler
                0x0000000008004808                CAN2_SCE_IRQHandler
                0x0000000008004808                DMA2_Stream2_IRQHandler
                0x0000000008004808                SPI1_IRQHandler
                0x0000000008004808                TIM6_DAC_IRQHandler
                0x0000000008004808                TIM1_BRK_TIM9_IRQHandler
                0x0000000008004808                DCMI_IRQHandler
                0x0000000008004808                CAN2_RX0_IRQHandler
                0x0000000008004808                DMA2_Stream3_IRQHandler
                0x0000000008004808                USART6_IRQHandler
                0x0000000008004808                USART3_IRQHandler
                0x0000000008004808                CAN1_RX1_IRQHandler
                0x0000000008004808                UART5_IRQHandler
                0x0000000008004808                DMA2_Stream0_IRQHandler
                0x0000000008004808                I2C1_EV_IRQHandler
                0x0000000008004808                DMA1_Stream6_IRQHandler
                0x0000000008004808                DMA1_Stream1_IRQHandler
                0x0000000008004808                UART4_IRQHandler
                0x0000000008004808                TIM3_IRQHandler
                0x0000000008004808                RCC_IRQHandler
                0x0000000008004808                TIM8_BRK_TIM12_IRQHandler
                0x0000000008004808                Default_Handler
                0x0000000008004808                EXTI15_10_IRQHandler
                0x0000000008004808                ADC_IRQHandler
                0x0000000008004808                DMA1_Stream7_IRQHandler
                0x0000000008004808                TIM7_IRQHandler
                0x0000000008004808                CAN2_TX_IRQHandler
                0x0000000008004808                TIM5_IRQHandler
                0x0000000008004808                DMA2_Stream7_IRQHandler
                0x0000000008004808                I2C3_EV_IRQHandler
                0x0000000008004808                EXTI9_5_IRQHandler
                0x0000000008004808                RTC_WKUP_IRQHandler
                0x0000000008004808                ETH_WKUP_IRQHandler
                0x0000000008004808                SPI2_IRQHandler
                0x0000000008004808                OTG_HS_EP1_IN_IRQHandler
                0x0000000008004808                DMA1_Stream0_IRQHandler
                0x0000000008004808                CAN1_TX_IRQHandler
                0x0000000008004808                EXTI4_IRQHandler
                0x0000000008004808                FSMC_IRQHandler
                0x0000000008004808                ETH_IRQHandler
                0x0000000008004808                OTG_HS_EP1_OUT_IRQHandler
                0x0000000008004808                WWDG_IRQHandler
                0x0000000008004808                OTG_FS_WKUP_IRQHandler
                0x0000000008004808                TIM1_TRG_COM_TIM11_IRQHandler
                0x0000000008004808                OTG_HS_IRQHandler
                0x0000000008004808                EXTI1_IRQHandler
                0x0000000008004808                USART2_IRQHandler
                0x0000000008004808                I2C2_ER_IRQHandler
                0x0000000008004808                DMA2_Stream1_IRQHandler
                0x0000000008004808                CAN1_SCE_IRQHandler
                0x0000000008004808                FLASH_IRQHandler
                0x0000000008004808                DMA2_Stream4_IRQHandler
                0x0000000008004808                USART1_IRQHandler
                0x0000000008004808                OTG_FS_IRQHandler
                0x0000000008004808                SPI3_IRQHandler
                0x0000000008004808                DMA1_Stream4_IRQHandler
                0x0000000008004808                I2C1_ER_IRQHandler
                0x0000000008004808                DMA2_Stream6_IRQHandler
                0x0000000008004808                DMA1_Stream3_IRQHandler
 *fill*         0x000000000800480a        0x2 
 .text.HAL_Init
                0x000000000800480c       0x44 ./Drivers/STM32F4xx_HAL_Driver/Src/stm32f4xx_hal.o
                0x000000000800480c                HAL_Init
 .text.HAL_InitTick
                0x0000000008004850       0x60 ./Drivers/STM32F4xx_HAL_Driver/Src/stm32f4xx_hal.o
                0x0000000008004850                HAL_InitTick
 .text.HAL_IncTick
                0x00000000080048b0       0x28 ./Drivers/STM32F4xx_HAL_Driver/Src/stm32f4xx_hal.o
                0x00000000080048b0                HAL_IncTick
 .text.HAL_GetTick
                0x00000000080048d8       0x18 ./Drivers/STM32F4xx_HAL_Driver/Src/stm32f4xx_hal.o
                0x00000000080048d8                HAL_GetTick
 .text.HAL_Delay
                0x00000000080048f0       0x48 ./Drivers/STM32F4xx_HAL_Driver/Src/stm32f4xx_hal.o
                0x00000000080048f0                HAL_Delay
 .text.__NVIC_SetPriorityGrouping
                0x0000000008004938       0x48 ./Drivers/STM32F4xx_HAL_Driver/Src/stm32f4xx_hal_cortex.o
 .text.__NVIC_GetPriorityGrouping
                0x0000000008004980       0x1c ./Drivers/STM32F4xx_HAL_Driver/Src/stm32f4xx_hal_cortex.o
 .text.__NVIC_EnableIRQ
                0x000000000800499c       0x3c ./Drivers/STM32F4xx_HAL_Driver/Src/stm32f4xx_hal_cortex.o
 .text.__NVIC_SetPriority
                0x00000000080049d8       0x54 ./Drivers/STM32F4xx_HAL_Driver/Src/stm32f4xx_hal_cortex.o
 .text.NVIC_EncodePriority
                0x0000000008004a2c       0x66 ./Drivers/STM32F4xx_HAL_Driver/Src/stm32f4xx_hal_cortex.o
 *fill*         0x0000000008004a92        0x2 
 .text.SysTick_Config
                0x0000000008004a94       0x44 ./Drivers/STM32F4xx_HAL_Driver/Src/stm32f4xx_hal_cortex.o
 .text.HAL_NVIC_SetPriorityGrouping
                0x0000000008004ad8       0x16 ./Drivers/STM32F4xx_HAL_Driver/Src/stm32f4xx_hal_cortex.o
                0x0000000008004ad8                HAL_NVIC_SetPriorityGrouping
 .text.HAL_NVIC_SetPriority
                0x0000000008004aee       0x38 ./Drivers/STM32F4xx_HAL_Driver/Src/stm32f4xx_hal_cortex.o
                0x0000000008004aee                HAL_NVIC_SetPriority
 .text.HAL_NVIC_EnableIRQ
                0x0000000008004b26       0x1c ./Drivers/STM32F4xx_HAL_Driver/Src/stm32f4xx_hal_cortex.o
                0x0000000008004b26                HAL_NVIC_EnableIRQ
 .text.HAL_SYSTICK_Config
                0x0000000008004b42       0x18 ./Drivers/STM32F4xx_HAL_Driver/Src/stm32f4xx_hal_cortex.o
                0x0000000008004b42                HAL_SYSTICK_Config
 *fill*         0x0000000008004b5a        0x2 
 .text.HAL_GPIO_Init
                0x0000000008004b5c      0x338 ./Drivers/STM32F4xx_HAL_Driver/Src/stm32f4xx_hal_gpio.o
                0x0000000008004b5c                HAL_GPIO_Init
 .text.HAL_GPIO_WritePin
                0x0000000008004e94       0x32 ./Drivers/STM32F4xx_HAL_Driver/Src/stm32f4xx_hal_gpio.o
                0x0000000008004e94                HAL_GPIO_WritePin
 *fill*         0x0000000008004ec6        0x2 
 .text.HAL_I2C_Init
                0x0000000008004ec8      0x288 ./Drivers/STM32F4xx_HAL_Driver/Src/stm32f4xx_hal_i2c.o
                0x0000000008004ec8                HAL_I2C_Init
 .text.HAL_I2C_Mem_Write
                0x0000000008005150      0x1f4 ./Drivers/STM32F4xx_HAL_Driver/Src/stm32f4xx_hal_i2c.o
                0x0000000008005150                HAL_I2C_Mem_Write
 .text.HAL_I2C_Mem_Read
                0x0000000008005344      0x44c ./Drivers/STM32F4xx_HAL_Driver/Src/stm32f4xx_hal_i2c.o
                0x0000000008005344                HAL_I2C_Mem_Read
 .text.HAL_I2C_IsDeviceReady
                0x0000000008005790      0x25c ./Drivers/STM32F4xx_HAL_Driver/Src/stm32f4xx_hal_i2c.o
                0x0000000008005790                HAL_I2C_IsDeviceReady
 .text.I2C_RequestMemoryWrite
                0x00000000080059ec      0x12c ./Drivers/STM32F4xx_HAL_Driver/Src/stm32f4xx_hal_i2c.o
 .text.I2C_RequestMemoryRead
                0x0000000008005b18      0x1d0 ./Drivers/STM32F4xx_HAL_Driver/Src/stm32f4xx_hal_i2c.o
 .text.I2C_WaitOnFlagUntilTimeout
                0x0000000008005ce8       0xae ./Drivers/STM32F4xx_HAL_Driver/Src/stm32f4xx_hal_i2c.o
 .text.I2C_WaitOnMasterAddressFlagUntilTimeout
                0x0000000008005d96       0xfe ./Drivers/STM32F4xx_HAL_Driver/Src/stm32f4xx_hal_i2c.o
 .text.I2C_WaitOnTXEFlagUntilTimeout
                0x0000000008005e94       0x82 ./Drivers/STM32F4xx_HAL_Driver/Src/stm32f4xx_hal_i2c.o
 .text.I2C_WaitOnBTFFlagUntilTimeout
                0x0000000008005f16       0x82 ./Drivers/STM32F4xx_HAL_Driver/Src/stm32f4xx_hal_i2c.o
 .text.I2C_WaitOnRXNEFlagUntilTimeout
                0x0000000008005f98       0xac ./Drivers/STM32F4xx_HAL_Driver/Src/stm32f4xx_hal_i2c.o
 .text.I2C_IsAcknowledgeFailed
                0x0000000008006044       0x5e ./Drivers/STM32F4xx_HAL_Driver/Src/stm32f4xx_hal_i2c.o
 *fill*         0x00000000080060a2        0x2 
 .text.HAL_RCC_OscConfig
                0x00000000080060a4      0x4f0 ./Drivers/STM32F4xx_HAL_Driver/Src/stm32f4xx_hal_rcc.o
                0x00000000080060a4                HAL_RCC_OscConfig
 .text.HAL_RCC_ClockConfig
                0x0000000008006594      0x1cc ./Drivers/STM32F4xx_HAL_Driver/Src/stm32f4xx_hal_rcc.o
                0x0000000008006594                HAL_RCC_ClockConfig
 .text.HAL_RCC_GetSysClockFreq
                0x0000000008006760      0x20c ./Drivers/STM32F4xx_HAL_Driver/Src/stm32f4xx_hal_rcc.o
                0x0000000008006760                HAL_RCC_GetSysClockFreq
 .text.HAL_RCC_GetHCLKFreq
                0x000000000800696c       0x18 ./Drivers/STM32F4xx_HAL_Driver/Src/stm32f4xx_hal_rcc.o
                0x000000000800696c                HAL_RCC_GetHCLKFreq
 .text.HAL_RCC_GetPCLK1Freq
                0x0000000008006984       0x28 ./Drivers/STM32F4xx_HAL_Driver/Src/stm32f4xx_hal_rcc.o
                0x0000000008006984                HAL_RCC_GetPCLK1Freq
 .text.HAL_SPI_Init
                0x00000000080069ac      0x112 ./Drivers/STM32F4xx_HAL_Driver/Src/stm32f4xx_hal_spi.o
                0x00000000080069ac                HAL_SPI_Init
 .text.HAL_SPI_Transmit
                0x0000000008006abe      0x278 ./Drivers/STM32F4xx_HAL_Driver/Src/stm32f4xx_hal_spi.o
                0x0000000008006abe                HAL_SPI_Transmit
 .text.HAL_SPI_Receive
                0x0000000008006d36      0x222 ./Drivers/STM32F4xx_HAL_Driver/Src/stm32f4xx_hal_spi.o
                0x0000000008006d36                HAL_SPI_Receive
 .text.HAL_SPI_TransmitReceive
                0x0000000008006f58      0x344 ./Drivers/STM32F4xx_HAL_Driver/Src/stm32f4xx_hal_spi.o
                0x0000000008006f58                HAL_SPI_TransmitReceive
 .text.SPI_WaitFlagStateUntilTimeout
                0x000000000800729c      0x110 ./Drivers/STM32F4xx_HAL_Driver/Src/stm32f4xx_hal_spi.o
 .text.SPI_EndRxTransaction
                0x00000000080073ac       0xca ./Drivers/STM32F4xx_HAL_Driver/Src/stm32f4xx_hal_spi.o
 *fill*         0x0000000008007476        0x2 
 .text.SPI_EndRxTxTransaction
                0x0000000008007478       0x84 ./Drivers/STM32F4xx_HAL_Driver/Src/stm32f4xx_hal_spi.o
 .text.HAL_SRAM_Init
                0x00000000080074fc       0x88 ./Drivers/STM32F4xx_HAL_Driver/Src/stm32f4xx_hal_sram.o
                0x00000000080074fc                HAL_SRAM_Init
 .text.HAL_TIM_Base_Init
                0x0000000008007584       0x9e ./Drivers/STM32F4xx_HAL_Driver/Src/stm32f4xx_hal_tim.o
                0x0000000008007584                HAL_TIM_Base_Init
 *fill*         0x0000000008007622        0x2 
 .text.HAL_TIM_Base_Start_IT
                0x0000000008007624       0xe0 ./Drivers/STM32F4xx_HAL_Driver/Src/stm32f4xx_hal_tim.o
                0x0000000008007624                HAL_TIM_Base_Start_IT
 .text.HAL_TIM_IRQHandler
                0x0000000008007704      0x210 ./Drivers/STM32F4xx_HAL_Driver/Src/stm32f4xx_hal_tim.o
                0x0000000008007704                HAL_TIM_IRQHandler
 .text.HAL_TIM_ConfigClockSource
                0x0000000008007914      0x18e ./Drivers/STM32F4xx_HAL_Driver/Src/stm32f4xx_hal_tim.o
                0x0000000008007914                HAL_TIM_ConfigClockSource
 .text.HAL_TIM_OC_DelayElapsedCallback
                0x0000000008007aa2       0x14 ./Drivers/STM32F4xx_HAL_Driver/Src/stm32f4xx_hal_tim.o
                0x0000000008007aa2                HAL_TIM_OC_DelayElapsedCallback
 .text.HAL_TIM_IC_CaptureCallback
                0x0000000008007ab6       0x14 ./Drivers/STM32F4xx_HAL_Driver/Src/stm32f4xx_hal_tim.o
                0x0000000008007ab6                HAL_TIM_IC_CaptureCallback
 .text.HAL_TIM_PWM_PulseFinishedCallback
                0x0000000008007aca       0x14 ./Drivers/STM32F4xx_HAL_Driver/Src/stm32f4xx_hal_tim.o
                0x0000000008007aca                HAL_TIM_PWM_PulseFinishedCallback
 .text.HAL_TIM_TriggerCallback
                0x0000000008007ade       0x14 ./Drivers/STM32F4xx_HAL_Driver/Src/stm32f4xx_hal_tim.o
                0x0000000008007ade                HAL_TIM_TriggerCallback
 *fill*         0x0000000008007af2        0x2 
 .text.TIM_Base_SetConfig
                0x0000000008007af4      0x140 ./Drivers/STM32F4xx_HAL_Driver/Src/stm32f4xx_hal_tim.o
                0x0000000008007af4                TIM_Base_SetConfig
 .text.TIM_TI1_ConfigInputStage
                0x0000000008007c34       0x5e ./Drivers/STM32F4xx_HAL_Driver/Src/stm32f4xx_hal_tim.o
 .text.TIM_TI2_ConfigInputStage
                0x0000000008007c92       0x60 ./Drivers/STM32F4xx_HAL_Driver/Src/stm32f4xx_hal_tim.o
 .text.TIM_ITRx_SetConfig
                0x0000000008007cf2       0x36 ./Drivers/STM32F4xx_HAL_Driver/Src/stm32f4xx_hal_tim.o
 .text.TIM_ETR_SetConfig
                0x0000000008007d28       0x40 ./Drivers/STM32F4xx_HAL_Driver/Src/stm32f4xx_hal_tim.o
                0x0000000008007d28                TIM_ETR_SetConfig
 .text.HAL_TIMEx_MasterConfigSynchronization
                0x0000000008007d68       0xf8 ./Drivers/STM32F4xx_HAL_Driver/Src/stm32f4xx_hal_tim_ex.o
                0x0000000008007d68                HAL_TIMEx_MasterConfigSynchronization
 .text.HAL_TIMEx_CommutCallback
                0x0000000008007e60       0x14 ./Drivers/STM32F4xx_HAL_Driver/Src/stm32f4xx_hal_tim_ex.o
                0x0000000008007e60                HAL_TIMEx_CommutCallback
 .text.HAL_TIMEx_BreakCallback
                0x0000000008007e74       0x14 ./Drivers/STM32F4xx_HAL_Driver/Src/stm32f4xx_hal_tim_ex.o
                0x0000000008007e74                HAL_TIMEx_BreakCallback
 .text.FSMC_NORSRAM_Init
                0x0000000008007e88       0xa4 ./Drivers/STM32F4xx_HAL_Driver/Src/stm32f4xx_ll_fsmc.o
                0x0000000008007e88                FSMC_NORSRAM_Init
 .text.FSMC_NORSRAM_Timing_Init
                0x0000000008007f2c       0x7a ./Drivers/STM32F4xx_HAL_Driver/Src/stm32f4xx_ll_fsmc.o
                0x0000000008007f2c                FSMC_NORSRAM_Timing_Init
 *fill*         0x0000000008007fa6        0x2 
 .text.FSMC_NORSRAM_Extended_Timing_Init
                0x0000000008007fa8       0x80 ./Drivers/STM32F4xx_HAL_Driver/Src/stm32f4xx_ll_fsmc.o
                0x0000000008007fa8                FSMC_NORSRAM_Extended_Timing_Init
 .text.memset   0x0000000008008028       0x10 C:/STM32CubeIDE_1.14.0/STM32CubeIDE/plugins/com.st.stm32cube.ide.mcu.externaltools.gnu-tools-for-stm32.11.3.rel1.win32_1.1.100.202309141235/tools/bin/../lib/gcc/arm-none-eabi/11.3.1/../../../../arm-none-eabi/lib/thumb/v7e-m+fp/hard\libc_nano.a(libc_a-memset.o)
                0x0000000008008028                memset
 .text.__libc_init_array
                0x0000000008008038       0x48 C:/STM32CubeIDE_1.14.0/STM32CubeIDE/plugins/com.st.stm32cube.ide.mcu.externaltools.gnu-tools-for-stm32.11.3.rel1.win32_1.1.100.202309141235/tools/bin/../lib/gcc/arm-none-eabi/11.3.1/../../../../arm-none-eabi/lib/thumb/v7e-m+fp/hard\libc_nano.a(libc_a-init.o)
                0x0000000008008038                __libc_init_array
 *(.glue_7)
 .glue_7        0x0000000008008080        0x0 linker stubs
 *(.glue_7t)
 .glue_7t       0x0000000008008080        0x0 linker stubs
 *(.eh_frame)
 .eh_frame      0x0000000008008080        0x0 C:/STM32CubeIDE_1.14.0/STM32CubeIDE/plugins/com.st.stm32cube.ide.mcu.externaltools.gnu-tools-for-stm32.11.3.rel1.win32_1.1.100.202309141235/tools/bin/../lib/gcc/arm-none-eabi/11.3.1/thumb/v7e-m+fp/hard/crtbegin.o
 *(.init)
 .init          0x0000000008008080        0x4 C:/STM32CubeIDE_1.14.0/STM32CubeIDE/plugins/com.st.stm32cube.ide.mcu.externaltools.gnu-tools-for-stm32.11.3.rel1.win32_1.1.100.202309141235/tools/bin/../lib/gcc/arm-none-eabi/11.3.1/thumb/v7e-m+fp/hard/crti.o
                0x0000000008008080                _init
 .init          0x0000000008008084        0x8 C:/STM32CubeIDE_1.14.0/STM32CubeIDE/plugins/com.st.stm32cube.ide.mcu.externaltools.gnu-tools-for-stm32.11.3.rel1.win32_1.1.100.202309141235/tools/bin/../lib/gcc/arm-none-eabi/11.3.1/thumb/v7e-m+fp/hard/crtn.o
 *(.fini)
 .fini          0x000000000800808c        0x4 C:/STM32CubeIDE_1.14.0/STM32CubeIDE/plugins/com.st.stm32cube.ide.mcu.externaltools.gnu-tools-for-stm32.11.3.rel1.win32_1.1.100.202309141235/tools/bin/../lib/gcc/arm-none-eabi/11.3.1/thumb/v7e-m+fp/hard/crti.o
                0x000000000800808c                _fini
 .fini          0x0000000008008090        0x8 C:/STM32CubeIDE_1.14.0/STM32CubeIDE/plugins/com.st.stm32cube.ide.mcu.externaltools.gnu-tools-for-stm32.11.3.rel1.win32_1.1.100.202309141235/tools/bin/../lib/gcc/arm-none-eabi/11.3.1/thumb/v7e-m+fp/hard/crtn.o
                0x0000000008008098                . = ALIGN (0x4)
                0x0000000008008098                _etext = .

.vfp11_veneer   0x0000000008008098        0x0
 .vfp11_veneer  0x0000000008008098        0x0 linker stubs

.v4_bx          0x0000000008008098        0x0
 .v4_bx         0x0000000008008098        0x0 linker stubs

.iplt           0x0000000008008098        0x0
 .iplt          0x0000000008008098        0x0 C:/STM32CubeIDE_1.14.0/STM32CubeIDE/plugins/com.st.stm32cube.ide.mcu.externaltools.gnu-tools-for-stm32.11.3.rel1.win32_1.1.100.202309141235/tools/bin/../lib/gcc/arm-none-eabi/11.3.1/thumb/v7e-m+fp/hard/crtbegin.o

.rodata         0x0000000008008098     0x3048
                0x0000000008008098                . = ALIGN (0x4)
 *(.rodata)
 .rodata        0x0000000008008098       0xb0 ./Core/Src/main.o
 *(.rodata*)
 .rodata.ascii_1608
                0x0000000008008148      0x5f0 ./Core/Src/lcd.o
                0x0000000008008148                ascii_1608
 .rodata.ascii_2412
                0x0000000008008738     0x11d0 ./Core/Src/lcd.o
                0x0000000008008738                ascii_2412
 .rodata.ascii_3216
                0x0000000008009908     0x17c0 ./Core/Src/lcd.o
                0x0000000008009908                ascii_3216
 .rodata.AHBPrescTable
                0x000000000800b0c8       0x10 ./Core/Src/system_stm32f4xx.o
                0x000000000800b0c8                AHBPrescTable
 .rodata.APBPrescTable
                0x000000000800b0d8        0x8 ./Core/Src/system_stm32f4xx.o
                0x000000000800b0d8                APBPrescTable
                0x000000000800b0e0                . = ALIGN (0x4)

.ARM.extab      0x000000000800b0e0        0x0
                0x000000000800b0e0                . = ALIGN (0x4)
 *(.ARM.extab* .gnu.linkonce.armextab.*)
                0x000000000800b0e0                . = ALIGN (0x4)

.ARM            0x000000000800b0e0        0x8
                0x000000000800b0e0                . = ALIGN (0x4)
                0x000000000800b0e0                __exidx_start = .
 *(.ARM.exidx*)
 .ARM.exidx     0x000000000800b0e0        0x8 C:/STM32CubeIDE_1.14.0/STM32CubeIDE/plugins/com.st.stm32cube.ide.mcu.externaltools.gnu-tools-for-stm32.11.3.rel1.win32_1.1.100.202309141235/tools/bin/../lib/gcc/arm-none-eabi/11.3.1/thumb/v7e-m+fp/hard\libgcc.a(_udivmoddi4.o)
                0x000000000800b0e8                __exidx_end = .
                0x000000000800b0e8                . = ALIGN (0x4)

.rel.dyn        0x000000000800b0e8        0x0
 .rel.iplt      0x000000000800b0e8        0x0 C:/STM32CubeIDE_1.14.0/STM32CubeIDE/plugins/com.st.stm32cube.ide.mcu.externaltools.gnu-tools-for-stm32.11.3.rel1.win32_1.1.100.202309141235/tools/bin/../lib/gcc/arm-none-eabi/11.3.1/thumb/v7e-m+fp/hard/crtbegin.o

.preinit_array  0x000000000800b0e8        0x0
                0x000000000800b0e8                . = ALIGN (0x4)
                0x000000000800b0e8                PROVIDE (__preinit_array_start = .)
 *(.preinit_array*)
                0x000000000800b0e8                PROVIDE (__preinit_array_end = .)
                0x000000000800b0e8                . = ALIGN (0x4)

.init_array     0x000000000800b0e8        0x4
                0x000000000800b0e8                . = ALIGN (0x4)
                0x000000000800b0e8                PROVIDE (__init_array_start = .)
 *(SORT_BY_NAME(.init_array.*))
 *(.init_array*)
 .init_array    0x000000000800b0e8        0x4 C:/STM32CubeIDE_1.14.0/STM32CubeIDE/plugins/com.st.stm32cube.ide.mcu.externaltools.gnu-tools-for-stm32.11.3.rel1.win32_1.1.100.202309141235/tools/bin/../lib/gcc/arm-none-eabi/11.3.1/thumb/v7e-m+fp/hard/crtbegin.o
                0x000000000800b0ec                PROVIDE (__init_array_end = .)
                0x000000000800b0ec                . = ALIGN (0x4)

.fini_array     0x000000000800b0ec        0x4
                0x000000000800b0ec                . = ALIGN (0x4)
                [!provide]                        PROVIDE (__fini_array_start = .)
 *(SORT_BY_NAME(.fini_array.*))
 *(.fini_array*)
 .fini_array    0x000000000800b0ec        0x4 C:/STM32CubeIDE_1.14.0/STM32CubeIDE/plugins/com.st.stm32cube.ide.mcu.externaltools.gnu-tools-for-stm32.11.3.rel1.win32_1.1.100.202309141235/tools/bin/../lib/gcc/arm-none-eabi/11.3.1/thumb/v7e-m+fp/hard/crtbegin.o
                [!provide]                        PROVIDE (__fini_array_end = .)
                0x000000000800b0f0                . = ALIGN (0x4)
                0x000000000800b0f0                _sidata = LOADADDR (.data)

.data           0x0000000020000000       0x14 load address 0x000000000800b0f0
                0x0000000020000000                . = ALIGN (0x4)
                0x0000000020000000                _sdata = .
 *(.data)
 *(.data*)
 .data.led_7seg
                0x0000000020000000        0x4 ./Core/Src/led_7seg.o
 .data.spi_buffer
                0x0000000020000004        0x2 ./Core/Src/led_7seg.o
 *fill*         0x0000000020000006        0x2 
 .data.SystemCoreClock
                0x0000000020000008        0x4 ./Core/Src/system_stm32f4xx.o
                0x0000000020000008                SystemCoreClock
 .data.uwTickPrio
                0x000000002000000c        0x4 ./Drivers/STM32F4xx_HAL_Driver/Src/stm32f4xx_hal.o
                0x000000002000000c                uwTickPrio
 .data.uwTickFreq
                0x0000000020000010        0x1 ./Drivers/STM32F4xx_HAL_Driver/Src/stm32f4xx_hal.o
                0x0000000020000010                uwTickFreq
 *(.RamFunc)
 *(.RamFunc*)
                0x0000000020000014                . = ALIGN (0x4)
 *fill*         0x0000000020000011        0x3 
                0x0000000020000014                _edata = .
                0x000000000800b104                _siccmram = LOADADDR (.ccmram)

.igot.plt       0x0000000020000014        0x0 load address 0x000000000800b104
 .igot.plt      0x0000000020000014        0x0 C:/STM32CubeIDE_1.14.0/STM32CubeIDE/plugins/com.st.stm32cube.ide.mcu.externaltools.gnu-tools-for-stm32.11.3.rel1.win32_1.1.100.202309141235/tools/bin/../lib/gcc/arm-none-eabi/11.3.1/thumb/v7e-m+fp/hard/crtbegin.o

.ccmram         0x0000000010000000        0x0 load address 0x000000000800b104
                0x0000000010000000                . = ALIGN (0x4)
                0x0000000010000000                _sccmram = .
 *(.ccmram)
 *(.ccmram*)
                0x0000000010000000                . = ALIGN (0x4)
                0x0000000010000000                _eccmram = .
                0x0000000010000000                . = ALIGN (0x4)

.bss            0x0000000020000014      0x258
                0x0000000020000014                _sbss = .
                0x0000000020000014                __bss_start__ = _sbss
 *(.bss)
 .bss           0x0000000020000014       0x1c C:/STM32CubeIDE_1.14.0/STM32CubeIDE/plugins/com.st.stm32cube.ide.mcu.externaltools.gnu-tools-for-stm32.11.3.rel1.win32_1.1.100.202309141235/tools/bin/../lib/gcc/arm-none-eabi/11.3.1/thumb/v7e-m+fp/hard/crtbegin.o
 *(.bss*)
 .bss.button_count
                0x0000000020000030       0x20 ./Core/Src/button.o
                0x0000000020000030                button_count
 .bss.button_spi_buffer
                0x0000000020000050        0x2 ./Core/Src/button.o
 *fill*         0x0000000020000052        0x2 
 .bss.ds3231_buffer
                0x0000000020000054        0x7 ./Core/Src/ds3231.o
                0x0000000020000054                ds3231_buffer
 .bss.ds3231_hours
                0x000000002000005b        0x1 ./Core/Src/ds3231.o
                0x000000002000005b                ds3231_hours
 .bss.ds3231_min
                0x000000002000005c        0x1 ./Core/Src/ds3231.o
                0x000000002000005c                ds3231_min
 .bss.ds3231_sec
                0x000000002000005d        0x1 ./Core/Src/ds3231.o
                0x000000002000005d                ds3231_sec
 .bss.ds3231_date
                0x000000002000005e        0x1 ./Core/Src/ds3231.o
                0x000000002000005e                ds3231_date
 .bss.ds3231_day
                0x000000002000005f        0x1 ./Core/Src/ds3231.o
                0x000000002000005f                ds3231_day
 .bss.ds3231_month
                0x0000000020000060        0x1 ./Core/Src/ds3231.o
                0x0000000020000060                ds3231_month
 .bss.ds3231_year
                0x0000000020000061        0x1 ./Core/Src/ds3231.o
                0x0000000020000061                ds3231_year
 *fill*         0x0000000020000062        0x2 
 .bss.hsram1    0x0000000020000064       0x50 ./Core/Src/fsmc.o
                0x0000000020000064                hsram1
 .bss.FSMC_Initialized
                0x00000000200000b4        0x4 ./Core/Src/fsmc.o
 .bss.hi2c1     0x00000000200000b8       0x54 ./Core/Src/i2c.o
                0x00000000200000b8                hi2c1
 .bss.lcddev    0x000000002000010c        0x6 ./Core/Src/lcd.o
                0x000000002000010c                lcddev
 .bss.led_7seg_index
                0x0000000020000112        0x2 ./Core/Src/led_7seg.o
 .bss.statusSetupTime
                0x0000000020000114        0x4 ./Core/Src/main.o
                0x0000000020000114                statusSetupTime
 .bss.timeBlink
                0x0000000020000118        0x4 ./Core/Src/main.o
                0x0000000020000118                timeBlink
 .bss.sec_tmp   0x000000002000011c        0x4 ./Core/Src/main.o
                0x000000002000011c                sec_tmp
 .bss.hour_tmp  0x0000000020000120        0x4 ./Core/Src/main.o
                0x0000000020000120                hour_tmp
 .bss.minute_tmp
                0x0000000020000124        0x4 ./Core/Src/main.o
                0x0000000020000124                minute_tmp
 .bss.date_tmp  0x0000000020000128        0x4 ./Core/Src/main.o
                0x0000000020000128                date_tmp
 .bss.day_tmp   0x000000002000012c        0x4 ./Core/Src/main.o
                0x000000002000012c                day_tmp
 .bss.month_tmp
                0x0000000020000130        0x4 ./Core/Src/main.o
                0x0000000020000130                month_tmp
 .bss.year_tmp  0x0000000020000134        0x4 ./Core/Src/main.o
                0x0000000020000134                year_tmp
 .bss.sec_timer
                0x0000000020000138        0x4 ./Core/Src/main.o
                0x0000000020000138                sec_timer
 .bss.hour_timer
                0x000000002000013c        0x4 ./Core/Src/main.o
                0x000000002000013c                hour_timer
 .bss.min_timer
                0x0000000020000140        0x4 ./Core/Src/main.o
                0x0000000020000140                min_timer
 .bss.date_timer
                0x0000000020000144        0x4 ./Core/Src/main.o
                0x0000000020000144                date_timer
 .bss.day_timer
                0x0000000020000148        0x4 ./Core/Src/main.o
                0x0000000020000148                day_timer
 .bss.month_timer
                0x000000002000014c        0x4 ./Core/Src/main.o
                0x000000002000014c                month_timer
 .bss.year_timer
                0x0000000020000150        0x4 ./Core/Src/main.o
                0x0000000020000150                year_timer
 .bss.sec_flg   0x0000000020000154        0x4 ./Core/Src/main.o
                0x0000000020000154                sec_flg
 .bss.hour_flg  0x0000000020000158        0x4 ./Core/Src/main.o
                0x0000000020000158                hour_flg
 .bss.min_flg   0x000000002000015c        0x4 ./Core/Src/main.o
                0x000000002000015c                min_flg
 .bss.date_flg  0x0000000020000160        0x4 ./Core/Src/main.o
                0x0000000020000160                date_flg
 .bss.day_flg   0x0000000020000164        0x4 ./Core/Src/main.o
                0x0000000020000164                day_flg
 .bss.month_flg
                0x0000000020000168        0x4 ./Core/Src/main.o
                0x0000000020000168                month_flg
 .bss.year_flg  0x000000002000016c        0x4 ./Core/Src/main.o
                0x000000002000016c                year_flg
 .bss.isSchedule
                0x0000000020000170        0x4 ./Core/Src/main.o
                0x0000000020000170                isSchedule
 .bss.timer2_flag
                0x0000000020000174        0x1 ./Core/Src/software_timer.o
                0x0000000020000174                timer2_flag
 *fill*         0x0000000020000175        0x1 
 .bss.timer2_counter
                0x0000000020000176        0x2 ./Core/Src/software_timer.o
                0x0000000020000176                timer2_counter
 .bss.timer2_mul
                0x0000000020000178        0x2 ./Core/Src/software_timer.o
                0x0000000020000178                timer2_mul
 .bss.timer4_flag
                0x000000002000017a        0x1 ./Core/Src/software_timer.o
                0x000000002000017a                timer4_flag
 *fill*         0x000000002000017b        0x1 
 .bss.timer4_counter
                0x000000002000017c        0x2 ./Core/Src/software_timer.o
                0x000000002000017c                timer4_counter
 .bss.timer4_mul
                0x000000002000017e        0x2 ./Core/Src/software_timer.o
                0x000000002000017e                timer4_mul
 .bss.hspi1     0x0000000020000180       0x58 ./Core/Src/spi.o
                0x0000000020000180                hspi1
 .bss.htim2     0x00000000200001d8       0x48 ./Core/Src/tim.o
                0x00000000200001d8                htim2
 .bss.htim4     0x0000000020000220       0x48 ./Core/Src/tim.o
                0x0000000020000220                htim4
 .bss.uwTick    0x0000000020000268        0x4 ./Drivers/STM32F4xx_HAL_Driver/Src/stm32f4xx_hal.o
                0x0000000020000268                uwTick
 *(COMMON)
                0x000000002000026c                . = ALIGN (0x4)
                0x000000002000026c                _ebss = .
                0x000000002000026c                __bss_end__ = _ebss

._user_heap_stack
                0x000000002000026c      0x604
                0x0000000020000270                . = ALIGN (0x8)
 *fill*         0x000000002000026c        0x4 
                [!provide]                        PROVIDE (end = .)
                0x0000000020000270                PROVIDE (_end = .)
                0x0000000020000470                . = (. + _Min_Heap_Size)
 *fill*         0x0000000020000270      0x200 
                0x0000000020000870                . = (. + _Min_Stack_Size)
 *fill*         0x0000000020000470      0x400 
                0x0000000020000870                . = ALIGN (0x8)

/DISCARD/
 libc.a(*)
 libm.a(*)
 libgcc.a(*)

.ARM.attributes
                0x0000000000000000       0x30
 *(.ARM.attributes)
 .ARM.attributes
                0x0000000000000000       0x1e C:/STM32CubeIDE_1.14.0/STM32CubeIDE/plugins/com.st.stm32cube.ide.mcu.externaltools.gnu-tools-for-stm32.11.3.rel1.win32_1.1.100.202309141235/tools/bin/../lib/gcc/arm-none-eabi/11.3.1/thumb/v7e-m+fp/hard/crti.o
 .ARM.attributes
                0x000000000000001e       0x34 C:/STM32CubeIDE_1.14.0/STM32CubeIDE/plugins/com.st.stm32cube.ide.mcu.externaltools.gnu-tools-for-stm32.11.3.rel1.win32_1.1.100.202309141235/tools/bin/../lib/gcc/arm-none-eabi/11.3.1/thumb/v7e-m+fp/hard/crtbegin.o
 .ARM.attributes
                0x0000000000000052       0x34 ./Core/Src/button.o
 .ARM.attributes
                0x0000000000000086       0x34 ./Core/Src/ds3231.o
 .ARM.attributes
                0x00000000000000ba       0x34 ./Core/Src/fsmc.o
 .ARM.attributes
                0x00000000000000ee       0x34 ./Core/Src/gpio.o
 .ARM.attributes
                0x0000000000000122       0x34 ./Core/Src/i2c.o
 .ARM.attributes
                0x0000000000000156       0x34 ./Core/Src/lcd.o
 .ARM.attributes
                0x000000000000018a       0x34 ./Core/Src/led_7seg.o
 .ARM.attributes
                0x00000000000001be       0x34 ./Core/Src/main.o
 .ARM.attributes
                0x00000000000001f2       0x34 ./Core/Src/software_timer.o
 .ARM.attributes
                0x0000000000000226       0x34 ./Core/Src/spi.o
 .ARM.attributes
                0x000000000000025a       0x34 ./Core/Src/stm32f4xx_hal_msp.o
 .ARM.attributes
                0x000000000000028e       0x34 ./Core/Src/stm32f4xx_it.o
 .ARM.attributes
                0x00000000000002c2       0x34 ./Core/Src/system_stm32f4xx.o
 .ARM.attributes
                0x00000000000002f6       0x34 ./Core/Src/tim.o
 .ARM.attributes
                0x000000000000032a       0x34 ./Core/Src/utils.o
 .ARM.attributes
                0x000000000000035e       0x21 ./Core/Startup/startup_stm32f407zetx.o
 .ARM.attributes
                0x000000000000037f       0x34 ./Drivers/STM32F4xx_HAL_Driver/Src/stm32f4xx_hal.o
 .ARM.attributes
                0x00000000000003b3       0x34 ./Drivers/STM32F4xx_HAL_Driver/Src/stm32f4xx_hal_cortex.o
 .ARM.attributes
                0x00000000000003e7       0x34 ./Drivers/STM32F4xx_HAL_Driver/Src/stm32f4xx_hal_gpio.o
 .ARM.attributes
                0x000000000000041b       0x34 ./Drivers/STM32F4xx_HAL_Driver/Src/stm32f4xx_hal_i2c.o
 .ARM.attributes
                0x000000000000044f       0x34 ./Drivers/STM32F4xx_HAL_Driver/Src/stm32f4xx_hal_rcc.o
 .ARM.attributes
                0x0000000000000483       0x34 ./Drivers/STM32F4xx_HAL_Driver/Src/stm32f4xx_hal_spi.o
 .ARM.attributes
                0x00000000000004b7       0x34 ./Drivers/STM32F4xx_HAL_Driver/Src/stm32f4xx_hal_sram.o
 .ARM.attributes
                0x00000000000004eb       0x34 ./Drivers/STM32F4xx_HAL_Driver/Src/stm32f4xx_hal_tim.o
 .ARM.attributes
                0x000000000000051f       0x34 ./Drivers/STM32F4xx_HAL_Driver/Src/stm32f4xx_hal_tim_ex.o
 .ARM.attributes
                0x0000000000000553       0x34 ./Drivers/STM32F4xx_HAL_Driver/Src/stm32f4xx_ll_fsmc.o
 .ARM.attributes
                0x0000000000000587       0x34 C:/STM32CubeIDE_1.14.0/STM32CubeIDE/plugins/com.st.stm32cube.ide.mcu.externaltools.gnu-tools-for-stm32.11.3.rel1.win32_1.1.100.202309141235/tools/bin/../lib/gcc/arm-none-eabi/11.3.1/../../../../arm-none-eabi/lib/thumb/v7e-m+fp/hard\libc_nano.a(libc_a-memset.o)
 .ARM.attributes
                0x00000000000005bb       0x34 C:/STM32CubeIDE_1.14.0/STM32CubeIDE/plugins/com.st.stm32cube.ide.mcu.externaltools.gnu-tools-for-stm32.11.3.rel1.win32_1.1.100.202309141235/tools/bin/../lib/gcc/arm-none-eabi/11.3.1/../../../../arm-none-eabi/lib/thumb/v7e-m+fp/hard\libc_nano.a(libc_a-init.o)
 .ARM.attributes
                0x00000000000005ef       0x17 C:/STM32CubeIDE_1.14.0/STM32CubeIDE/plugins/com.st.stm32cube.ide.mcu.externaltools.gnu-tools-for-stm32.11.3.rel1.win32_1.1.100.202309141235/tools/bin/../lib/gcc/arm-none-eabi/11.3.1/../../../../arm-none-eabi/lib/thumb/v7e-m+fp/hard\libc_nano.a(libc_a-strlen.o)
 .ARM.attributes
                0x0000000000000606       0x1e C:/STM32CubeIDE_1.14.0/STM32CubeIDE/plugins/com.st.stm32cube.ide.mcu.externaltools.gnu-tools-for-stm32.11.3.rel1.win32_1.1.100.202309141235/tools/bin/../lib/gcc/arm-none-eabi/11.3.1/thumb/v7e-m+fp/hard\libgcc.a(_aeabi_uldivmod.o)
 .ARM.attributes
                0x0000000000000624       0x34 C:/STM32CubeIDE_1.14.0/STM32CubeIDE/plugins/com.st.stm32cube.ide.mcu.externaltools.gnu-tools-for-stm32.11.3.rel1.win32_1.1.100.202309141235/tools/bin/../lib/gcc/arm-none-eabi/11.3.1/thumb/v7e-m+fp/hard\libgcc.a(_udivmoddi4.o)
 .ARM.attributes
                0x0000000000000658       0x1e C:/STM32CubeIDE_1.14.0/STM32CubeIDE/plugins/com.st.stm32cube.ide.mcu.externaltools.gnu-tools-for-stm32.11.3.rel1.win32_1.1.100.202309141235/tools/bin/../lib/gcc/arm-none-eabi/11.3.1/thumb/v7e-m+fp/hard\libgcc.a(_dvmd_tls.o)
 .ARM.attributes
                0x0000000000000676       0x1e C:/STM32CubeIDE_1.14.0/STM32CubeIDE/plugins/com.st.stm32cube.ide.mcu.externaltools.gnu-tools-for-stm32.11.3.rel1.win32_1.1.100.202309141235/tools/bin/../lib/gcc/arm-none-eabi/11.3.1/thumb/v7e-m+fp/hard/crtn.o
OUTPUT(Lab6_I2C_RealTimeClock_1.elf elf32-littlearm)
LOAD linker stubs
LOAD C:/STM32CubeIDE_1.14.0/STM32CubeIDE/plugins/com.st.stm32cube.ide.mcu.externaltools.gnu-tools-for-stm32.11.3.rel1.win32_1.1.100.202309141235/tools/bin/../lib/gcc/arm-none-eabi/11.3.1/../../../../arm-none-eabi/lib/thumb/v7e-m+fp/hard\libc.a
LOAD C:/STM32CubeIDE_1.14.0/STM32CubeIDE/plugins/com.st.stm32cube.ide.mcu.externaltools.gnu-tools-for-stm32.11.3.rel1.win32_1.1.100.202309141235/tools/bin/../lib/gcc/arm-none-eabi/11.3.1/../../../../arm-none-eabi/lib/thumb/v7e-m+fp/hard\libm.a
LOAD C:/STM32CubeIDE_1.14.0/STM32CubeIDE/plugins/com.st.stm32cube.ide.mcu.externaltools.gnu-tools-for-stm32.11.3.rel1.win32_1.1.100.202309141235/tools/bin/../lib/gcc/arm-none-eabi/11.3.1/thumb/v7e-m+fp/hard\libgcc.a

.comment        0x0000000000000000       0x43
 .comment       0x0000000000000000       0x43 C:/STM32CubeIDE_1.14.0/STM32CubeIDE/plugins/com.st.stm32cube.ide.mcu.externaltools.gnu-tools-for-stm32.11.3.rel1.win32_1.1.100.202309141235/tools/bin/../lib/gcc/arm-none-eabi/11.3.1/thumb/v7e-m+fp/hard/crtbegin.o
                                         0x44 (size before relaxing)
 .comment       0x0000000000000043       0x44 ./Core/Src/button.o
 .comment       0x0000000000000043       0x44 ./Core/Src/ds3231.o
 .comment       0x0000000000000043       0x44 ./Core/Src/fsmc.o
 .comment       0x0000000000000043       0x44 ./Core/Src/gpio.o
 .comment       0x0000000000000043       0x44 ./Core/Src/i2c.o
 .comment       0x0000000000000043       0x44 ./Core/Src/lcd.o
 .comment       0x0000000000000043       0x44 ./Core/Src/led_7seg.o
 .comment       0x0000000000000043       0x44 ./Core/Src/main.o
 .comment       0x0000000000000043       0x44 ./Core/Src/software_timer.o
 .comment       0x0000000000000043       0x44 ./Core/Src/spi.o
 .comment       0x0000000000000043       0x44 ./Core/Src/stm32f4xx_hal_msp.o
 .comment       0x0000000000000043       0x44 ./Core/Src/stm32f4xx_it.o
 .comment       0x0000000000000043       0x44 ./Core/Src/system_stm32f4xx.o
 .comment       0x0000000000000043       0x44 ./Core/Src/tim.o
 .comment       0x0000000000000043       0x44 ./Core/Src/utils.o
 .comment       0x0000000000000043       0x44 ./Drivers/STM32F4xx_HAL_Driver/Src/stm32f4xx_hal.o
 .comment       0x0000000000000043       0x44 ./Drivers/STM32F4xx_HAL_Driver/Src/stm32f4xx_hal_cortex.o
 .comment       0x0000000000000043       0x44 ./Drivers/STM32F4xx_HAL_Driver/Src/stm32f4xx_hal_gpio.o
 .comment       0x0000000000000043       0x44 ./Drivers/STM32F4xx_HAL_Driver/Src/stm32f4xx_hal_i2c.o
 .comment       0x0000000000000043       0x44 ./Drivers/STM32F4xx_HAL_Driver/Src/stm32f4xx_hal_rcc.o
 .comment       0x0000000000000043       0x44 ./Drivers/STM32F4xx_HAL_Driver/Src/stm32f4xx_hal_spi.o
 .comment       0x0000000000000043       0x44 ./Drivers/STM32F4xx_HAL_Driver/Src/stm32f4xx_hal_sram.o
 .comment       0x0000000000000043       0x44 ./Drivers/STM32F4xx_HAL_Driver/Src/stm32f4xx_hal_tim.o
 .comment       0x0000000000000043       0x44 ./Drivers/STM32F4xx_HAL_Driver/Src/stm32f4xx_hal_tim_ex.o
 .comment       0x0000000000000043       0x44 ./Drivers/STM32F4xx_HAL_Driver/Src/stm32f4xx_ll_fsmc.o

.debug_info     0x0000000000000000    0x12692
 .debug_info    0x0000000000000000      0x76c ./Core/Src/button.o
 .debug_info    0x000000000000076c      0x80b ./Core/Src/ds3231.o
 .debug_info    0x0000000000000f77      0x99a ./Core/Src/fsmc.o
 .debug_info    0x0000000000001911      0x45d ./Core/Src/gpio.o
 .debug_info    0x0000000000001d6e      0x968 ./Core/Src/i2c.o
 .debug_info    0x00000000000026d6      0xc29 ./Core/Src/lcd.o
 .debug_info    0x00000000000032ff      0x803 ./Core/Src/led_7seg.o
 .debug_info    0x0000000000003b02      0xc2d ./Core/Src/main.o
 .debug_info    0x000000000000472f      0x7af ./Core/Src/software_timer.o
 .debug_info    0x0000000000004ede      0x943 ./Core/Src/spi.o
 .debug_info    0x0000000000005821      0x269 ./Core/Src/stm32f4xx_hal_msp.o
 .debug_info    0x0000000000005a8a      0x6f9 ./Core/Src/stm32f4xx_it.o
 .debug_info    0x0000000000006183      0x512 ./Core/Src/system_stm32f4xx.o
 .debug_info    0x0000000000006695      0xc58 ./Core/Src/tim.o
 .debug_info    0x00000000000072ed       0xe3 ./Core/Src/utils.o
 .debug_info    0x00000000000073d0       0x23 ./Core/Startup/startup_stm32f407zetx.o
 .debug_info    0x00000000000073f3      0x948 ./Drivers/STM32F4xx_HAL_Driver/Src/stm32f4xx_hal.o
 .debug_info    0x0000000000007d3b      0xd46 ./Drivers/STM32F4xx_HAL_Driver/Src/stm32f4xx_hal_cortex.o
 .debug_info    0x0000000000008a81      0x6c3 ./Drivers/STM32F4xx_HAL_Driver/Src/stm32f4xx_hal_gpio.o
 .debug_info    0x0000000000009144     0x23e1 ./Drivers/STM32F4xx_HAL_Driver/Src/stm32f4xx_hal_i2c.o
 .debug_info    0x000000000000b525      0x8b1 ./Drivers/STM32F4xx_HAL_Driver/Src/stm32f4xx_hal_rcc.o
 .debug_info    0x000000000000bdd6     0x15fb ./Drivers/STM32F4xx_HAL_Driver/Src/stm32f4xx_hal_spi.o
 .debug_info    0x000000000000d3d1      0xb3e ./Drivers/STM32F4xx_HAL_Driver/Src/stm32f4xx_hal_sram.o
 .debug_info    0x000000000000df0f     0x2949 ./Drivers/STM32F4xx_HAL_Driver/Src/stm32f4xx_hal_tim.o
 .debug_info    0x0000000000010858     0x14ae ./Drivers/STM32F4xx_HAL_Driver/Src/stm32f4xx_hal_tim_ex.o
 .debug_info    0x0000000000011d06      0x98c ./Drivers/STM32F4xx_HAL_Driver/Src/stm32f4xx_ll_fsmc.o

.debug_abbrev   0x0000000000000000     0x32a9
 .debug_abbrev  0x0000000000000000      0x1c8 ./Core/Src/button.o
 .debug_abbrev  0x00000000000001c8      0x1ed ./Core/Src/ds3231.o
 .debug_abbrev  0x00000000000003b5      0x215 ./Core/Src/fsmc.o
 .debug_abbrev  0x00000000000005ca      0x152 ./Core/Src/gpio.o
 .debug_abbrev  0x000000000000071c      0x1f1 ./Core/Src/i2c.o
 .debug_abbrev  0x000000000000090d      0x328 ./Core/Src/lcd.o
 .debug_abbrev  0x0000000000000c35      0x1ca ./Core/Src/led_7seg.o
 .debug_abbrev  0x0000000000000dff      0x308 ./Core/Src/main.o
 .debug_abbrev  0x0000000000001107      0x200 ./Core/Src/software_timer.o
 .debug_abbrev  0x0000000000001307      0x1f3 ./Core/Src/spi.o
 .debug_abbrev  0x00000000000014fa       0xd8 ./Core/Src/stm32f4xx_hal_msp.o
 .debug_abbrev  0x00000000000015d2      0x194 ./Core/Src/stm32f4xx_it.o
 .debug_abbrev  0x0000000000001766      0x11a ./Core/Src/system_stm32f4xx.o
 .debug_abbrev  0x0000000000001880      0x1ff ./Core/Src/tim.o
 .debug_abbrev  0x0000000000001a7f       0x86 ./Core/Src/utils.o
 .debug_abbrev  0x0000000000001b05       0x12 ./Core/Startup/startup_stm32f407zetx.o
 .debug_abbrev  0x0000000000001b17      0x213 ./Drivers/STM32F4xx_HAL_Driver/Src/stm32f4xx_hal.o
 .debug_abbrev  0x0000000000001d2a      0x327 ./Drivers/STM32F4xx_HAL_Driver/Src/stm32f4xx_hal_cortex.o
 .debug_abbrev  0x0000000000002051      0x1d4 ./Drivers/STM32F4xx_HAL_Driver/Src/stm32f4xx_hal_gpio.o
 .debug_abbrev  0x0000000000002225      0x2ad ./Drivers/STM32F4xx_HAL_Driver/Src/stm32f4xx_hal_i2c.o
 .debug_abbrev  0x00000000000024d2      0x2b6 ./Drivers/STM32F4xx_HAL_Driver/Src/stm32f4xx_hal_rcc.o
 .debug_abbrev  0x0000000000002788      0x284 ./Drivers/STM32F4xx_HAL_Driver/Src/stm32f4xx_hal_spi.o
 .debug_abbrev  0x0000000000002a0c      0x208 ./Drivers/STM32F4xx_HAL_Driver/Src/stm32f4xx_hal_sram.o
 .debug_abbrev  0x0000000000002c14      0x271 ./Drivers/STM32F4xx_HAL_Driver/Src/stm32f4xx_hal_tim.o
 .debug_abbrev  0x0000000000002e85      0x27c ./Drivers/STM32F4xx_HAL_Driver/Src/stm32f4xx_hal_tim_ex.o
 .debug_abbrev  0x0000000000003101      0x1a8 ./Drivers/STM32F4xx_HAL_Driver/Src/stm32f4xx_ll_fsmc.o

.debug_aranges  0x0000000000000000     0x1298
 .debug_aranges
                0x0000000000000000       0x28 ./Core/Src/button.o
 .debug_aranges
                0x0000000000000028       0x38 ./Core/Src/ds3231.o
 .debug_aranges
                0x0000000000000060       0x40 ./Core/Src/fsmc.o
 .debug_aranges
                0x00000000000000a0       0x20 ./Core/Src/gpio.o
 .debug_aranges
                0x00000000000000c0       0x30 ./Core/Src/i2c.o
 .debug_aranges
                0x00000000000000f0       0xd8 ./Core/Src/lcd.o
 .debug_aranges
                0x00000000000001c8       0x48 ./Core/Src/led_7seg.o
 .debug_aranges
                0x0000000000000210      0x100 ./Core/Src/main.o
 .debug_aranges
                0x0000000000000310       0x40 ./Core/Src/software_timer.o
 .debug_aranges
                0x0000000000000350       0x30 ./Core/Src/spi.o
 .debug_aranges
                0x0000000000000380       0x20 ./Core/Src/stm32f4xx_hal_msp.o
 .debug_aranges
                0x00000000000003a0       0x70 ./Core/Src/stm32f4xx_it.o
 .debug_aranges
                0x0000000000000410       0x28 ./Core/Src/system_stm32f4xx.o
 .debug_aranges
                0x0000000000000438       0x38 ./Core/Src/tim.o
 .debug_aranges
                0x0000000000000470       0x28 ./Core/Src/utils.o
 .debug_aranges
                0x0000000000000498       0x28 ./Core/Startup/startup_stm32f407zetx.o
 .debug_aranges
                0x00000000000004c0       0xf0 ./Drivers/STM32F4xx_HAL_Driver/Src/stm32f4xx_hal.o
 .debug_aranges
                0x00000000000005b0      0x118 ./Drivers/STM32F4xx_HAL_Driver/Src/stm32f4xx_hal_cortex.o
 .debug_aranges
                0x00000000000006c8       0x58 ./Drivers/STM32F4xx_HAL_Driver/Src/stm32f4xx_hal_gpio.o
 .debug_aranges
                0x0000000000000720      0x2a0 ./Drivers/STM32F4xx_HAL_Driver/Src/stm32f4xx_hal_i2c.o
 .debug_aranges
                0x00000000000009c0       0x88 ./Drivers/STM32F4xx_HAL_Driver/Src/stm32f4xx_hal_rcc.o
 .debug_aranges
                0x0000000000000a48      0x1d0 ./Drivers/STM32F4xx_HAL_Driver/Src/stm32f4xx_hal_spi.o
 .debug_aranges
                0x0000000000000c18       0xa0 ./Drivers/STM32F4xx_HAL_Driver/Src/stm32f4xx_hal_sram.o
 .debug_aranges
                0x0000000000000cb8      0x3d0 ./Drivers/STM32F4xx_HAL_Driver/Src/stm32f4xx_hal_tim.o
 .debug_aranges
                0x0000000000001088      0x168 ./Drivers/STM32F4xx_HAL_Driver/Src/stm32f4xx_hal_tim_ex.o
 .debug_aranges
                0x00000000000011f0       0xa8 ./Drivers/STM32F4xx_HAL_Driver/Src/stm32f4xx_ll_fsmc.o

.debug_rnglists
                0x0000000000000000      0xe6d
 .debug_rnglists
                0x0000000000000000       0x1a ./Core/Src/button.o
 .debug_rnglists
                0x000000000000001a       0x27 ./Core/Src/ds3231.o
 .debug_rnglists
                0x0000000000000041       0x2d ./Core/Src/fsmc.o
 .debug_rnglists
                0x000000000000006e       0x14 ./Core/Src/gpio.o
 .debug_rnglists
                0x0000000000000082       0x20 ./Core/Src/i2c.o
 .debug_rnglists
                0x00000000000000a2       0xa8 ./Core/Src/lcd.o
 .debug_rnglists
                0x000000000000014a       0x32 ./Core/Src/led_7seg.o
 .debug_rnglists
                0x000000000000017c       0xcd ./Core/Src/main.o
 .debug_rnglists
                0x0000000000000249       0x2c ./Core/Src/software_timer.o
 .debug_rnglists
                0x0000000000000275       0x20 ./Core/Src/spi.o
 .debug_rnglists
                0x0000000000000295       0x13 ./Core/Src/stm32f4xx_hal_msp.o
 .debug_rnglists
                0x00000000000002a8       0x4f ./Core/Src/stm32f4xx_it.o
 .debug_rnglists
                0x00000000000002f7       0x1a ./Core/Src/system_stm32f4xx.o
 .debug_rnglists
                0x0000000000000311       0x28 ./Core/Src/tim.o
 .debug_rnglists
                0x0000000000000339       0x19 ./Core/Src/utils.o
 .debug_rnglists
                0x0000000000000352       0x19 ./Core/Startup/startup_stm32f407zetx.o
 .debug_rnglists
                0x000000000000036b       0xaf ./Drivers/STM32F4xx_HAL_Driver/Src/stm32f4xx_hal.o
 .debug_rnglists
                0x000000000000041a       0xce ./Drivers/STM32F4xx_HAL_Driver/Src/stm32f4xx_hal_cortex.o
 .debug_rnglists
                0x00000000000004e8       0x3f ./Drivers/STM32F4xx_HAL_Driver/Src/stm32f4xx_hal_gpio.o
 .debug_rnglists
                0x0000000000000527      0x23f ./Drivers/STM32F4xx_HAL_Driver/Src/stm32f4xx_hal_i2c.o
 .debug_rnglists
                0x0000000000000766       0x66 ./Drivers/STM32F4xx_HAL_Driver/Src/stm32f4xx_hal_rcc.o
 .debug_rnglists
                0x00000000000007cc      0x16f ./Drivers/STM32F4xx_HAL_Driver/Src/stm32f4xx_hal_spi.o
 .debug_rnglists
                0x000000000000093b       0x76 ./Drivers/STM32F4xx_HAL_Driver/Src/stm32f4xx_hal_sram.o
 .debug_rnglists
                0x00000000000009b1      0x31a ./Drivers/STM32F4xx_HAL_Driver/Src/stm32f4xx_hal_tim.o
 .debug_rnglists
                0x0000000000000ccb      0x125 ./Drivers/STM32F4xx_HAL_Driver/Src/stm32f4xx_hal_tim_ex.o
 .debug_rnglists
                0x0000000000000df0       0x7d ./Drivers/STM32F4xx_HAL_Driver/Src/stm32f4xx_ll_fsmc.o

.debug_macro    0x0000000000000000    0x233a2
 .debug_macro   0x0000000000000000      0x230 ./Core/Src/button.o
 .debug_macro   0x0000000000000230      0xaa8 ./Core/Src/button.o
 .debug_macro   0x0000000000000cd8       0x22 ./Core/Src/button.o
 .debug_macro   0x0000000000000cfa       0x8e ./Core/Src/button.o
 .debug_macro   0x0000000000000d88       0x51 ./Core/Src/button.o
 .debug_macro   0x0000000000000dd9      0x103 ./Core/Src/button.o
 .debug_macro   0x0000000000000edc       0x6a ./Core/Src/button.o
 .debug_macro   0x0000000000000f46      0x1df ./Core/Src/button.o
 .debug_macro   0x0000000000001125      0x2a7 ./Core/Src/button.o
 .debug_macro   0x00000000000013cc       0x2e ./Core/Src/button.o
 .debug_macro   0x00000000000013fa       0x2f ./Core/Src/button.o
 .debug_macro   0x0000000000001429       0x1c ./Core/Src/button.o
 .debug_macro   0x0000000000001445       0x22 ./Core/Src/button.o
 .debug_macro   0x0000000000001467       0xd9 ./Core/Src/button.o
 .debug_macro   0x0000000000001540     0x102d ./Core/Src/button.o
 .debug_macro   0x000000000000256d      0x11f ./Core/Src/button.o
 .debug_macro   0x000000000000268c    0x15e58 ./Core/Src/button.o
 .debug_macro   0x00000000000184e4       0x6d ./Core/Src/button.o
 .debug_macro   0x0000000000018551     0x3666 ./Core/Src/button.o
 .debug_macro   0x000000000001bbb7      0x174 ./Core/Src/button.o
 .debug_macro   0x000000000001bd2b       0x5c ./Core/Src/button.o
 .debug_macro   0x000000000001bd87      0x96b ./Core/Src/button.o
 .debug_macro   0x000000000001c6f2      0x9fe ./Core/Src/button.o
 .debug_macro   0x000000000001d0f0      0x116 ./Core/Src/button.o
 .debug_macro   0x000000000001d206      0x13e ./Core/Src/button.o
 .debug_macro   0x000000000001d344       0xa5 ./Core/Src/button.o
 .debug_macro   0x000000000001d3e9      0x174 ./Core/Src/button.o
 .debug_macro   0x000000000001d55d      0x287 ./Core/Src/button.o
 .debug_macro   0x000000000001d7e4       0x5f ./Core/Src/button.o
 .debug_macro   0x000000000001d843      0x236 ./Core/Src/button.o
 .debug_macro   0x000000000001da79      0x12c ./Core/Src/button.o
 .debug_macro   0x000000000001dba5      0x21e ./Core/Src/button.o
 .debug_macro   0x000000000001ddc3       0x2e ./Core/Src/button.o
 .debug_macro   0x000000000001ddf1      0x543 ./Core/Src/button.o
 .debug_macro   0x000000000001e334      0x1b5 ./Core/Src/button.o
 .debug_macro   0x000000000001e4e9       0xd6 ./Core/Src/button.o
 .debug_macro   0x000000000001e5bf      0x11a ./Core/Src/button.o
 .debug_macro   0x000000000001e6d9       0x7e ./Core/Src/button.o
 .debug_macro   0x000000000001e757       0x89 ./Core/Src/button.o
 .debug_macro   0x000000000001e7e0      0x225 ./Core/Src/button.o
 .debug_macro   0x000000000001ea05      0x8d1 ./Core/Src/button.o
 .debug_macro   0x000000000001f2d6       0x47 ./Core/Src/button.o
 .debug_macro   0x000000000001f31d      0x12d ./Core/Src/button.o
 .debug_macro   0x000000000001f44a       0x88 ./Core/Src/button.o
 .debug_macro   0x000000000001f4d2      0x23b ./Core/Src/ds3231.o
 .debug_macro   0x000000000001f70d       0x2e ./Core/Src/ds3231.o
 .debug_macro   0x000000000001f73b      0x21c ./Core/Src/fsmc.o
 .debug_macro   0x000000000001f957      0x21c ./Core/Src/gpio.o
 .debug_macro   0x000000000001fb73      0x21c ./Core/Src/i2c.o
 .debug_macro   0x000000000001fd8f      0x33b ./Core/Src/lcd.o
 .debug_macro   0x00000000000200ca       0xca ./Core/Src/lcd.o
 .debug_macro   0x0000000000020194       0x2a ./Core/Src/lcd.o
 .debug_macro   0x00000000000201be       0x61 ./Core/Src/lcd.o
 .debug_macro   0x000000000002021f       0x43 ./Core/Src/lcd.o
 .debug_macro   0x0000000000020262       0x34 ./Core/Src/lcd.o
 .debug_macro   0x0000000000020296       0x16 ./Core/Src/lcd.o
 .debug_macro   0x00000000000202ac       0x35 ./Core/Src/lcd.o
 .debug_macro   0x00000000000202e1       0x16 ./Core/Src/lcd.o
 .debug_macro   0x00000000000202f7       0x43 ./Core/Src/lcd.o
 .debug_macro   0x000000000002033a       0x34 ./Core/Src/lcd.o
 .debug_macro   0x000000000002036e       0x10 ./Core/Src/lcd.o
 .debug_macro   0x000000000002037e       0x58 ./Core/Src/lcd.o
 .debug_macro   0x00000000000203d6       0x8e ./Core/Src/lcd.o
 .debug_macro   0x0000000000020464       0x1c ./Core/Src/lcd.o
 .debug_macro   0x0000000000020480      0x177 ./Core/Src/lcd.o
 .debug_macro   0x00000000000205f7      0x369 ./Core/Src/lcd.o
 .debug_macro   0x0000000000020960       0x16 ./Core/Src/lcd.o
 .debug_macro   0x0000000000020976       0x29 ./Core/Src/lcd.o
 .debug_macro   0x000000000002099f       0x16 ./Core/Src/lcd.o
 .debug_macro   0x00000000000209b5       0x20 ./Core/Src/lcd.o
 .debug_macro   0x00000000000209d5      0x226 ./Core/Src/led_7seg.o
 .debug_macro   0x0000000000020bfb      0x2d7 ./Core/Src/main.o
 .debug_macro   0x0000000000020ed2       0x16 ./Core/Src/main.o
 .debug_macro   0x0000000000020ee8       0x34 ./Core/Src/main.o
 .debug_macro   0x0000000000020f1c      0x235 ./Core/Src/software_timer.o
 .debug_macro   0x0000000000021151       0x10 ./Core/Src/software_timer.o
 .debug_macro   0x0000000000021161      0x21c ./Core/Src/spi.o
 .debug_macro   0x000000000002137d      0x212 ./Core/Src/stm32f4xx_hal_msp.o
 .debug_macro   0x000000000002158f      0x21c ./Core/Src/stm32f4xx_it.o
 .debug_macro   0x00000000000217ab      0x203 ./Core/Src/system_stm32f4xx.o
 .debug_macro   0x00000000000219ae      0x21c ./Core/Src/tim.o
 .debug_macro   0x0000000000021bca      0x13e ./Core/Src/utils.o
 .debug_macro   0x0000000000021d08      0x10e ./Core/Src/utils.o
 .debug_macro   0x0000000000021e16       0x8d ./Core/Src/utils.o
 .debug_macro   0x0000000000021ea3      0x263 ./Drivers/STM32F4xx_HAL_Driver/Src/stm32f4xx_hal.o
 .debug_macro   0x0000000000022106      0x203 ./Drivers/STM32F4xx_HAL_Driver/Src/stm32f4xx_hal_cortex.o
 .debug_macro   0x0000000000022309      0x209 ./Drivers/STM32F4xx_HAL_Driver/Src/stm32f4xx_hal_gpio.o
 .debug_macro   0x0000000000022512      0x24a ./Drivers/STM32F4xx_HAL_Driver/Src/stm32f4xx_hal_i2c.o
 .debug_macro   0x000000000002275c      0x227 ./Drivers/STM32F4xx_HAL_Driver/Src/stm32f4xx_hal_rcc.o
 .debug_macro   0x0000000000022983      0x212 ./Drivers/STM32F4xx_HAL_Driver/Src/stm32f4xx_hal_spi.o
 .debug_macro   0x0000000000022b95      0x203 ./Drivers/STM32F4xx_HAL_Driver/Src/stm32f4xx_hal_sram.o
 .debug_macro   0x0000000000022d98      0x204 ./Drivers/STM32F4xx_HAL_Driver/Src/stm32f4xx_hal_tim.o
 .debug_macro   0x0000000000022f9c      0x203 ./Drivers/STM32F4xx_HAL_Driver/Src/stm32f4xx_hal_tim_ex.o
 .debug_macro   0x000000000002319f      0x203 ./Drivers/STM32F4xx_HAL_Driver/Src/stm32f4xx_ll_fsmc.o

.debug_line     0x0000000000000000    0x1877e
 .debug_line    0x0000000000000000      0x827 ./Core/Src/button.o
 .debug_line    0x0000000000000827      0x85f ./Core/Src/ds3231.o
 .debug_line    0x0000000000001086      0x8a2 ./Core/Src/fsmc.o
 .debug_line    0x0000000000001928      0x800 ./Core/Src/gpio.o
 .debug_line    0x0000000000002128      0x80f ./Core/Src/i2c.o
 .debug_line    0x0000000000002937      0xfea ./Core/Src/lcd.o
 .debug_line    0x0000000000003921      0x895 ./Core/Src/led_7seg.o
 .debug_line    0x00000000000041b6     0x1acf ./Core/Src/main.o
 .debug_line    0x0000000000005c85      0x866 ./Core/Src/software_timer.o
 .debug_line    0x00000000000064eb      0x813 ./Core/Src/spi.o
 .debug_line    0x0000000000006cfe      0x7a2 ./Core/Src/stm32f4xx_hal_msp.o
 .debug_line    0x00000000000074a0      0x894 ./Core/Src/stm32f4xx_it.o
 .debug_line    0x0000000000007d34      0x823 ./Core/Src/system_stm32f4xx.o
 .debug_line    0x0000000000008557      0x883 ./Core/Src/tim.o
 .debug_line    0x0000000000008dda      0x59e ./Core/Src/utils.o
 .debug_line    0x0000000000009378       0x7a ./Core/Startup/startup_stm32f407zetx.o
 .debug_line    0x00000000000093f2      0xa89 ./Drivers/STM32F4xx_HAL_Driver/Src/stm32f4xx_hal.o
 .debug_line    0x0000000000009e7b      0xd38 ./Drivers/STM32F4xx_HAL_Driver/Src/stm32f4xx_hal_cortex.o
 .debug_line    0x000000000000abb3      0xbff ./Drivers/STM32F4xx_HAL_Driver/Src/stm32f4xx_hal_gpio.o
 .debug_line    0x000000000000b7b2     0x3a42 ./Drivers/STM32F4xx_HAL_Driver/Src/stm32f4xx_hal_i2c.o
 .debug_line    0x000000000000f1f4      0xe02 ./Drivers/STM32F4xx_HAL_Driver/Src/stm32f4xx_hal_rcc.o
 .debug_line    0x000000000000fff6     0x1d18 ./Drivers/STM32F4xx_HAL_Driver/Src/stm32f4xx_hal_spi.o
 .debug_line    0x0000000000011d0e      0xc2b ./Drivers/STM32F4xx_HAL_Driver/Src/stm32f4xx_hal_sram.o
 .debug_line    0x0000000000012939     0x3781 ./Drivers/STM32F4xx_HAL_Driver/Src/stm32f4xx_hal_tim.o
 .debug_line    0x00000000000160ba     0x1a86 ./Drivers/STM32F4xx_HAL_Driver/Src/stm32f4xx_hal_tim_ex.o
 .debug_line    0x0000000000017b40      0xc3e ./Drivers/STM32F4xx_HAL_Driver/Src/stm32f4xx_ll_fsmc.o

.debug_str      0x0000000000000000    0xcfa80
 .debug_str     0x0000000000000000    0xc77e1 ./Core/Src/button.o
                                      0xc7aee (size before relaxing)
 .debug_str     0x00000000000c77e1      0x414 ./Core/Src/ds3231.o
                                      0xc7c59 (size before relaxing)
 .debug_str     0x00000000000c7bf5      0x3ef ./Core/Src/fsmc.o
                                      0xc7cac (size before relaxing)
 .debug_str     0x00000000000c7fe4       0x20 ./Core/Src/gpio.o
                                      0xc775a (size before relaxing)
 .debug_str     0x00000000000c8004       0x58 ./Core/Src/i2c.o
                                      0xc7c89 (size before relaxing)
 .debug_str     0x00000000000c805c     0x36c2 ./Core/Src/lcd.o
                                      0xcad01 (size before relaxing)
 .debug_str     0x00000000000cb71e       0xe5 ./Core/Src/led_7seg.o
                                      0xc7b6b (size before relaxing)
 .debug_str     0x00000000000cb803      0x518 ./Core/Src/main.o
                                      0xc804a (size before relaxing)
 .debug_str     0x00000000000cbd1b      0x31d ./Core/Src/software_timer.o
                                      0xc7c1f (size before relaxing)
 .debug_str     0x00000000000cc038       0x4b ./Core/Src/spi.o
                                      0xc7be6 (size before relaxing)
 .debug_str     0x00000000000cc083       0x2c ./Core/Src/stm32f4xx_hal_msp.o
                                      0xc768f (size before relaxing)
 .debug_str     0x00000000000cc0af       0xfc ./Core/Src/stm32f4xx_it.o
                                      0xc7b89 (size before relaxing)
 .debug_str     0x00000000000cc1ab       0xdb ./Core/Src/system_stm32f4xx.o
                                      0xc751d (size before relaxing)
 .debug_str     0x00000000000cc286      0x653 ./Core/Src/tim.o
                                      0xc8277 (size before relaxing)
 .debug_str     0x00000000000cc8d9       0x14 ./Core/Src/utils.o
                                       0x7205 (size before relaxing)
 .debug_str     0x00000000000cc8ed       0x34 ./Core/Startup/startup_stm32f407zetx.o
                                         0x6a (size before relaxing)
 .debug_str     0x00000000000cc921      0x603 ./Drivers/STM32F4xx_HAL_Driver/Src/stm32f4xx_hal.o
                                      0xc80a1 (size before relaxing)
 .debug_str     0x00000000000ccf24      0x32d ./Drivers/STM32F4xx_HAL_Driver/Src/stm32f4xx_hal_cortex.o
                                      0xc7dd4 (size before relaxing)
 .debug_str     0x00000000000cd251      0x11c ./Drivers/STM32F4xx_HAL_Driver/Src/stm32f4xx_hal_gpio.o
                                      0xc7698 (size before relaxing)
 .debug_str     0x00000000000cd36d      0xad6 ./Drivers/STM32F4xx_HAL_Driver/Src/stm32f4xx_hal_i2c.o
                                      0xc84e8 (size before relaxing)
 .debug_str     0x00000000000cde43      0x213 ./Drivers/STM32F4xx_HAL_Driver/Src/stm32f4xx_hal_rcc.o
                                      0xc7951 (size before relaxing)
 .debug_str     0x00000000000ce056      0x544 ./Drivers/STM32F4xx_HAL_Driver/Src/stm32f4xx_hal_spi.o
                                      0xc7de1 (size before relaxing)
 .debug_str     0x00000000000ce59a      0x1a6 ./Drivers/STM32F4xx_HAL_Driver/Src/stm32f4xx_hal_sram.o
                                      0xc7ac4 (size before relaxing)
 .debug_str     0x00000000000ce740      0xda8 ./Drivers/STM32F4xx_HAL_Driver/Src/stm32f4xx_hal_tim.o
                                      0xc8897 (size before relaxing)
 .debug_str     0x00000000000cf4e8      0x493 ./Drivers/STM32F4xx_HAL_Driver/Src/stm32f4xx_hal_tim_ex.o
                                      0xc80b3 (size before relaxing)
 .debug_str     0x00000000000cf97b      0x105 ./Drivers/STM32F4xx_HAL_Driver/Src/stm32f4xx_ll_fsmc.o
                                      0xc78cc (size before relaxing)

.debug_frame    0x0000000000000000     0x4cb8
 .debug_frame   0x0000000000000000       0x50 ./Core/Src/button.o
 .debug_frame   0x0000000000000050       0x98 ./Core/Src/ds3231.o
 .debug_frame   0x00000000000000e8       0xbc ./Core/Src/fsmc.o
 .debug_frame   0x00000000000001a4       0x34 ./Core/Src/gpio.o
 .debug_frame   0x00000000000001d8       0x74 ./Core/Src/i2c.o
 .debug_frame   0x000000000000024c      0x394 ./Core/Src/lcd.o
 .debug_frame   0x00000000000005e0       0xe8 ./Core/Src/led_7seg.o
 .debug_frame   0x00000000000006c8      0x404 ./Core/Src/main.o
 .debug_frame   0x0000000000000acc       0xbc ./Core/Src/software_timer.o
 .debug_frame   0x0000000000000b88       0x74 ./Core/Src/spi.o
 .debug_frame   0x0000000000000bfc       0x38 ./Core/Src/stm32f4xx_hal_msp.o
 .debug_frame   0x0000000000000c34      0x13c ./Core/Src/stm32f4xx_it.o
 .debug_frame   0x0000000000000d70       0x58 ./Core/Src/system_stm32f4xx.o
 .debug_frame   0x0000000000000dc8       0xa0 ./Core/Src/tim.o
 .debug_frame   0x0000000000000e68       0x60 ./Core/Src/utils.o
 .debug_frame   0x0000000000000ec8      0x374 ./Drivers/STM32F4xx_HAL_Driver/Src/stm32f4xx_hal.o
 .debug_frame   0x000000000000123c      0x498 ./Drivers/STM32F4xx_HAL_Driver/Src/stm32f4xx_hal_cortex.o
 .debug_frame   0x00000000000016d4      0x14c ./Drivers/STM32F4xx_HAL_Driver/Src/stm32f4xx_hal_gpio.o
 .debug_frame   0x0000000000001820      0xc5c ./Drivers/STM32F4xx_HAL_Driver/Src/stm32f4xx_hal_i2c.o
 .debug_frame   0x000000000000247c      0x1f4 ./Drivers/STM32F4xx_HAL_Driver/Src/stm32f4xx_hal_rcc.o
 .debug_frame   0x0000000000002670      0x824 ./Drivers/STM32F4xx_HAL_Driver/Src/stm32f4xx_hal_spi.o
 .debug_frame   0x0000000000002e94      0x2a0 ./Drivers/STM32F4xx_HAL_Driver/Src/stm32f4xx_hal_sram.o
 .debug_frame   0x0000000000003134     0x11c4 ./Drivers/STM32F4xx_HAL_Driver/Src/stm32f4xx_hal_tim.o
 .debug_frame   0x00000000000042f8      0x638 ./Drivers/STM32F4xx_HAL_Driver/Src/stm32f4xx_hal_tim_ex.o
 .debug_frame   0x0000000000004930      0x2dc ./Drivers/STM32F4xx_HAL_Driver/Src/stm32f4xx_ll_fsmc.o
 .debug_frame   0x0000000000004c0c       0x20 C:/STM32CubeIDE_1.14.0/STM32CubeIDE/plugins/com.st.stm32cube.ide.mcu.externaltools.gnu-tools-for-stm32.11.3.rel1.win32_1.1.100.202309141235/tools/bin/../lib/gcc/arm-none-eabi/11.3.1/../../../../arm-none-eabi/lib/thumb/v7e-m+fp/hard\libc_nano.a(libc_a-memset.o)
 .debug_frame   0x0000000000004c2c       0x2c C:/STM32CubeIDE_1.14.0/STM32CubeIDE/plugins/com.st.stm32cube.ide.mcu.externaltools.gnu-tools-for-stm32.11.3.rel1.win32_1.1.100.202309141235/tools/bin/../lib/gcc/arm-none-eabi/11.3.1/../../../../arm-none-eabi/lib/thumb/v7e-m+fp/hard\libc_nano.a(libc_a-init.o)
 .debug_frame   0x0000000000004c58       0x2c C:/STM32CubeIDE_1.14.0/STM32CubeIDE/plugins/com.st.stm32cube.ide.mcu.externaltools.gnu-tools-for-stm32.11.3.rel1.win32_1.1.100.202309141235/tools/bin/../lib/gcc/arm-none-eabi/11.3.1/thumb/v7e-m+fp/hard\libgcc.a(_aeabi_uldivmod.o)
 .debug_frame   0x0000000000004c84       0x34 C:/STM32CubeIDE_1.14.0/STM32CubeIDE/plugins/com.st.stm32cube.ide.mcu.externaltools.gnu-tools-for-stm32.11.3.rel1.win32_1.1.100.202309141235/tools/bin/../lib/gcc/arm-none-eabi/11.3.1/thumb/v7e-m+fp/hard\libgcc.a(_udivmoddi4.o)

.debug_line_str
                0x0000000000000000       0x5e
 .debug_line_str
                0x0000000000000000       0x5e ./Core/Startup/startup_stm32f407zetx.o
                                         0x76 (size before relaxing)
