../Core/Src/main.c:143:5:main	8	static
../Core/Src/main.c:197:6:SystemClock_Config	88	static
../Core/Src/main.c:237:6:system_init	8	static
../Core/Src/main.c:249:6:UpdateTime	8	static
../Core/Src/main.c:259:6:DisplayTime	24	static
../Core/Src/main.c:338:6:SetUpTime	24	static
../Core/Src/main.c:781:15:IsButtonSettingMode	4	static
../Core/Src/main.c:785:15:IsButtonSet	4	static
../Core/Src/main.c:789:15:IsButtonScheduleMode	4	static
../Core/Src/main.c:793:15:IsButtonOut	4	static
../Core/Src/main.c:797:15:IsButtonUp	4	static
../Core/Src/main.c:801:15:IsButtonDown	4	static
../Core/Src/main.c:806:6:SetHour	24	static
../Core/Src/main.c:820:6:SetMinute	24	static
../Core/Src/main.c:834:6:SetSecond	24	static
../Core/Src/main.c:848:6:SetDay	24	static
../Core/Src/main.c:863:15:IsLeapYear	16	static
../Core/Src/main.c:867:15:GetMaxDay	16	static
../Core/Src/main.c:879:6:SetDate	32	static
../Core/Src/main.c:898:6:SetMonth	32	static
../Core/Src/main.c:924:6:SetYear	32	static
../Core/Src/main.c:960:6:scheduleYear	32	static
../Core/Src/main.c:982:6:scheduleMonth	32	static
../Core/Src/main.c:1013:6:scheduleDate	32	static
../Core/Src/main.c:1038:6:scheduleDay	24	static
../Core/Src/main.c:1066:6:scheduleHour	24	static
../Core/Src/main.c:1092:6:scheduleMinute	24	static
../Core/Src/main.c:1118:6:scheduleSecond	24	static
../Core/Src/main.c:1169:6:Error_Handler	4	static,ignoring_inline_asm
