../Core/Src/main.c:133:5:main	2
../Core/Src/main.c:187:6:SystemClock_Config	3
../Core/Src/main.c:227:6:system_init	1
../Core/Src/main.c:239:6:UpdateTime	1
../Core/Src/main.c:249:6:DisplayTime	22
../Core/Src/main.c:328:6:SetUpTime	61
../Core/Src/main.c:545:15:IsButtonSettingMode	2
../Core/Src/main.c:549:15:IsButtonSet	2
../Core/Src/main.c:553:15:IsButtonScheduleMode	2
../Core/Src/main.c:557:15:IsButtonUp	4
../Core/Src/main.c:561:15:IsButtonDown	4
../Core/Src/main.c:566:6:SetHour	6
../Core/Src/main.c:580:6:SetMinute	6
../Core/Src/main.c:594:6:SetSecond	6
../Core/Src/main.c:608:6:SetDay	6
../Core/Src/main.c:623:15:IsLeapYear	4
../Core/Src/main.c:627:15:GetMaxDay	6
../Core/Src/main.c:639:6:SetDate	6
../Core/Src/main.c:658:6:SetMonth	8
../Core/Src/main.c:684:6:SetYear	6
../Core/Src/main.c:708:6:scheduleHour	4
../Core/Src/main.c:717:6:scheduleMinute	4
../Core/Src/main.c:726:6:scheduleSecond	4
../Core/Src/main.c:735:6:scheduleDay	4
../Core/Src/main.c:744:6:scheduleDate	4
../Core/Src/main.c:755:6:scheduleMonth	5
../Core/Src/main.c:767:6:scheduleYear	4
../Core/Src/main.c:786:6:Error_Handler	1
