../Core/Src/main.c:133:5:main	8	static
../Core/Src/main.c:187:6:SystemClock_Config	88	static
../Core/Src/main.c:227:6:system_init	8	static
../Core/Src/main.c:239:6:UpdateTime	8	static
../Core/Src/main.c:249:6:DisplayTime	24	static
../Core/Src/main.c:328:6:SetUpTime	24	static
../Core/Src/main.c:545:15:IsButtonSettingMode	4	static
../Core/Src/main.c:549:15:IsButtonSet	4	static
../Core/Src/main.c:553:15:IsButtonScheduleMode	4	static
../Core/Src/main.c:557:15:IsButtonUp	4	static
../Core/Src/main.c:561:15:IsButtonDown	4	static
../Core/Src/main.c:566:6:SetHour	24	static
../Core/Src/main.c:580:6:SetMinute	24	static
../Core/Src/main.c:594:6:SetSecond	24	static
../Core/Src/main.c:608:6:SetDay	24	static
../Core/Src/main.c:623:15:IsLeapYear	16	static
../Core/Src/main.c:627:15:GetMaxDay	16	static
../Core/Src/main.c:639:6:SetDate	32	static
../Core/Src/main.c:658:6:SetMonth	32	static
../Core/Src/main.c:684:6:SetYear	32	static
../Core/Src/main.c:708:6:scheduleHour	24	static
../Core/Src/main.c:717:6:scheduleMinute	24	static
../Core/Src/main.c:726:6:scheduleSecond	24	static
../Core/Src/main.c:735:6:scheduleDay	24	static
../Core/Src/main.c:744:6:scheduleDate	32	static
../Core/Src/main.c:755:6:scheduleMonth	32	static
../Core/Src/main.c:767:6:scheduleYear	32	static
../Core/Src/main.c:786:6:Error_Handler	4	static,ignoring_inline_asm
