../Core/Src/main.c:143:5:main	2
../Core/Src/main.c:197:6:SystemClock_Config	3
../Core/Src/main.c:237:6:system_init	1
../Core/Src/main.c:249:6:UpdateTime	1
../Core/Src/main.c:259:6:DisplayTime	22
../Core/Src/main.c:338:6:SetUpTime	119
../Core/Src/main.c:781:15:IsButtonSettingMode	2
../Core/Src/main.c:785:15:IsButtonSet	2
../Core/Src/main.c:789:15:IsButtonScheduleMode	2
../Core/Src/main.c:793:15:IsButtonOut	2
../Core/Src/main.c:797:15:IsButtonUp	4
../Core/Src/main.c:801:15:IsButtonDown	4
../Core/Src/main.c:806:6:SetHour	6
../Core/Src/main.c:820:6:SetMinute	6
../Core/Src/main.c:834:6:SetSecond	6
../Core/Src/main.c:848:6:SetDay	6
../Core/Src/main.c:863:15:IsLeapYear	4
../Core/Src/main.c:867:15:GetMaxDay	6
../Core/Src/main.c:879:6:SetDate	6
../Core/Src/main.c:898:6:SetMonth	8
../Core/Src/main.c:924:6:SetYear	6
../Core/Src/main.c:960:6:scheduleYear	9
../Core/Src/main.c:982:6:scheduleMonth	13
../Core/Src/main.c:1013:6:scheduleDate	12
../Core/Src/main.c:1038:6:scheduleDay	16
../Core/Src/main.c:1066:6:scheduleHour	18
../Core/Src/main.c:1092:6:scheduleMinute	20
../Core/Src/main.c:1118:6:scheduleSecond	20
../Core/Src/main.c:1169:6:Error_Handler	1
