../Core/Src/main.c:78:5:main	16	static
../Core/Src/main.c:149:6:SystemClock_Config	88	static
../Core/Src/main.c:191:13:MX_SPI1_Init	8	static
../Core/Src/main.c:227:13:MX_TIM2_Init	32	static
../Core/Src/main.c:269:13:MX_TIM3_Init	32	static
../Core/Src/main.c:311:13:MX_TIM4_Init	32	static
../Core/Src/main.c:353:13:MX_GPIO_Init	56	static
../Core/Src/main.c:420:6:systemTimer	8	static
../Core/Src/main.c:436:6:func1	8	static
../Core/Src/main.c:439:6:func2	8	static
../Core/Src/main.c:450:6:func3	8	static
../Core/Src/main.c:467:6:catchAndResetFlag	8	static
../Core/Src/main.c:481:6:Error_Handler	4	static,ignoring_inline_asm
