Archive member included to satisfy reference by file (symbol)

C:/STM32CubeIDE_1.14.0/STM32CubeIDE/plugins/com.st.stm32cube.ide.mcu.externaltools.gnu-tools-for-stm32.11.3.rel1.win32_1.1.100.202309141235/tools/bin/../lib/gcc/arm-none-eabi/11.3.1/../../../../arm-none-eabi/lib/thumb/v7e-m+fp/hard\libc_nano.a(libc_a-exit.o)
                              C:/STM32CubeIDE_1.14.0/STM32CubeIDE/plugins/com.st.stm32cube.ide.mcu.externaltools.gnu-tools-for-stm32.11.3.rel1.win32_1.1.100.202309141235/tools/bin/../lib/gcc/arm-none-eabi/11.3.1/../../../../arm-none-eabi/lib/thumb/v7e-m+fp/hard/crt0.o (exit)
C:/STM32CubeIDE_1.14.0/STM32CubeIDE/plugins/com.st.stm32cube.ide.mcu.externaltools.gnu-tools-for-stm32.11.3.rel1.win32_1.1.100.202309141235/tools/bin/../lib/gcc/arm-none-eabi/11.3.1/../../../../arm-none-eabi/lib/thumb/v7e-m+fp/hard\libc_nano.a(libc_a-findfp.o)
                              C:/STM32CubeIDE_1.14.0/STM32CubeIDE/plugins/com.st.stm32cube.ide.mcu.externaltools.gnu-tools-for-stm32.11.3.rel1.win32_1.1.100.202309141235/tools/bin/../lib/gcc/arm-none-eabi/11.3.1/../../../../arm-none-eabi/lib/thumb/v7e-m+fp/hard\libc_nano.a(libc_a-exit.o) (__stdio_exit_handler)
C:/STM32CubeIDE_1.14.0/STM32CubeIDE/plugins/com.st.stm32cube.ide.mcu.externaltools.gnu-tools-for-stm32.11.3.rel1.win32_1.1.100.202309141235/tools/bin/../lib/gcc/arm-none-eabi/11.3.1/../../../../arm-none-eabi/lib/thumb/v7e-m+fp/hard\libc_nano.a(libc_a-fwalk.o)
                              C:/STM32CubeIDE_1.14.0/STM32CubeIDE/plugins/com.st.stm32cube.ide.mcu.externaltools.gnu-tools-for-stm32.11.3.rel1.win32_1.1.100.202309141235/tools/bin/../lib/gcc/arm-none-eabi/11.3.1/../../../../arm-none-eabi/lib/thumb/v7e-m+fp/hard\libc_nano.a(libc_a-findfp.o) (_fwalk_sglue)
C:/STM32CubeIDE_1.14.0/STM32CubeIDE/plugins/com.st.stm32cube.ide.mcu.externaltools.gnu-tools-for-stm32.11.3.rel1.win32_1.1.100.202309141235/tools/bin/../lib/gcc/arm-none-eabi/11.3.1/../../../../arm-none-eabi/lib/thumb/v7e-m+fp/hard\libc_nano.a(libc_a-stdio.o)
                              C:/STM32CubeIDE_1.14.0/STM32CubeIDE/plugins/com.st.stm32cube.ide.mcu.externaltools.gnu-tools-for-stm32.11.3.rel1.win32_1.1.100.202309141235/tools/bin/../lib/gcc/arm-none-eabi/11.3.1/../../../../arm-none-eabi/lib/thumb/v7e-m+fp/hard\libc_nano.a(libc_a-findfp.o) (__sread)
C:/STM32CubeIDE_1.14.0/STM32CubeIDE/plugins/com.st.stm32cube.ide.mcu.externaltools.gnu-tools-for-stm32.11.3.rel1.win32_1.1.100.202309141235/tools/bin/../lib/gcc/arm-none-eabi/11.3.1/../../../../arm-none-eabi/lib/thumb/v7e-m+fp/hard\libc_nano.a(libc_a-memset.o)
                              C:/STM32CubeIDE_1.14.0/STM32CubeIDE/plugins/com.st.stm32cube.ide.mcu.externaltools.gnu-tools-for-stm32.11.3.rel1.win32_1.1.100.202309141235/tools/bin/../lib/gcc/arm-none-eabi/11.3.1/../../../../arm-none-eabi/lib/thumb/v7e-m+fp/hard/crt0.o (memset)
C:/STM32CubeIDE_1.14.0/STM32CubeIDE/plugins/com.st.stm32cube.ide.mcu.externaltools.gnu-tools-for-stm32.11.3.rel1.win32_1.1.100.202309141235/tools/bin/../lib/gcc/arm-none-eabi/11.3.1/../../../../arm-none-eabi/lib/thumb/v7e-m+fp/hard\libc_nano.a(libc_a-closer.o)
                              C:/STM32CubeIDE_1.14.0/STM32CubeIDE/plugins/com.st.stm32cube.ide.mcu.externaltools.gnu-tools-for-stm32.11.3.rel1.win32_1.1.100.202309141235/tools/bin/../lib/gcc/arm-none-eabi/11.3.1/../../../../arm-none-eabi/lib/thumb/v7e-m+fp/hard\libc_nano.a(libc_a-stdio.o) (_close_r)
C:/STM32CubeIDE_1.14.0/STM32CubeIDE/plugins/com.st.stm32cube.ide.mcu.externaltools.gnu-tools-for-stm32.11.3.rel1.win32_1.1.100.202309141235/tools/bin/../lib/gcc/arm-none-eabi/11.3.1/../../../../arm-none-eabi/lib/thumb/v7e-m+fp/hard\libc_nano.a(libc_a-reent.o)
                              C:/STM32CubeIDE_1.14.0/STM32CubeIDE/plugins/com.st.stm32cube.ide.mcu.externaltools.gnu-tools-for-stm32.11.3.rel1.win32_1.1.100.202309141235/tools/bin/../lib/gcc/arm-none-eabi/11.3.1/../../../../arm-none-eabi/lib/thumb/v7e-m+fp/hard\libc_nano.a(libc_a-closer.o) (errno)
C:/STM32CubeIDE_1.14.0/STM32CubeIDE/plugins/com.st.stm32cube.ide.mcu.externaltools.gnu-tools-for-stm32.11.3.rel1.win32_1.1.100.202309141235/tools/bin/../lib/gcc/arm-none-eabi/11.3.1/../../../../arm-none-eabi/lib/thumb/v7e-m+fp/hard\libc_nano.a(libc_a-impure.o)
                              C:/STM32CubeIDE_1.14.0/STM32CubeIDE/plugins/com.st.stm32cube.ide.mcu.externaltools.gnu-tools-for-stm32.11.3.rel1.win32_1.1.100.202309141235/tools/bin/../lib/gcc/arm-none-eabi/11.3.1/../../../../arm-none-eabi/lib/thumb/v7e-m+fp/hard\libc_nano.a(libc_a-reent.o) (_impure_ptr)
C:/STM32CubeIDE_1.14.0/STM32CubeIDE/plugins/com.st.stm32cube.ide.mcu.externaltools.gnu-tools-for-stm32.11.3.rel1.win32_1.1.100.202309141235/tools/bin/../lib/gcc/arm-none-eabi/11.3.1/../../../../arm-none-eabi/lib/thumb/v7e-m+fp/hard\libc_nano.a(libc_a-lseekr.o)
[...]
Memory Configuration

Name             Origin             Length             Attributes
CCMRAM           0x0000000010000000 0x0000000000010000 xrw
RAM              0x0000000020000000 0x0000000000020000 xrw
FLASH            0x0000000008000000 0x0000000000100000 xr
*default*        0x0000000000000000 0xffffffffffffffff

Linker script and memory map

LOAD C:/STM32CubeIDE_1.14.0/STM32CubeIDE/plugins/com.st.stm32cube.ide.mcu.externaltools.gnu-tools-for-stm32.11.3.rel1.win32_1.1.100.202309141235/tools/bin/../lib/gcc/arm-none-eabi/11.3.1/thumb/v7e-m+fp/hard/crti.o
LOAD C:/STM32CubeIDE_1.14.0/STM32CubeIDE/plugins/com.st.stm32cube.ide.mcu.externaltools.gnu-tools-for-stm32.11.3.rel1.win32_1.1.100.202309141235/tools/bin/../lib/gcc/arm-none-eabi/11.3.1/thumb/v7e-m+fp/hard/crtbegin.o
LOAD C:/STM32CubeIDE_1.14.0/STM32CubeIDE/plugins/com.st.stm32cube.ide.mcu.externaltools.gnu-tools-for-stm32.11.3.rel1.win32_1.1.100.202309141235/tools/bin/../lib/gcc/arm-none-eabi/11.3.1/../../../../arm-none-eabi/lib/thumb/v7e-m+fp/hard/crt0.o
LOAD ./Core/Src/button.o
LOAD ./Core/Src/fsmc.o
LOAD ./Core/Src/gpio.o
LOAD ./Core/Src/lcd.o
LOAD ./Core/Src/led_7seg.o
LOAD ./Core/Src/main.o
LOAD ./Core/Src/picture.o
LOAD ./Core/Src/software_timer.o
LOAD ./Core/Src/spi.o
LOAD ./Core/Src/stm32f4xx_hal_msp.o
LOAD ./Core/Src/stm32f4xx_it.o
LOAD ./Core/Src/syscalls.o
LOAD ./Core/Src/sysmem.o
LOAD ./Core/Src/system_stm32f4xx.o
LOAD ./Core/Src/tim.o
LOAD ./Core/Startup/startup_stm32f407zetx.o
LOAD ./Drivers/STM32F4xx_HAL_Driver/Src/stm32f4xx_hal.o
LOAD ./Drivers/STM32F4xx_HAL_Driver/Src/stm32f4xx_hal_cortex.o
LOAD ./Drivers/STM32F4xx_HAL_Driver/Src/stm32f4xx_hal_dma.o
LOAD ./Drivers/STM32F4xx_HAL_Driver/Src/stm32f4xx_hal_dma_ex.o
LOAD ./Drivers/STM32F4xx_HAL_Driver/Src/stm32f4xx_hal_exti.o
LOAD ./Drivers/STM32F4xx_HAL_Driver/Src/stm32f4xx_hal_flash.o
LOAD ./Drivers/STM32F4xx_HAL_Driver/Src/stm32f4xx_hal_flash_ex.o
LOAD ./Drivers/STM32F4xx_HAL_Driver/Src/stm32f4xx_hal_flash_ramfunc.o
LOAD ./Drivers/STM32F4xx_HAL_Driver/Src/stm32f4xx_hal_gpio.o
LOAD ./Drivers/STM32F4xx_HAL_Driver/Src/stm32f4xx_hal_pwr.o
LOAD ./Drivers/STM32F4xx_HAL_Driver/Src/stm32f4xx_hal_pwr_ex.o
LOAD ./Drivers/STM32F4xx_HAL_Driver/Src/stm32f4xx_hal_rcc.o
LOAD ./Drivers/STM32F4xx_HAL_Driver/Src/stm32f4xx_hal_rcc_ex.o
LOAD ./Drivers/STM32F4xx_HAL_Driver/Src/stm32f4xx_hal_spi.o
LOAD ./Drivers/STM32F4xx_HAL_Driver/Src/stm32f4xx_hal_sram.o
LOAD ./Drivers/STM32F4xx_HAL_Driver/Src/stm32f4xx_hal_tim.o
LOAD ./Drivers/STM32F4xx_HAL_Driver/Src/stm32f4xx_hal_tim_ex.o
LOAD ./Drivers/STM32F4xx_HAL_Driver/Src/stm32f4xx_ll_fsmc.o
START GROUP
LOAD C:/STM32CubeIDE_1.14.0/STM32CubeIDE/plugins/com.st.stm32cube.ide.mcu.externaltools.gnu-tools-for-stm32.11.3.rel1.win32_1.1.100.202309141235/tools/bin/../lib/gcc/arm-none-eabi/11.3.1/../../../../arm-none-eabi/lib/thumb/v7e-m+fp/hard\libc_nano.a
LOAD C:/STM32CubeIDE_1.14.0/STM32CubeIDE/plugins/com.st.stm32cube.ide.mcu.externaltools.gnu-tools-for-stm32.11.3.rel1.win32_1.1.100.202309141235/tools/bin/../lib/gcc/arm-none-eabi/11.3.1/../../../../arm-none-eabi/lib/thumb/v7e-m+fp/hard\libm.a
END GROUP
START GROUP
LOAD C:/STM32CubeIDE_1.14.0/STM32CubeIDE/plugins/com.st.stm32cube.ide.mcu.externaltools.gnu-tools-for-stm32.11.3.rel1.win32_1.1.100.202309141235/tools/bin/../lib/gcc/arm-none-eabi/11.3.1/thumb/v7e-m+fp/hard\libgcc.a
LOAD C:/STM32CubeIDE_1.14.0/STM32CubeIDE/plugins/com.st.stm32cube.ide.mcu.externaltools.gnu-tools-for-stm32.11.3.rel1.win32_1.1.100.202309141235/tools/bin/../lib/gcc/arm-none-eabi/11.3.1/../../../../arm-none-eabi/lib/thumb/v7e-m+fp/hard\libc_nano.a
END GROUP
START GROUP
LOAD C:/STM32CubeIDE_1.14.0/STM32CubeIDE/plugins/com.st.stm32cube.ide.mcu.externaltools.gnu-tools-for-stm32.11.3.rel1.win32_1.1.100.202309141235/tools/bin/../lib/gcc/arm-none-eabi/11.3.1/thumb/v7e-m+fp/hard\libgcc.a
LOAD C:/STM32CubeIDE_1.14.0/STM32CubeIDE/plugins/com.st.stm32cube.ide.mcu.externaltools.gnu-tools-for-stm32.11.3.rel1.win32_1.1.100.202309141235/tools/bin/../lib/gcc/arm-none-eabi/11.3.1/../../../../arm-none-eabi/lib/thumb/v7e-m+fp/hard\libc_nano.a
LOAD C:/STM32CubeIDE_1.14.0/STM32CubeIDE/plugins/com.st.stm32cube.ide.mcu.externaltools.gnu-tools-for-stm32.11.3.rel1.win32_1.1.100.202309141235/tools/bin/../lib/gcc/arm-none-eabi/11.3.1/../../../../arm-none-eabi/lib/thumb/v7e-m+fp/hard\libnosys.a
END GROUP
START GROUP
LOAD C:/STM32CubeIDE_1.14.0/STM32CubeIDE/plugins/com.st.stm32cube.ide.mcu.externaltools.gnu-tools-for-stm32.11.3.rel1.win32_1.1.100.202309141235/tools/bin/../lib/gcc/arm-none-eabi/11.3.1/thumb/v7e-m+fp/hard\libgcc.a
LOAD C:/STM32CubeIDE_1.14.0/STM32CubeIDE/plugins/com.st.stm32cube.ide.mcu.externaltools.gnu-tools-for-stm32.11.3.rel1.win32_1.1.100.202309141235/tools/bin/../lib/gcc/arm-none-eabi/11.3.1/../../../../arm-none-eabi/lib/thumb/v7e-m+fp/hard\libc_nano.a
LOAD C:/STM32CubeIDE_1.14.0/STM32CubeIDE/plugins/com.st.stm32cube.ide.mcu.externaltools.gnu-tools-for-stm32.11.3.rel1.win32_1.1.100.202309141235/tools/bin/../lib/gcc/arm-none-eabi/11.3.1/../../../../arm-none-eabi/lib/thumb/v7e-m+fp/hard\libnosys.a
END GROUP
LOAD C:/STM32CubeIDE_1.14.0/STM32CubeIDE/plugins/com.st.stm32cube.ide.mcu.externaltools.gnu-tools-for-stm32.11.3.rel1.win32_1.1.100.202309141235/tools/bin/../lib/gcc/arm-none-eabi/11.3.1/thumb/v7e-m+fp/hard/crtend.o
LOAD C:/STM32CubeIDE_1.14.0/STM32CubeIDE/plugins/com.st.stm32cube.ide.mcu.externaltools.gnu-tools-for-stm32.11.3.rel1.win32_1.1.100.202309141235/tools/bin/../lib/gcc/arm-none-eabi/11.3.1/thumb/v7e-m+fp/hard/crtn.o
                0x0000000020020000                _estack = (ORIGIN (RAM) + LENGTH (RAM))
                0x0000000000000200                _Min_Heap_Size = 0x200
                0x0000000000000400                _Min_Stack_Size = 0x400

.isr_vector     0x0000000008000000      0x188
                0x0000000008000000                . = ALIGN (0x4)
 *(.isr_vector)
 .isr_vector    0x0000000008000000      0x188 ./Core/Startup/startup_stm32f407zetx.o
                0x0000000008000000                g_pfnVectors
                0x0000000008000188                . = ALIGN (0x4)

.text           0x0000000008000188     0x42ec
                0x0000000008000188                . = ALIGN (0x4)
 *(.text)
 .text          0x0000000008000188       0x40 C:/STM32CubeIDE_1.14.0/STM32CubeIDE/plugins/com.st.stm32cube.ide.mcu.externaltools.gnu-tools-for-stm32.11.3.rel1.win32_1.1.100.202309141235/tools/bin/../lib/gcc/arm-none-eabi/11.3.1/thumb/v7e-m+fp/hard/crtbegin.o
 .text          0x00000000080001c8       0x10 C:/STM32CubeIDE_1.14.0/STM32CubeIDE/plugins/com.st.stm32cube.ide.mcu.externaltools.gnu-tools-for-stm32.11.3.rel1.win32_1.1.100.202309141235/tools/bin/../lib/gcc/arm-none-eabi/11.3.1/../../../../arm-none-eabi/lib/thumb/v7e-m+fp/hard\libc_nano.a(libc_a-strlen.o)
                0x00000000080001c8                strlen
 .text          0x00000000080001d8       0x30 C:/STM32CubeIDE_1.14.0/STM32CubeIDE/plugins/com.st.stm32cube.ide.mcu.externaltools.gnu-tools-for-stm32.11.3.rel1.win32_1.1.100.202309141235/tools/bin/../lib/gcc/arm-none-eabi/11.3.1/thumb/v7e-m+fp/hard\libgcc.a(_aeabi_uldivmod.o)
                0x00000000080001d8                __aeabi_uldivmod
 .text          0x0000000008000208      0x2c8 C:/STM32CubeIDE_1.14.0/STM32CubeIDE/plugins/com.st.stm32cube.ide.mcu.externaltools.gnu-tools-for-stm32.11.3.rel1.win32_1.1.100.202309141235/tools/bin/../lib/gcc/arm-none-eabi/11.3.1/thumb/v7e-m+fp/hard\libgcc.a(_udivmoddi4.o)
                0x0000000008000208                __udivmoddi4
 .text          0x00000000080004d0        0x4 C:/STM32CubeIDE_1.14.0/STM32CubeIDE/plugins/com.st.stm32cube.ide.mcu.externaltools.gnu-tools-for-stm32.11.3.rel1.win32_1.1.100.202309141235/tools/bin/../lib/gcc/arm-none-eabi/11.3.1/thumb/v7e-m+fp/hard\libgcc.a(_dvmd_tls.o)
                0x00000000080004d0                __aeabi_idiv0
                0x00000000080004d0                __aeabi_ldiv0
 *(.text*)
 .text.button_init
                0x00000000080004d4       0x18 ./Core/Src/button.o
                0x00000000080004d4                button_init
 .text.button_scan
                0x00000000080004ec       0xd8 ./Core/Src/button.o
                0x00000000080004ec                button_scan
 .text.MX_FSMC_Init
                0x00000000080005c4       0xf4 ./Core/Src/fsmc.o
                0x00000000080005c4                MX_FSMC_Init
 .text.HAL_FSMC_MspInit
                0x00000000080006b8       0x98 ./Core/Src/fsmc.o
 .text.HAL_SRAM_MspInit
                0x0000000008000750       0x14 ./Core/Src/fsmc.o
                0x0000000008000750                HAL_SRAM_MspInit
 .text.MX_GPIO_Init
                0x0000000008000764      0x1c0 ./Core/Src/gpio.o
                0x0000000008000764                MX_GPIO_Init
 .text.LCD_WR_REG
                0x0000000008000924       0x20 ./Core/Src/lcd.o
                0x0000000008000924                LCD_WR_REG
 .text.LCD_WR_DATA
                0x0000000008000944       0x20 ./Core/Src/lcd.o
 .text.LCD_RD_DATA
                0x0000000008000964       0x24 ./Core/Src/lcd.o
 .text.lcd_set_address
                0x0000000008000988       0x98 ./Core/Src/lcd.o
                0x0000000008000988                lcd_set_address
 .text.lcd_clear
                0x0000000008000a20       0x64 ./Core/Src/lcd.o
                0x0000000008000a20                lcd_clear
 .text.lcd_fill
                0x0000000008000a84       0x6c ./Core/Src/lcd.o
                0x0000000008000a84                lcd_fill
 .text.lcd_draw_point
                0x0000000008000af0       0x2e ./Core/Src/lcd.o
                0x0000000008000af0                lcd_draw_point
 *fill*         0x0000000008000b1e        0x2 
 .text.lcd_show_char
                0x0000000008000b20      0x1a0 ./Core/Src/lcd.o
                0x0000000008000b20                lcd_show_char
 .text.lcd_show_picture
                0x0000000008000cc0       0xac ./Core/Src/lcd.o
                0x0000000008000cc0                lcd_show_picture
 .text.lcd_set_direction
                0x0000000008000d6c       0x48 ./Core/Src/lcd.o
                0x0000000008000d6c                lcd_set_direction
 .text.lcd_init
                0x0000000008000db4      0x2c0 ./Core/Src/lcd.o
                0x0000000008000db4                lcd_init
 .text._draw_circle_8
                0x0000000008001074      0x116 ./Core/Src/lcd.o
 .text.lcd_draw_circle
                0x000000000800118a       0xd8 ./Core/Src/lcd.o
                0x000000000800118a                lcd_draw_circle
 *fill*         0x0000000008001262        0x2 
 .text.lcd_show_string
                0x0000000008001264       0xc8 ./Core/Src/lcd.o
                0x0000000008001264                lcd_show_string
 .text.lcd_show_string_center
                0x000000000800132c       0x64 ./Core/Src/lcd.o
                0x000000000800132c                lcd_show_string_center
 .text.led_7seg_init
                0x0000000008001390       0x18 ./Core/Src/led_7seg.o
                0x0000000008001390                led_7seg_init
 .text.led_7seg_display
                0x00000000080013a8      0x118 ./Core/Src/led_7seg.o
                0x00000000080013a8                led_7seg_display
 .text.main     0x00000000080014c0       0x44 ./Core/Src/main.o
                0x00000000080014c0                main
 .text.SystemClock_Config
                0x0000000008001504       0xd4 ./Core/Src/main.o
                0x0000000008001504                SystemClock_Config
 .text.system_init
                0x00000000080015d8       0x54 ./Core/Src/main.o
                0x00000000080015d8                system_init
 .text.LeftIndicatorOn
                0x000000000800162c       0x1e ./Core/Src/main.o
                0x000000000800162c                LeftIndicatorOn
 .text.LeftIndicatorOff
                0x000000000800164a       0x1e ./Core/Src/main.o
                0x000000000800164a                LeftIndicatorOff
 .text.RightIndicatorOn
                0x0000000008001668       0x1e ./Core/Src/main.o
                0x0000000008001668                RightIndicatorOn
 .text.RightIndicatorOff
                0x0000000008001686       0x1e ./Core/Src/main.o
                0x0000000008001686                RightIndicatorOff
 .text.AppIndicator
                0x00000000080016a4      0x228 ./Core/Src/main.o
                0x00000000080016a4                AppIndicator
 .text.Error_Handler
                0x00000000080018cc        0xa ./Core/Src/main.o
                0x00000000080018cc                Error_Handler
 *fill*         0x00000000080018d6        0x2 
 .text.timer2_init
                0x00000000080018d8       0x14 ./Core/Src/software_timer.o
                0x00000000080018d8                timer2_init
 .text.timer4_init
                0x00000000080018ec       0x14 ./Core/Src/software_timer.o
                0x00000000080018ec                timer4_init
 .text.timer2_set
                0x0000000008001900       0x38 ./Core/Src/software_timer.o
                0x0000000008001900                timer2_set
 .text.timer4_set
                0x0000000008001938       0x38 ./Core/Src/software_timer.o
                0x0000000008001938                timer4_set
 .text.HAL_TIM_PeriodElapsedCallback
                0x0000000008001970       0x98 ./Core/Src/software_timer.o
                0x0000000008001970                HAL_TIM_PeriodElapsedCallback
 .text.MX_SPI1_Init
                0x0000000008001a08       0x6c ./Core/Src/spi.o
                0x0000000008001a08                MX_SPI1_Init
 .text.HAL_SPI_MspInit
                0x0000000008001a74       0x90 ./Core/Src/spi.o
                0x0000000008001a74                HAL_SPI_MspInit
 .text.HAL_MspInit
                0x0000000008001b04       0x50 ./Core/Src/stm32f4xx_hal_msp.o
                0x0000000008001b04                HAL_MspInit
 .text.NMI_Handler
                0x0000000008001b54        0x6 ./Core/Src/stm32f4xx_it.o
                0x0000000008001b54                NMI_Handler
 .text.HardFault_Handler
                0x0000000008001b5a        0x6 ./Core/Src/stm32f4xx_it.o
                0x0000000008001b5a                HardFault_Handler
 .text.MemManage_Handler
                0x0000000008001b60        0x6 ./Core/Src/stm32f4xx_it.o
                0x0000000008001b60                MemManage_Handler
 .text.BusFault_Handler
                0x0000000008001b66        0x6 ./Core/Src/stm32f4xx_it.o
                0x0000000008001b66                BusFault_Handler
 .text.UsageFault_Handler
                0x0000000008001b6c        0x6 ./Core/Src/stm32f4xx_it.o
                0x0000000008001b6c                UsageFault_Handler
 .text.SVC_Handler
                0x0000000008001b72        0xe ./Core/Src/stm32f4xx_it.o
                0x0000000008001b72                SVC_Handler
 .text.DebugMon_Handler
                0x0000000008001b80        0xe ./Core/Src/stm32f4xx_it.o
                0x0000000008001b80                DebugMon_Handler
 .text.PendSV_Handler
                0x0000000008001b8e        0xe ./Core/Src/stm32f4xx_it.o
                0x0000000008001b8e                PendSV_Handler
 .text.SysTick_Handler
                0x0000000008001b9c        0xc ./Core/Src/stm32f4xx_it.o
                0x0000000008001b9c                SysTick_Handler
 .text.TIM2_IRQHandler
                0x0000000008001ba8       0x14 ./Core/Src/stm32f4xx_it.o
                0x0000000008001ba8                TIM2_IRQHandler
 .text.TIM4_IRQHandler
                0x0000000008001bbc       0x14 ./Core/Src/stm32f4xx_it.o
                0x0000000008001bbc                TIM4_IRQHandler
 .text.SystemInit
                0x0000000008001bd0       0x24 ./Core/Src/system_stm32f4xx.o
                0x0000000008001bd0                SystemInit
 .text.MX_TIM2_Init
                0x0000000008001bf4       0x98 ./Core/Src/tim.o
                0x0000000008001bf4                MX_TIM2_Init
 .text.MX_TIM4_Init
                0x0000000008001c8c       0x9c ./Core/Src/tim.o
                0x0000000008001c8c                MX_TIM4_Init
 .text.HAL_TIM_Base_MspInit
                0x0000000008001d28       0x88 ./Core/Src/tim.o
                0x0000000008001d28                HAL_TIM_Base_MspInit
 .text.Reset_Handler
                0x0000000008001db0       0x50 ./Core/Startup/startup_stm32f407zetx.o
                0x0000000008001db0                Reset_Handler
 .text.Default_Handler
                0x0000000008001e00        0x2 ./Core/Startup/startup_stm32f407zetx.o
                0x0000000008001e00                RTC_Alarm_IRQHandler
                0x0000000008001e00                HASH_RNG_IRQHandler
                0x0000000008001e00                EXTI2_IRQHandler
                0x0000000008001e00                TIM8_CC_IRQHandler
                0x0000000008001e00                TIM1_CC_IRQHandler
                0x0000000008001e00                DMA2_Stream5_IRQHandler
                0x0000000008001e00                DMA1_Stream5_IRQHandler
                0x0000000008001e00                PVD_IRQHandler
                0x0000000008001e00                SDIO_IRQHandler
                0x0000000008001e00                TAMP_STAMP_IRQHandler
                0x0000000008001e00                CAN2_RX1_IRQHandler
                0x0000000008001e00                EXTI3_IRQHandler
                0x0000000008001e00                TIM8_TRG_COM_TIM14_IRQHandler
                0x0000000008001e00                TIM1_UP_TIM10_IRQHandler
                0x0000000008001e00                TIM8_UP_TIM13_IRQHandler
                0x0000000008001e00                I2C3_ER_IRQHandler
                0x0000000008001e00                EXTI0_IRQHandler
                0x0000000008001e00                I2C2_EV_IRQHandler
                0x0000000008001e00                DMA1_Stream2_IRQHandler
                0x0000000008001e00                CAN1_RX0_IRQHandler
                0x0000000008001e00                FPU_IRQHandler
                0x0000000008001e00                OTG_HS_WKUP_IRQHandler
                0x0000000008001e00                CAN2_SCE_IRQHandler
                0x0000000008001e00                DMA2_Stream2_IRQHandler
                0x0000000008001e00                SPI1_IRQHandler
                0x0000000008001e00                TIM6_DAC_IRQHandler
                0x0000000008001e00                TIM1_BRK_TIM9_IRQHandler
                0x0000000008001e00                DCMI_IRQHandler
                0x0000000008001e00                CAN2_RX0_IRQHandler
                0x0000000008001e00                DMA2_Stream3_IRQHandler
                0x0000000008001e00                USART6_IRQHandler
                0x0000000008001e00                USART3_IRQHandler
                0x0000000008001e00                CAN1_RX1_IRQHandler
                0x0000000008001e00                UART5_IRQHandler
                0x0000000008001e00                DMA2_Stream0_IRQHandler
                0x0000000008001e00                I2C1_EV_IRQHandler
                0x0000000008001e00                DMA1_Stream6_IRQHandler
                0x0000000008001e00                DMA1_Stream1_IRQHandler
                0x0000000008001e00                UART4_IRQHandler
                0x0000000008001e00                TIM3_IRQHandler
                0x0000000008001e00                RCC_IRQHandler
                0x0000000008001e00                TIM8_BRK_TIM12_IRQHandler
                0x0000000008001e00                Default_Handler
                0x0000000008001e00                EXTI15_10_IRQHandler
                0x0000000008001e00                ADC_IRQHandler
                0x0000000008001e00                DMA1_Stream7_IRQHandler
                0x0000000008001e00                TIM7_IRQHandler
                0x0000000008001e00                CAN2_TX_IRQHandler
                0x0000000008001e00                TIM5_IRQHandler
                0x0000000008001e00                DMA2_Stream7_IRQHandler
                0x0000000008001e00                I2C3_EV_IRQHandler
                0x0000000008001e00                EXTI9_5_IRQHandler
                0x0000000008001e00                RTC_WKUP_IRQHandler
                0x0000000008001e00                ETH_WKUP_IRQHandler
                0x0000000008001e00                SPI2_IRQHandler
                0x0000000008001e00                OTG_HS_EP1_IN_IRQHandler
                0x0000000008001e00                DMA1_Stream0_IRQHandler
                0x0000000008001e00                CAN1_TX_IRQHandler
                0x0000000008001e00                EXTI4_IRQHandler
                0x0000000008001e00                FSMC_IRQHandler
                0x0000000008001e00                ETH_IRQHandler
                0x0000000008001e00                OTG_HS_EP1_OUT_IRQHandler
                0x0000000008001e00                WWDG_IRQHandler
                0x0000000008001e00                OTG_FS_WKUP_IRQHandler
                0x0000000008001e00                TIM1_TRG_COM_TIM11_IRQHandler
                0x0000000008001e00                OTG_HS_IRQHandler
                0x0000000008001e00                EXTI1_IRQHandler
                0x0000000008001e00                USART2_IRQHandler
                0x0000000008001e00                I2C2_ER_IRQHandler
                0x0000000008001e00                DMA2_Stream1_IRQHandler
                0x0000000008001e00                CAN1_SCE_IRQHandler
                0x0000000008001e00                FLASH_IRQHandler
                0x0000000008001e00                DMA2_Stream4_IRQHandler
                0x0000000008001e00                USART1_IRQHandler
                0x0000000008001e00                OTG_FS_IRQHandler
                0x0000000008001e00                SPI3_IRQHandler
                0x0000000008001e00                DMA1_Stream4_IRQHandler
                0x0000000008001e00                I2C1_ER_IRQHandler
                0x0000000008001e00                DMA2_Stream6_IRQHandler
                0x0000000008001e00                DMA1_Stream3_IRQHandler
 *fill*         0x0000000008001e02        0x2 
 .text.HAL_Init
                0x0000000008001e04       0x44 ./Drivers/STM32F4xx_HAL_Driver/Src/stm32f4xx_hal.o
                0x0000000008001e04                HAL_Init
 .text.HAL_InitTick
                0x0000000008001e48       0x60 ./Drivers/STM32F4xx_HAL_Driver/Src/stm32f4xx_hal.o
                0x0000000008001e48                HAL_InitTick
 .text.HAL_IncTick
                0x0000000008001ea8       0x28 ./Drivers/STM32F4xx_HAL_Driver/Src/stm32f4xx_hal.o
                0x0000000008001ea8                HAL_IncTick
 .text.HAL_GetTick
                0x0000000008001ed0       0x18 ./Drivers/STM32F4xx_HAL_Driver/Src/stm32f4xx_hal.o
                0x0000000008001ed0                HAL_GetTick
 .text.HAL_Delay
                0x0000000008001ee8       0x48 ./Drivers/STM32F4xx_HAL_Driver/Src/stm32f4xx_hal.o
                0x0000000008001ee8                HAL_Delay
 .text.__NVIC_SetPriorityGrouping
                0x0000000008001f30       0x48 ./Drivers/STM32F4xx_HAL_Driver/Src/stm32f4xx_hal_cortex.o
 .text.__NVIC_GetPriorityGrouping
                0x0000000008001f78       0x1c ./Drivers/STM32F4xx_HAL_Driver/Src/stm32f4xx_hal_cortex.o
 .text.__NVIC_EnableIRQ
                0x0000000008001f94       0x3c ./Drivers/STM32F4xx_HAL_Driver/Src/stm32f4xx_hal_cortex.o
 .text.__NVIC_SetPriority
                0x0000000008001fd0       0x54 ./Drivers/STM32F4xx_HAL_Driver/Src/stm32f4xx_hal_cortex.o
 .text.NVIC_EncodePriority
                0x0000000008002024       0x66 ./Drivers/STM32F4xx_HAL_Driver/Src/stm32f4xx_hal_cortex.o
 *fill*         0x000000000800208a        0x2 
 .text.SysTick_Config
                0x000000000800208c       0x44 ./Drivers/STM32F4xx_HAL_Driver/Src/stm32f4xx_hal_cortex.o
 .text.HAL_NVIC_SetPriorityGrouping
                0x00000000080020d0       0x16 ./Drivers/STM32F4xx_HAL_Driver/Src/stm32f4xx_hal_cortex.o
                0x00000000080020d0                HAL_NVIC_SetPriorityGrouping
 .text.HAL_NVIC_SetPriority
                0x00000000080020e6       0x38 ./Drivers/STM32F4xx_HAL_Driver/Src/stm32f4xx_hal_cortex.o
                0x00000000080020e6                HAL_NVIC_SetPriority
 .text.HAL_NVIC_EnableIRQ
                0x000000000800211e       0x1c ./Drivers/STM32F4xx_HAL_Driver/Src/stm32f4xx_hal_cortex.o
                0x000000000800211e                HAL_NVIC_EnableIRQ
 .text.HAL_SYSTICK_Config
                0x000000000800213a       0x18 ./Drivers/STM32F4xx_HAL_Driver/Src/stm32f4xx_hal_cortex.o
                0x000000000800213a                HAL_SYSTICK_Config
 *fill*         0x0000000008002152        0x2 
 .text.HAL_GPIO_Init
                0x0000000008002154      0x338 ./Drivers/STM32F4xx_HAL_Driver/Src/stm32f4xx_hal_gpio.o
                0x0000000008002154                HAL_GPIO_Init
 .text.HAL_GPIO_WritePin
                0x000000000800248c       0x32 ./Drivers/STM32F4xx_HAL_Driver/Src/stm32f4xx_hal_gpio.o
                0x000000000800248c                HAL_GPIO_WritePin
 *fill*         0x00000000080024be        0x2 
 .text.HAL_RCC_OscConfig
                0x00000000080024c0      0x4f0 ./Drivers/STM32F4xx_HAL_Driver/Src/stm32f4xx_hal_rcc.o
                0x00000000080024c0                HAL_RCC_OscConfig
 .text.HAL_RCC_ClockConfig
                0x00000000080029b0      0x1cc ./Drivers/STM32F4xx_HAL_Driver/Src/stm32f4xx_hal_rcc.o
                0x00000000080029b0                HAL_RCC_ClockConfig
 .text.HAL_RCC_GetSysClockFreq
                0x0000000008002b7c      0x20c ./Drivers/STM32F4xx_HAL_Driver/Src/stm32f4xx_hal_rcc.o
                0x0000000008002b7c                HAL_RCC_GetSysClockFreq
 .text.HAL_SPI_Init
                0x0000000008002d88      0x112 ./Drivers/STM32F4xx_HAL_Driver/Src/stm32f4xx_hal_spi.o
                0x0000000008002d88                HAL_SPI_Init
 .text.HAL_SPI_Transmit
                0x0000000008002e9a      0x278 ./Drivers/STM32F4xx_HAL_Driver/Src/stm32f4xx_hal_spi.o
                0x0000000008002e9a                HAL_SPI_Transmit
 .text.HAL_SPI_Receive
                0x0000000008003112      0x222 ./Drivers/STM32F4xx_HAL_Driver/Src/stm32f4xx_hal_spi.o
                0x0000000008003112                HAL_SPI_Receive
 .text.HAL_SPI_TransmitReceive
                0x0000000008003334      0x344 ./Drivers/STM32F4xx_HAL_Driver/Src/stm32f4xx_hal_spi.o
                0x0000000008003334                HAL_SPI_TransmitReceive
 .text.SPI_WaitFlagStateUntilTimeout
                0x0000000008003678      0x110 ./Drivers/STM32F4xx_HAL_Driver/Src/stm32f4xx_hal_spi.o
 .text.SPI_EndRxTransaction
                0x0000000008003788       0xca ./Drivers/STM32F4xx_HAL_Driver/Src/stm32f4xx_hal_spi.o
 *fill*         0x0000000008003852        0x2 
 .text.SPI_EndRxTxTransaction
                0x0000000008003854       0x84 ./Drivers/STM32F4xx_HAL_Driver/Src/stm32f4xx_hal_spi.o
 .text.HAL_SRAM_Init
                0x00000000080038d8       0x88 ./Drivers/STM32F4xx_HAL_Driver/Src/stm32f4xx_hal_sram.o
                0x00000000080038d8                HAL_SRAM_Init
 .text.HAL_TIM_Base_Init
                0x0000000008003960       0x9e ./Drivers/STM32F4xx_HAL_Driver/Src/stm32f4xx_hal_tim.o
                0x0000000008003960                HAL_TIM_Base_Init
 *fill*         0x00000000080039fe        0x2 
 .text.HAL_TIM_Base_Start_IT
                0x0000000008003a00       0xe0 ./Drivers/STM32F4xx_HAL_Driver/Src/stm32f4xx_hal_tim.o
                0x0000000008003a00                HAL_TIM_Base_Start_IT
 .text.HAL_TIM_IRQHandler
                0x0000000008003ae0      0x210 ./Drivers/STM32F4xx_HAL_Driver/Src/stm32f4xx_hal_tim.o
                0x0000000008003ae0                HAL_TIM_IRQHandler
 .text.HAL_TIM_ConfigClockSource
                0x0000000008003cf0      0x18e ./Drivers/STM32F4xx_HAL_Driver/Src/stm32f4xx_hal_tim.o
                0x0000000008003cf0                HAL_TIM_ConfigClockSource
 .text.HAL_TIM_OC_DelayElapsedCallback
                0x0000000008003e7e       0x14 ./Drivers/STM32F4xx_HAL_Driver/Src/stm32f4xx_hal_tim.o
                0x0000000008003e7e                HAL_TIM_OC_DelayElapsedCallback
 .text.HAL_TIM_IC_CaptureCallback
                0x0000000008003e92       0x14 ./Drivers/STM32F4xx_HAL_Driver/Src/stm32f4xx_hal_tim.o
                0x0000000008003e92                HAL_TIM_IC_CaptureCallback
 .text.HAL_TIM_PWM_PulseFinishedCallback
                0x0000000008003ea6       0x14 ./Drivers/STM32F4xx_HAL_Driver/Src/stm32f4xx_hal_tim.o
                0x0000000008003ea6                HAL_TIM_PWM_PulseFinishedCallback
 .text.HAL_TIM_TriggerCallback
                0x0000000008003eba       0x14 ./Drivers/STM32F4xx_HAL_Driver/Src/stm32f4xx_hal_tim.o
                0x0000000008003eba                HAL_TIM_TriggerCallback
 *fill*         0x0000000008003ece        0x2 
 .text.TIM_Base_SetConfig
                0x0000000008003ed0      0x140 ./Drivers/STM32F4xx_HAL_Driver/Src/stm32f4xx_hal_tim.o
                0x0000000008003ed0                TIM_Base_SetConfig
 .text.TIM_TI1_ConfigInputStage
                0x0000000008004010       0x5e ./Drivers/STM32F4xx_HAL_Driver/Src/stm32f4xx_hal_tim.o
 .text.TIM_TI2_ConfigInputStage
                0x000000000800406e       0x60 ./Drivers/STM32F4xx_HAL_Driver/Src/stm32f4xx_hal_tim.o
 .text.TIM_ITRx_SetConfig
                0x00000000080040ce       0x36 ./Drivers/STM32F4xx_HAL_Driver/Src/stm32f4xx_hal_tim.o
 .text.TIM_ETR_SetConfig
                0x0000000008004104       0x40 ./Drivers/STM32F4xx_HAL_Driver/Src/stm32f4xx_hal_tim.o
                0x0000000008004104                TIM_ETR_SetConfig
 .text.HAL_TIMEx_MasterConfigSynchronization
                0x0000000008004144       0xf8 ./Drivers/STM32F4xx_HAL_Driver/Src/stm32f4xx_hal_tim_ex.o
                0x0000000008004144                HAL_TIMEx_MasterConfigSynchronization
 .text.HAL_TIMEx_CommutCallback
                0x000000000800423c       0x14 ./Drivers/STM32F4xx_HAL_Driver/Src/stm32f4xx_hal_tim_ex.o
                0x000000000800423c                HAL_TIMEx_CommutCallback
 .text.HAL_TIMEx_BreakCallback
                0x0000000008004250       0x14 ./Drivers/STM32F4xx_HAL_Driver/Src/stm32f4xx_hal_tim_ex.o
                0x0000000008004250                HAL_TIMEx_BreakCallback
 .text.FSMC_NORSRAM_Init
                0x0000000008004264       0xa4 ./Drivers/STM32F4xx_HAL_Driver/Src/stm32f4xx_ll_fsmc.o
                0x0000000008004264                FSMC_NORSRAM_Init
 .text.FSMC_NORSRAM_Timing_Init
                0x0000000008004308       0x7a ./Drivers/STM32F4xx_HAL_Driver/Src/stm32f4xx_ll_fsmc.o
                0x0000000008004308                FSMC_NORSRAM_Timing_Init
 *fill*         0x0000000008004382        0x2 
 .text.FSMC_NORSRAM_Extended_Timing_Init
                0x0000000008004384       0x80 ./Drivers/STM32F4xx_HAL_Driver/Src/stm32f4xx_ll_fsmc.o
                0x0000000008004384                FSMC_NORSRAM_Extended_Timing_Init
 .text.memset   0x0000000008004404       0x10 C:/STM32CubeIDE_1.14.0/STM32CubeIDE/plugins/com.st.stm32cube.ide.mcu.externaltools.gnu-tools-for-stm32.11.3.rel1.win32_1.1.100.202309141235/tools/bin/../lib/gcc/arm-none-eabi/11.3.1/../../../../arm-none-eabi/lib/thumb/v7e-m+fp/hard\libc_nano.a(libc_a-memset.o)
                0x0000000008004404                memset
 .text.__libc_init_array
                0x0000000008004414       0x48 C:/STM32CubeIDE_1.14.0/STM32CubeIDE/plugins/com.st.stm32cube.ide.mcu.externaltools.gnu-tools-for-stm32.11.3.rel1.win32_1.1.100.202309141235/tools/bin/../lib/gcc/arm-none-eabi/11.3.1/../../../../arm-none-eabi/lib/thumb/v7e-m+fp/hard\libc_nano.a(libc_a-init.o)
                0x0000000008004414                __libc_init_array
 *(.glue_7)
 .glue_7        0x000000000800445c        0x0 linker stubs
 *(.glue_7t)
 .glue_7t       0x000000000800445c        0x0 linker stubs
 *(.eh_frame)
 .eh_frame      0x000000000800445c        0x0 C:/STM32CubeIDE_1.14.0/STM32CubeIDE/plugins/com.st.stm32cube.ide.mcu.externaltools.gnu-tools-for-stm32.11.3.rel1.win32_1.1.100.202309141235/tools/bin/../lib/gcc/arm-none-eabi/11.3.1/thumb/v7e-m+fp/hard/crtbegin.o
 *(.init)
 .init          0x000000000800445c        0x4 C:/STM32CubeIDE_1.14.0/STM32CubeIDE/plugins/com.st.stm32cube.ide.mcu.externaltools.gnu-tools-for-stm32.11.3.rel1.win32_1.1.100.202309141235/tools/bin/../lib/gcc/arm-none-eabi/11.3.1/thumb/v7e-m+fp/hard/crti.o
                0x000000000800445c                _init
 .init          0x0000000008004460        0x8 C:/STM32CubeIDE_1.14.0/STM32CubeIDE/plugins/com.st.stm32cube.ide.mcu.externaltools.gnu-tools-for-stm32.11.3.rel1.win32_1.1.100.202309141235/tools/bin/../lib/gcc/arm-none-eabi/11.3.1/thumb/v7e-m+fp/hard/crtn.o
 *(.fini)
 .fini          0x0000000008004468        0x4 C:/STM32CubeIDE_1.14.0/STM32CubeIDE/plugins/com.st.stm32cube.ide.mcu.externaltools.gnu-tools-for-stm32.11.3.rel1.win32_1.1.100.202309141235/tools/bin/../lib/gcc/arm-none-eabi/11.3.1/thumb/v7e-m+fp/hard/crti.o
                0x0000000008004468                _fini
 .fini          0x000000000800446c        0x8 C:/STM32CubeIDE_1.14.0/STM32CubeIDE/plugins/com.st.stm32cube.ide.mcu.externaltools.gnu-tools-for-stm32.11.3.rel1.win32_1.1.100.202309141235/tools/bin/../lib/gcc/arm-none-eabi/11.3.1/thumb/v7e-m+fp/hard/crtn.o
                0x0000000008004474                . = ALIGN (0x4)
                0x0000000008004474                _etext = .

.vfp11_veneer   0x0000000008004474        0x0
 .vfp11_veneer  0x0000000008004474        0x0 linker stubs

.v4_bx          0x0000000008004474        0x0
 .v4_bx         0x0000000008004474        0x0 linker stubs

.iplt           0x0000000008004474        0x0
 .iplt          0x0000000008004474        0x0 C:/STM32CubeIDE_1.14.0/STM32CubeIDE/plugins/com.st.stm32cube.ide.mcu.externaltools.gnu-tools-for-stm32.11.3.rel1.win32_1.1.100.202309141235/tools/bin/../lib/gcc/arm-none-eabi/11.3.1/thumb/v7e-m+fp/hard/crtbegin.o

.rodata         0x0000000008004474    0x1ec20
                0x0000000008004474                . = ALIGN (0x4)
 *(.rodata)
 .rodata        0x0000000008004474       0x2e ./Core/Src/main.o
 *(.rodata*)
 *fill*         0x00000000080044a2        0x2 
 .rodata.ascii_1608
                0x00000000080044a4      0x5f0 ./Core/Src/lcd.o
                0x00000000080044a4                ascii_1608
 .rodata.ascii_2412
                0x0000000008004a94     0x11d0 ./Core/Src/lcd.o
                0x0000000008004a94                ascii_2412
 .rodata.ascii_3216
                0x0000000008005c64     0x17c0 ./Core/Src/lcd.o
                0x0000000008005c64                ascii_3216
 .rodata.gImage_background
                0x0000000008007424    0x1bc60 ./Core/Src/picture.o
                0x0000000008007424                gImage_background
 .rodata.AHBPrescTable
                0x0000000008023084       0x10 ./Core/Src/system_stm32f4xx.o
                0x0000000008023084                AHBPrescTable
                0x0000000008023094                . = ALIGN (0x4)

.ARM.extab      0x0000000008023094        0x0
                0x0000000008023094                . = ALIGN (0x4)
 *(.ARM.extab* .gnu.linkonce.armextab.*)
                0x0000000008023094                . = ALIGN (0x4)

.ARM            0x0000000008023094        0x8
                0x0000000008023094                . = ALIGN (0x4)
                0x0000000008023094                __exidx_start = .
 *(.ARM.exidx*)
 .ARM.exidx     0x0000000008023094        0x8 C:/STM32CubeIDE_1.14.0/STM32CubeIDE/plugins/com.st.stm32cube.ide.mcu.externaltools.gnu-tools-for-stm32.11.3.rel1.win32_1.1.100.202309141235/tools/bin/../lib/gcc/arm-none-eabi/11.3.1/thumb/v7e-m+fp/hard\libgcc.a(_udivmoddi4.o)
                0x000000000802309c                __exidx_end = .
                0x000000000802309c                . = ALIGN (0x4)

.rel.dyn        0x000000000802309c        0x0
 .rel.iplt      0x000000000802309c        0x0 C:/STM32CubeIDE_1.14.0/STM32CubeIDE/plugins/com.st.stm32cube.ide.mcu.externaltools.gnu-tools-for-stm32.11.3.rel1.win32_1.1.100.202309141235/tools/bin/../lib/gcc/arm-none-eabi/11.3.1/thumb/v7e-m+fp/hard/crtbegin.o

.preinit_array  0x000000000802309c        0x0
                0x000000000802309c                . = ALIGN (0x4)
                0x000000000802309c                PROVIDE (__preinit_array_start = .)
 *(.preinit_array*)
                0x000000000802309c                PROVIDE (__preinit_array_end = .)
                0x000000000802309c                . = ALIGN (0x4)

.init_array     0x000000000802309c        0x4
                0x000000000802309c                . = ALIGN (0x4)
                0x000000000802309c                PROVIDE (__init_array_start = .)
 *(SORT_BY_NAME(.init_array.*))
 *(.init_array*)
 .init_array    0x000000000802309c        0x4 C:/STM32CubeIDE_1.14.0/STM32CubeIDE/plugins/com.st.stm32cube.ide.mcu.externaltools.gnu-tools-for-stm32.11.3.rel1.win32_1.1.100.202309141235/tools/bin/../lib/gcc/arm-none-eabi/11.3.1/thumb/v7e-m+fp/hard/crtbegin.o
                0x00000000080230a0                PROVIDE (__init_array_end = .)
                0x00000000080230a0                . = ALIGN (0x4)

.fini_array     0x00000000080230a0        0x4
                0x00000000080230a0                . = ALIGN (0x4)
                [!provide]                        PROVIDE (__fini_array_start = .)
 *(SORT_BY_NAME(.fini_array.*))
 *(.fini_array*)
 .fini_array    0x00000000080230a0        0x4 C:/STM32CubeIDE_1.14.0/STM32CubeIDE/plugins/com.st.stm32cube.ide.mcu.externaltools.gnu-tools-for-stm32.11.3.rel1.win32_1.1.100.202309141235/tools/bin/../lib/gcc/arm-none-eabi/11.3.1/thumb/v7e-m+fp/hard/crtbegin.o
                [!provide]                        PROVIDE (__fini_array_end = .)
                0x00000000080230a4                . = ALIGN (0x4)
                0x00000000080230a4                _sidata = LOADADDR (.data)

.data           0x0000000020000000       0x14 load address 0x00000000080230a4
                0x0000000020000000                . = ALIGN (0x4)
                0x0000000020000000                _sdata = .
 *(.data)
 *(.data*)
 .data.led_7seg
                0x0000000020000000        0x4 ./Core/Src/led_7seg.o
 .data.spi_buffer
                0x0000000020000004        0x2 ./Core/Src/led_7seg.o
 *fill*         0x0000000020000006        0x2 
 .data.SystemCoreClock
                0x0000000020000008        0x4 ./Core/Src/system_stm32f4xx.o
                0x0000000020000008                SystemCoreClock
 .data.uwTickPrio
                0x000000002000000c        0x4 ./Drivers/STM32F4xx_HAL_Driver/Src/stm32f4xx_hal.o
                0x000000002000000c                uwTickPrio
 .data.uwTickFreq
                0x0000000020000010        0x1 ./Drivers/STM32F4xx_HAL_Driver/Src/stm32f4xx_hal.o
                0x0000000020000010                uwTickFreq
 *(.RamFunc)
 *(.RamFunc*)
                0x0000000020000014                . = ALIGN (0x4)
 *fill*         0x0000000020000011        0x3 
                0x0000000020000014                _edata = .
                0x00000000080230b8                _siccmram = LOADADDR (.ccmram)

.igot.plt       0x0000000020000014        0x0 load address 0x00000000080230b8
 .igot.plt      0x0000000020000014        0x0 C:/STM32CubeIDE_1.14.0/STM32CubeIDE/plugins/com.st.stm32cube.ide.mcu.externaltools.gnu-tools-for-stm32.11.3.rel1.win32_1.1.100.202309141235/tools/bin/../lib/gcc/arm-none-eabi/11.3.1/thumb/v7e-m+fp/hard/crtbegin.o

.ccmram         0x0000000010000000        0x0 load address 0x00000000080230b8
                0x0000000010000000                . = ALIGN (0x4)
                0x0000000010000000                _sccmram = .
 *(.ccmram)
 *(.ccmram*)
                0x0000000010000000                . = ALIGN (0x4)
                0x0000000010000000                _eccmram = .
                0x0000000010000000                . = ALIGN (0x4)

.bss            0x0000000020000014      0x1a0
                0x0000000020000014                _sbss = .
                0x0000000020000014                __bss_start__ = _sbss
 *(.bss)
 .bss           0x0000000020000014       0x1c C:/STM32CubeIDE_1.14.0/STM32CubeIDE/plugins/com.st.stm32cube.ide.mcu.externaltools.gnu-tools-for-stm32.11.3.rel1.win32_1.1.100.202309141235/tools/bin/../lib/gcc/arm-none-eabi/11.3.1/thumb/v7e-m+fp/hard/crtbegin.o
 *(.bss*)
 .bss.button_count
                0x0000000020000030       0x20 ./Core/Src/button.o
                0x0000000020000030                button_count
 .bss.button_spi_buffer
                0x0000000020000050        0x2 ./Core/Src/button.o
 *fill*         0x0000000020000052        0x2 
 .bss.hsram1    0x0000000020000054       0x50 ./Core/Src/fsmc.o
                0x0000000020000054                hsram1
 .bss.FSMC_Initialized
                0x00000000200000a4        0x4 ./Core/Src/fsmc.o
 .bss.lcddev    0x00000000200000a8        0x6 ./Core/Src/lcd.o
                0x00000000200000a8                lcddev
 .bss.led_7seg_index
                0x00000000200000ae        0x2 ./Core/Src/led_7seg.o
 .bss.flag_blink
                0x00000000200000b0        0x4 ./Core/Src/main.o
                0x00000000200000b0                flag_blink
 .bss.cntOfIndicator
                0x00000000200000b4        0x4 ./Core/Src/main.o
                0x00000000200000b4                cntOfIndicator
 .bss.statusOfIndicator
                0x00000000200000b8        0x4 ./Core/Src/main.o
                0x00000000200000b8                statusOfIndicator
 .bss.timer2_flag
                0x00000000200000bc        0x1 ./Core/Src/software_timer.o
                0x00000000200000bc                timer2_flag
 *fill*         0x00000000200000bd        0x1 
 .bss.timer2_counter
                0x00000000200000be        0x2 ./Core/Src/software_timer.o
                0x00000000200000be                timer2_counter
 .bss.timer2_mul
                0x00000000200000c0        0x2 ./Core/Src/software_timer.o
                0x00000000200000c0                timer2_mul
 .bss.timer4_flag
                0x00000000200000c2        0x1 ./Core/Src/software_timer.o
                0x00000000200000c2                timer4_flag
 *fill*         0x00000000200000c3        0x1 
 .bss.timer4_counter
                0x00000000200000c4        0x2 ./Core/Src/software_timer.o
                0x00000000200000c4                timer4_counter
 .bss.timer4_mul
                0x00000000200000c6        0x2 ./Core/Src/software_timer.o
                0x00000000200000c6                timer4_mul
 .bss.hspi1     0x00000000200000c8       0x58 ./Core/Src/spi.o
                0x00000000200000c8                hspi1
 .bss.htim2     0x0000000020000120       0x48 ./Core/Src/tim.o
                0x0000000020000120                htim2
 .bss.htim4     0x0000000020000168       0x48 ./Core/Src/tim.o
                0x0000000020000168                htim4
 .bss.uwTick    0x00000000200001b0        0x4 ./Drivers/STM32F4xx_HAL_Driver/Src/stm32f4xx_hal.o
                0x00000000200001b0                uwTick
 *(COMMON)
                0x00000000200001b4                . = ALIGN (0x4)
                0x00000000200001b4                _ebss = .
                0x00000000200001b4                __bss_end__ = _ebss

._user_heap_stack
                0x00000000200001b4      0x604
                0x00000000200001b8                . = ALIGN (0x8)
 *fill*         0x00000000200001b4        0x4 
                [!provide]                        PROVIDE (end = .)
                0x00000000200001b8                PROVIDE (_end = .)
                0x00000000200003b8                . = (. + _Min_Heap_Size)
 *fill*         0x00000000200001b8      0x200 
                0x00000000200007b8                . = (. + _Min_Stack_Size)
 *fill*         0x00000000200003b8      0x400 
                0x00000000200007b8                . = ALIGN (0x8)

/DISCARD/
 libc.a(*)
 libm.a(*)
 libgcc.a(*)

.ARM.attributes
                0x0000000000000000       0x30
 *(.ARM.attributes)
 .ARM.attributes
                0x0000000000000000       0x1e C:/STM32CubeIDE_1.14.0/STM32CubeIDE/plugins/com.st.stm32cube.ide.mcu.externaltools.gnu-tools-for-stm32.11.3.rel1.win32_1.1.100.202309141235/tools/bin/../lib/gcc/arm-none-eabi/11.3.1/thumb/v7e-m+fp/hard/crti.o
 .ARM.attributes
                0x000000000000001e       0x34 C:/STM32CubeIDE_1.14.0/STM32CubeIDE/plugins/com.st.stm32cube.ide.mcu.externaltools.gnu-tools-for-stm32.11.3.rel1.win32_1.1.100.202309141235/tools/bin/../lib/gcc/arm-none-eabi/11.3.1/thumb/v7e-m+fp/hard/crtbegin.o
 .ARM.attributes
                0x0000000000000052       0x34 ./Core/Src/button.o
 .ARM.attributes
                0x0000000000000086       0x34 ./Core/Src/fsmc.o
 .ARM.attributes
                0x00000000000000ba       0x34 ./Core/Src/gpio.o
 .ARM.attributes
                0x00000000000000ee       0x34 ./Core/Src/lcd.o
 .ARM.attributes
                0x0000000000000122       0x34 ./Core/Src/led_7seg.o
 .ARM.attributes
                0x0000000000000156       0x34 ./Core/Src/main.o
 .ARM.attributes
                0x000000000000018a       0x34 ./Core/Src/picture.o
 .ARM.attributes
                0x00000000000001be       0x34 ./Core/Src/software_timer.o
 .ARM.attributes
                0x00000000000001f2       0x34 ./Core/Src/spi.o
 .ARM.attributes
                0x0000000000000226       0x34 ./Core/Src/stm32f4xx_hal_msp.o
 .ARM.attributes
                0x000000000000025a       0x34 ./Core/Src/stm32f4xx_it.o
 .ARM.attributes
                0x000000000000028e       0x34 ./Core/Src/system_stm32f4xx.o
 .ARM.attributes
                0x00000000000002c2       0x34 ./Core/Src/tim.o
 .ARM.attributes
                0x00000000000002f6       0x21 ./Core/Startup/startup_stm32f407zetx.o
 .ARM.attributes
                0x0000000000000317       0x34 ./Drivers/STM32F4xx_HAL_Driver/Src/stm32f4xx_hal.o
 .ARM.attributes
                0x000000000000034b       0x34 ./Drivers/STM32F4xx_HAL_Driver/Src/stm32f4xx_hal_cortex.o
 .ARM.attributes
                0x000000000000037f       0x34 ./Drivers/STM32F4xx_HAL_Driver/Src/stm32f4xx_hal_gpio.o
 .ARM.attributes
                0x00000000000003b3       0x34 ./Drivers/STM32F4xx_HAL_Driver/Src/stm32f4xx_hal_rcc.o
 .ARM.attributes
                0x00000000000003e7       0x34 ./Drivers/STM32F4xx_HAL_Driver/Src/stm32f4xx_hal_spi.o
 .ARM.attributes
                0x000000000000041b       0x34 ./Drivers/STM32F4xx_HAL_Driver/Src/stm32f4xx_hal_sram.o
 .ARM.attributes
                0x000000000000044f       0x34 ./Drivers/STM32F4xx_HAL_Driver/Src/stm32f4xx_hal_tim.o
 .ARM.attributes
                0x0000000000000483       0x34 ./Drivers/STM32F4xx_HAL_Driver/Src/stm32f4xx_hal_tim_ex.o
 .ARM.attributes
                0x00000000000004b7       0x34 ./Drivers/STM32F4xx_HAL_Driver/Src/stm32f4xx_ll_fsmc.o
 .ARM.attributes
                0x00000000000004eb       0x34 C:/STM32CubeIDE_1.14.0/STM32CubeIDE/plugins/com.st.stm32cube.ide.mcu.externaltools.gnu-tools-for-stm32.11.3.rel1.win32_1.1.100.202309141235/tools/bin/../lib/gcc/arm-none-eabi/11.3.1/../../../../arm-none-eabi/lib/thumb/v7e-m+fp/hard\libc_nano.a(libc_a-memset.o)
 .ARM.attributes
                0x000000000000051f       0x34 C:/STM32CubeIDE_1.14.0/STM32CubeIDE/plugins/com.st.stm32cube.ide.mcu.externaltools.gnu-tools-for-stm32.11.3.rel1.win32_1.1.100.202309141235/tools/bin/../lib/gcc/arm-none-eabi/11.3.1/../../../../arm-none-eabi/lib/thumb/v7e-m+fp/hard\libc_nano.a(libc_a-init.o)
 .ARM.attributes
                0x0000000000000553       0x17 C:/STM32CubeIDE_1.14.0/STM32CubeIDE/plugins/com.st.stm32cube.ide.mcu.externaltools.gnu-tools-for-stm32.11.3.rel1.win32_1.1.100.202309141235/tools/bin/../lib/gcc/arm-none-eabi/11.3.1/../../../../arm-none-eabi/lib/thumb/v7e-m+fp/hard\libc_nano.a(libc_a-strlen.o)
 .ARM.attributes
                0x000000000000056a       0x1e C:/STM32CubeIDE_1.14.0/STM32CubeIDE/plugins/com.st.stm32cube.ide.mcu.externaltools.gnu-tools-for-stm32.11.3.rel1.win32_1.1.100.202309141235/tools/bin/../lib/gcc/arm-none-eabi/11.3.1/thumb/v7e-m+fp/hard\libgcc.a(_aeabi_uldivmod.o)
 .ARM.attributes
                0x0000000000000588       0x34 C:/STM32CubeIDE_1.14.0/STM32CubeIDE/plugins/com.st.stm32cube.ide.mcu.externaltools.gnu-tools-for-stm32.11.3.rel1.win32_1.1.100.202309141235/tools/bin/../lib/gcc/arm-none-eabi/11.3.1/thumb/v7e-m+fp/hard\libgcc.a(_udivmoddi4.o)
 .ARM.attributes
                0x00000000000005bc       0x1e C:/STM32CubeIDE_1.14.0/STM32CubeIDE/plugins/com.st.stm32cube.ide.mcu.externaltools.gnu-tools-for-stm32.11.3.rel1.win32_1.1.100.202309141235/tools/bin/../lib/gcc/arm-none-eabi/11.3.1/thumb/v7e-m+fp/hard\libgcc.a(_dvmd_tls.o)
 .ARM.attributes
                0x00000000000005da       0x1e C:/STM32CubeIDE_1.14.0/STM32CubeIDE/plugins/com.st.stm32cube.ide.mcu.externaltools.gnu-tools-for-stm32.11.3.rel1.win32_1.1.100.202309141235/tools/bin/../lib/gcc/arm-none-eabi/11.3.1/thumb/v7e-m+fp/hard/crtn.o
OUTPUT(Lab5_FSM_CarIndicator.elf elf32-littlearm)
LOAD linker stubs
LOAD C:/STM32CubeIDE_1.14.0/STM32CubeIDE/plugins/com.st.stm32cube.ide.mcu.externaltools.gnu-tools-for-stm32.11.3.rel1.win32_1.1.100.202309141235/tools/bin/../lib/gcc/arm-none-eabi/11.3.1/../../../../arm-none-eabi/lib/thumb/v7e-m+fp/hard\libc.a
LOAD C:/STM32CubeIDE_1.14.0/STM32CubeIDE/plugins/com.st.stm32cube.ide.mcu.externaltools.gnu-tools-for-stm32.11.3.rel1.win32_1.1.100.202309141235/tools/bin/../lib/gcc/arm-none-eabi/11.3.1/../../../../arm-none-eabi/lib/thumb/v7e-m+fp/hard\libm.a
LOAD C:/STM32CubeIDE_1.14.0/STM32CubeIDE/plugins/com.st.stm32cube.ide.mcu.externaltools.gnu-tools-for-stm32.11.3.rel1.win32_1.1.100.202309141235/tools/bin/../lib/gcc/arm-none-eabi/11.3.1/thumb/v7e-m+fp/hard\libgcc.a

.comment        0x0000000000000000       0x43
 .comment       0x0000000000000000       0x43 C:/STM32CubeIDE_1.14.0/STM32CubeIDE/plugins/com.st.stm32cube.ide.mcu.externaltools.gnu-tools-for-stm32.11.3.rel1.win32_1.1.100.202309141235/tools/bin/../lib/gcc/arm-none-eabi/11.3.1/thumb/v7e-m+fp/hard/crtbegin.o
                                         0x44 (size before relaxing)
 .comment       0x0000000000000043       0x44 ./Core/Src/button.o
 .comment       0x0000000000000043       0x44 ./Core/Src/fsmc.o
 .comment       0x0000000000000043       0x44 ./Core/Src/gpio.o
 .comment       0x0000000000000043       0x44 ./Core/Src/lcd.o
 .comment       0x0000000000000043       0x44 ./Core/Src/led_7seg.o
 .comment       0x0000000000000043       0x44 ./Core/Src/main.o
 .comment       0x0000000000000043       0x44 ./Core/Src/picture.o
 .comment       0x0000000000000043       0x44 ./Core/Src/software_timer.o
 .comment       0x0000000000000043       0x44 ./Core/Src/spi.o
 .comment       0x0000000000000043       0x44 ./Core/Src/stm32f4xx_hal_msp.o
 .comment       0x0000000000000043       0x44 ./Core/Src/stm32f4xx_it.o
 .comment       0x0000000000000043       0x44 ./Core/Src/system_stm32f4xx.o
 .comment       0x0000000000000043       0x44 ./Core/Src/tim.o
 .comment       0x0000000000000043       0x44 ./Drivers/STM32F4xx_HAL_Driver/Src/stm32f4xx_hal.o
 .comment       0x0000000000000043       0x44 ./Drivers/STM32F4xx_HAL_Driver/Src/stm32f4xx_hal_cortex.o
 .comment       0x0000000000000043       0x44 ./Drivers/STM32F4xx_HAL_Driver/Src/stm32f4xx_hal_gpio.o
 .comment       0x0000000000000043       0x44 ./Drivers/STM32F4xx_HAL_Driver/Src/stm32f4xx_hal_rcc.o
 .comment       0x0000000000000043       0x44 ./Drivers/STM32F4xx_HAL_Driver/Src/stm32f4xx_hal_spi.o
 .comment       0x0000000000000043       0x44 ./Drivers/STM32F4xx_HAL_Driver/Src/stm32f4xx_hal_sram.o
 .comment       0x0000000000000043       0x44 ./Drivers/STM32F4xx_HAL_Driver/Src/stm32f4xx_hal_tim.o
 .comment       0x0000000000000043       0x44 ./Drivers/STM32F4xx_HAL_Driver/Src/stm32f4xx_hal_tim_ex.o
 .comment       0x0000000000000043       0x44 ./Drivers/STM32F4xx_HAL_Driver/Src/stm32f4xx_ll_fsmc.o

.debug_info     0x0000000000000000     0xec72
 .debug_info    0x0000000000000000      0x76c ./Core/Src/button.o
 .debug_info    0x000000000000076c      0x99a ./Core/Src/fsmc.o
 .debug_info    0x0000000000001106      0x45d ./Core/Src/gpio.o
 .debug_info    0x0000000000001563      0xc29 ./Core/Src/lcd.o
 .debug_info    0x000000000000218c      0x803 ./Core/Src/led_7seg.o
 .debug_info    0x000000000000298f      0x7dc ./Core/Src/main.o
 .debug_info    0x000000000000316b       0x68 ./Core/Src/picture.o
 .debug_info    0x00000000000031d3      0x7af ./Core/Src/software_timer.o
 .debug_info    0x0000000000003982      0x943 ./Core/Src/spi.o
 .debug_info    0x00000000000042c5      0x269 ./Core/Src/stm32f4xx_hal_msp.o
 .debug_info    0x000000000000452e      0x6f9 ./Core/Src/stm32f4xx_it.o
 .debug_info    0x0000000000004c27      0x512 ./Core/Src/system_stm32f4xx.o
 .debug_info    0x0000000000005139      0xc58 ./Core/Src/tim.o
 .debug_info    0x0000000000005d91       0x23 ./Core/Startup/startup_stm32f407zetx.o
 .debug_info    0x0000000000005db4      0x948 ./Drivers/STM32F4xx_HAL_Driver/Src/stm32f4xx_hal.o
 .debug_info    0x00000000000066fc      0xd46 ./Drivers/STM32F4xx_HAL_Driver/Src/stm32f4xx_hal_cortex.o
 .debug_info    0x0000000000007442      0x6c3 ./Drivers/STM32F4xx_HAL_Driver/Src/stm32f4xx_hal_gpio.o
 .debug_info    0x0000000000007b05      0x8b1 ./Drivers/STM32F4xx_HAL_Driver/Src/stm32f4xx_hal_rcc.o
 .debug_info    0x00000000000083b6     0x15fb ./Drivers/STM32F4xx_HAL_Driver/Src/stm32f4xx_hal_spi.o
 .debug_info    0x00000000000099b1      0xb3e ./Drivers/STM32F4xx_HAL_Driver/Src/stm32f4xx_hal_sram.o
 .debug_info    0x000000000000a4ef     0x2949 ./Drivers/STM32F4xx_HAL_Driver/Src/stm32f4xx_hal_tim.o
 .debug_info    0x000000000000ce38     0x14ae ./Drivers/STM32F4xx_HAL_Driver/Src/stm32f4xx_hal_tim_ex.o
 .debug_info    0x000000000000e2e6      0x98c ./Drivers/STM32F4xx_HAL_Driver/Src/stm32f4xx_ll_fsmc.o

.debug_abbrev   0x0000000000000000     0x2b40
 .debug_abbrev  0x0000000000000000      0x1c8 ./Core/Src/button.o
 .debug_abbrev  0x00000000000001c8      0x215 ./Core/Src/fsmc.o
 .debug_abbrev  0x00000000000003dd      0x152 ./Core/Src/gpio.o
 .debug_abbrev  0x000000000000052f      0x328 ./Core/Src/lcd.o
 .debug_abbrev  0x0000000000000857      0x1ca ./Core/Src/led_7seg.o
 .debug_abbrev  0x0000000000000a21      0x258 ./Core/Src/main.o
 .debug_abbrev  0x0000000000000c79       0x58 ./Core/Src/picture.o
 .debug_abbrev  0x0000000000000cd1      0x200 ./Core/Src/software_timer.o
 .debug_abbrev  0x0000000000000ed1      0x1f3 ./Core/Src/spi.o
 .debug_abbrev  0x00000000000010c4       0xd8 ./Core/Src/stm32f4xx_hal_msp.o
 .debug_abbrev  0x000000000000119c      0x194 ./Core/Src/stm32f4xx_it.o
 .debug_abbrev  0x0000000000001330      0x11a ./Core/Src/system_stm32f4xx.o
 .debug_abbrev  0x000000000000144a      0x1ff ./Core/Src/tim.o
 .debug_abbrev  0x0000000000001649       0x12 ./Core/Startup/startup_stm32f407zetx.o
 .debug_abbrev  0x000000000000165b      0x213 ./Drivers/STM32F4xx_HAL_Driver/Src/stm32f4xx_hal.o
 .debug_abbrev  0x000000000000186e      0x327 ./Drivers/STM32F4xx_HAL_Driver/Src/stm32f4xx_hal_cortex.o
 .debug_abbrev  0x0000000000001b95      0x1d4 ./Drivers/STM32F4xx_HAL_Driver/Src/stm32f4xx_hal_gpio.o
 .debug_abbrev  0x0000000000001d69      0x2b6 ./Drivers/STM32F4xx_HAL_Driver/Src/stm32f4xx_hal_rcc.o
 .debug_abbrev  0x000000000000201f      0x284 ./Drivers/STM32F4xx_HAL_Driver/Src/stm32f4xx_hal_spi.o
 .debug_abbrev  0x00000000000022a3      0x208 ./Drivers/STM32F4xx_HAL_Driver/Src/stm32f4xx_hal_sram.o
 .debug_abbrev  0x00000000000024ab      0x271 ./Drivers/STM32F4xx_HAL_Driver/Src/stm32f4xx_hal_tim.o
 .debug_abbrev  0x000000000000271c      0x27c ./Drivers/STM32F4xx_HAL_Driver/Src/stm32f4xx_hal_tim_ex.o
 .debug_abbrev  0x0000000000002998      0x1a8 ./Drivers/STM32F4xx_HAL_Driver/Src/stm32f4xx_ll_fsmc.o

.debug_aranges  0x0000000000000000      0xee0
 .debug_aranges
                0x0000000000000000       0x28 ./Core/Src/button.o
 .debug_aranges
                0x0000000000000028       0x40 ./Core/Src/fsmc.o
 .debug_aranges
                0x0000000000000068       0x20 ./Core/Src/gpio.o
 .debug_aranges
                0x0000000000000088       0xd8 ./Core/Src/lcd.o
 .debug_aranges
                0x0000000000000160       0x48 ./Core/Src/led_7seg.o
 .debug_aranges
                0x00000000000001a8       0x60 ./Core/Src/main.o
 .debug_aranges
                0x0000000000000208       0x18 ./Core/Src/picture.o
 .debug_aranges
                0x0000000000000220       0x40 ./Core/Src/software_timer.o
 .debug_aranges
                0x0000000000000260       0x30 ./Core/Src/spi.o
 .debug_aranges
                0x0000000000000290       0x20 ./Core/Src/stm32f4xx_hal_msp.o
 .debug_aranges
                0x00000000000002b0       0x70 ./Core/Src/stm32f4xx_it.o
 .debug_aranges
                0x0000000000000320       0x28 ./Core/Src/system_stm32f4xx.o
 .debug_aranges
                0x0000000000000348       0x38 ./Core/Src/tim.o
 .debug_aranges
                0x0000000000000380       0x28 ./Core/Startup/startup_stm32f407zetx.o
 .debug_aranges
                0x00000000000003a8       0xf0 ./Drivers/STM32F4xx_HAL_Driver/Src/stm32f4xx_hal.o
 .debug_aranges
                0x0000000000000498      0x118 ./Drivers/STM32F4xx_HAL_Driver/Src/stm32f4xx_hal_cortex.o
 .debug_aranges
                0x00000000000005b0       0x58 ./Drivers/STM32F4xx_HAL_Driver/Src/stm32f4xx_hal_gpio.o
 .debug_aranges
                0x0000000000000608       0x88 ./Drivers/STM32F4xx_HAL_Driver/Src/stm32f4xx_hal_rcc.o
 .debug_aranges
                0x0000000000000690      0x1d0 ./Drivers/STM32F4xx_HAL_Driver/Src/stm32f4xx_hal_spi.o
 .debug_aranges
                0x0000000000000860       0xa0 ./Drivers/STM32F4xx_HAL_Driver/Src/stm32f4xx_hal_sram.o
 .debug_aranges
                0x0000000000000900      0x3d0 ./Drivers/STM32F4xx_HAL_Driver/Src/stm32f4xx_hal_tim.o
 .debug_aranges
                0x0000000000000cd0      0x168 ./Drivers/STM32F4xx_HAL_Driver/Src/stm32f4xx_hal_tim_ex.o
 .debug_aranges
                0x0000000000000e38       0xa8 ./Drivers/STM32F4xx_HAL_Driver/Src/stm32f4xx_ll_fsmc.o

.debug_rnglists
                0x0000000000000000      0xb46
 .debug_rnglists
                0x0000000000000000       0x1a ./Core/Src/button.o
 .debug_rnglists
                0x000000000000001a       0x2d ./Core/Src/fsmc.o
 .debug_rnglists
                0x0000000000000047       0x14 ./Core/Src/gpio.o
 .debug_rnglists
                0x000000000000005b       0xa8 ./Core/Src/lcd.o
 .debug_rnglists
                0x0000000000000103       0x32 ./Core/Src/led_7seg.o
 .debug_rnglists
                0x0000000000000135       0x45 ./Core/Src/main.o
 .debug_rnglists
                0x000000000000017a       0x2c ./Core/Src/software_timer.o
 .debug_rnglists
                0x00000000000001a6       0x20 ./Core/Src/spi.o
 .debug_rnglists
                0x00000000000001c6       0x13 ./Core/Src/stm32f4xx_hal_msp.o
 .debug_rnglists
                0x00000000000001d9       0x4f ./Core/Src/stm32f4xx_it.o
 .debug_rnglists
                0x0000000000000228       0x1a ./Core/Src/system_stm32f4xx.o
 .debug_rnglists
                0x0000000000000242       0x28 ./Core/Src/tim.o
 .debug_rnglists
                0x000000000000026a       0x19 ./Core/Startup/startup_stm32f407zetx.o
 .debug_rnglists
                0x0000000000000283       0xaf ./Drivers/STM32F4xx_HAL_Driver/Src/stm32f4xx_hal.o
 .debug_rnglists
                0x0000000000000332       0xce ./Drivers/STM32F4xx_HAL_Driver/Src/stm32f4xx_hal_cortex.o
 .debug_rnglists
                0x0000000000000400       0x3f ./Drivers/STM32F4xx_HAL_Driver/Src/stm32f4xx_hal_gpio.o
 .debug_rnglists
                0x000000000000043f       0x66 ./Drivers/STM32F4xx_HAL_Driver/Src/stm32f4xx_hal_rcc.o
 .debug_rnglists
                0x00000000000004a5      0x16f ./Drivers/STM32F4xx_HAL_Driver/Src/stm32f4xx_hal_spi.o
 .debug_rnglists
                0x0000000000000614       0x76 ./Drivers/STM32F4xx_HAL_Driver/Src/stm32f4xx_hal_sram.o
 .debug_rnglists
                0x000000000000068a      0x31a ./Drivers/STM32F4xx_HAL_Driver/Src/stm32f4xx_hal_tim.o
 .debug_rnglists
                0x00000000000009a4      0x125 ./Drivers/STM32F4xx_HAL_Driver/Src/stm32f4xx_hal_tim_ex.o
 .debug_rnglists
                0x0000000000000ac9       0x7d ./Drivers/STM32F4xx_HAL_Driver/Src/stm32f4xx_ll_fsmc.o

.debug_macro    0x0000000000000000    0x224bd
 .debug_macro   0x0000000000000000      0x216 ./Core/Src/button.o
 .debug_macro   0x0000000000000216      0xaa8 ./Core/Src/button.o
 .debug_macro   0x0000000000000cbe       0x22 ./Core/Src/button.o
 .debug_macro   0x0000000000000ce0       0x8e ./Core/Src/button.o
 .debug_macro   0x0000000000000d6e       0x51 ./Core/Src/button.o
 .debug_macro   0x0000000000000dbf      0x103 ./Core/Src/button.o
 .debug_macro   0x0000000000000ec2       0x6a ./Core/Src/button.o
 .debug_macro   0x0000000000000f2c      0x1df ./Core/Src/button.o
 .debug_macro   0x000000000000110b      0x2a1 ./Core/Src/button.o
 .debug_macro   0x00000000000013ac       0x2e ./Core/Src/button.o
 .debug_macro   0x00000000000013da       0x2f ./Core/Src/button.o
 .debug_macro   0x0000000000001409       0x1c ./Core/Src/button.o
 .debug_macro   0x0000000000001425       0x22 ./Core/Src/button.o
 .debug_macro   0x0000000000001447       0xd9 ./Core/Src/button.o
 .debug_macro   0x0000000000001520     0x102d ./Core/Src/button.o
 .debug_macro   0x000000000000254d      0x11f ./Core/Src/button.o
 .debug_macro   0x000000000000266c    0x15e58 ./Core/Src/button.o
 .debug_macro   0x00000000000184c4       0x6d ./Core/Src/button.o
 .debug_macro   0x0000000000018531     0x3666 ./Core/Src/button.o
 .debug_macro   0x000000000001bb97      0x174 ./Core/Src/button.o
 .debug_macro   0x000000000001bd0b       0x5c ./Core/Src/button.o
 .debug_macro   0x000000000001bd67      0x96b ./Core/Src/button.o
 .debug_macro   0x000000000001c6d2      0x9fe ./Core/Src/button.o
 .debug_macro   0x000000000001d0d0      0x116 ./Core/Src/button.o
 .debug_macro   0x000000000001d1e6      0x13e ./Core/Src/button.o
 .debug_macro   0x000000000001d324       0xa5 ./Core/Src/button.o
 .debug_macro   0x000000000001d3c9      0x174 ./Core/Src/button.o
 .debug_macro   0x000000000001d53d      0x287 ./Core/Src/button.o
 .debug_macro   0x000000000001d7c4       0x5f ./Core/Src/button.o
 .debug_macro   0x000000000001d823      0x236 ./Core/Src/button.o
 .debug_macro   0x000000000001da59      0x12c ./Core/Src/button.o
 .debug_macro   0x000000000001db85      0x21e ./Core/Src/button.o
 .debug_macro   0x000000000001dda3       0x2e ./Core/Src/button.o
 .debug_macro   0x000000000001ddd1      0x543 ./Core/Src/button.o
 .debug_macro   0x000000000001e314      0x11a ./Core/Src/button.o
 .debug_macro   0x000000000001e42e       0x7e ./Core/Src/button.o
 .debug_macro   0x000000000001e4ac       0x89 ./Core/Src/button.o
 .debug_macro   0x000000000001e535      0x225 ./Core/Src/button.o
 .debug_macro   0x000000000001e75a      0x8d1 ./Core/Src/button.o
 .debug_macro   0x000000000001f02b       0x47 ./Core/Src/button.o
 .debug_macro   0x000000000001f072      0x12d ./Core/Src/button.o
 .debug_macro   0x000000000001f19f       0x58 ./Core/Src/button.o
 .debug_macro   0x000000000001f1f7      0x202 ./Core/Src/fsmc.o
 .debug_macro   0x000000000001f3f9      0x202 ./Core/Src/gpio.o
 .debug_macro   0x000000000001f5fb      0x321 ./Core/Src/lcd.o
 .debug_macro   0x000000000001f91c       0xca ./Core/Src/lcd.o
 .debug_macro   0x000000000001f9e6       0x2a ./Core/Src/lcd.o
 .debug_macro   0x000000000001fa10       0x61 ./Core/Src/lcd.o
 .debug_macro   0x000000000001fa71       0x43 ./Core/Src/lcd.o
 .debug_macro   0x000000000001fab4       0x34 ./Core/Src/lcd.o
 .debug_macro   0x000000000001fae8       0x16 ./Core/Src/lcd.o
 .debug_macro   0x000000000001fafe       0x35 ./Core/Src/lcd.o
 .debug_macro   0x000000000001fb33       0x16 ./Core/Src/lcd.o
 .debug_macro   0x000000000001fb49       0x43 ./Core/Src/lcd.o
 .debug_macro   0x000000000001fb8c       0x34 ./Core/Src/lcd.o
 .debug_macro   0x000000000001fbc0       0x10 ./Core/Src/lcd.o
 .debug_macro   0x000000000001fbd0       0x58 ./Core/Src/lcd.o
 .debug_macro   0x000000000001fc28       0x8e ./Core/Src/lcd.o
 .debug_macro   0x000000000001fcb6       0x1c ./Core/Src/lcd.o
 .debug_macro   0x000000000001fcd2      0x177 ./Core/Src/lcd.o
 .debug_macro   0x000000000001fe49      0x369 ./Core/Src/lcd.o
 .debug_macro   0x00000000000201b2       0x16 ./Core/Src/lcd.o
 .debug_macro   0x00000000000201c8       0x29 ./Core/Src/lcd.o
 .debug_macro   0x00000000000201f1       0x16 ./Core/Src/lcd.o
 .debug_macro   0x0000000000020207       0x20 ./Core/Src/lcd.o
 .debug_macro   0x0000000000020227      0x20c ./Core/Src/led_7seg.o
 .debug_macro   0x0000000000020433      0x27c ./Core/Src/main.o
 .debug_macro   0x00000000000206af       0x16 ./Core/Src/main.o
 .debug_macro   0x00000000000206c5       0x1b ./Core/Src/picture.o
 .debug_macro   0x00000000000206e0      0x21b ./Core/Src/software_timer.o
 .debug_macro   0x00000000000208fb       0x10 ./Core/Src/software_timer.o
 .debug_macro   0x000000000002090b      0x202 ./Core/Src/spi.o
 .debug_macro   0x0000000000020b0d      0x1f8 ./Core/Src/stm32f4xx_hal_msp.o
 .debug_macro   0x0000000000020d05      0x202 ./Core/Src/stm32f4xx_it.o
 .debug_macro   0x0000000000020f07      0x1e9 ./Core/Src/system_stm32f4xx.o
 .debug_macro   0x00000000000210f0      0x202 ./Core/Src/tim.o
 .debug_macro   0x00000000000212f2      0x249 ./Drivers/STM32F4xx_HAL_Driver/Src/stm32f4xx_hal.o
 .debug_macro   0x000000000002153b      0x1e9 ./Drivers/STM32F4xx_HAL_Driver/Src/stm32f4xx_hal_cortex.o
 .debug_macro   0x0000000000021724      0x1ef ./Drivers/STM32F4xx_HAL_Driver/Src/stm32f4xx_hal_gpio.o
 .debug_macro   0x0000000000021913      0x20d ./Drivers/STM32F4xx_HAL_Driver/Src/stm32f4xx_hal_rcc.o
 .debug_macro   0x0000000000021b20      0x1f8 ./Drivers/STM32F4xx_HAL_Driver/Src/stm32f4xx_hal_spi.o
 .debug_macro   0x0000000000021d18      0x1e9 ./Drivers/STM32F4xx_HAL_Driver/Src/stm32f4xx_hal_sram.o
 .debug_macro   0x0000000000021f01      0x1ea ./Drivers/STM32F4xx_HAL_Driver/Src/stm32f4xx_hal_tim.o
 .debug_macro   0x00000000000220eb      0x1e9 ./Drivers/STM32F4xx_HAL_Driver/Src/stm32f4xx_hal_tim_ex.o
 .debug_macro   0x00000000000222d4      0x1e9 ./Drivers/STM32F4xx_HAL_Driver/Src/stm32f4xx_ll_fsmc.o

.debug_line     0x0000000000000000    0x1229b
 .debug_line    0x0000000000000000      0x7f6 ./Core/Src/button.o
 .debug_line    0x00000000000007f6      0x871 ./Core/Src/fsmc.o
 .debug_line    0x0000000000001067      0x7bb ./Core/Src/gpio.o
 .debug_line    0x0000000000001822      0xfb9 ./Core/Src/lcd.o
 .debug_line    0x00000000000027db      0x864 ./Core/Src/led_7seg.o
 .debug_line    0x000000000000303f      0x9d3 ./Core/Src/main.o
 .debug_line    0x0000000000003a12       0x4f ./Core/Src/picture.o
 .debug_line    0x0000000000003a61      0x835 ./Core/Src/software_timer.o
 .debug_line    0x0000000000004296      0x7e2 ./Core/Src/spi.o
 .debug_line    0x0000000000004a78      0x771 ./Core/Src/stm32f4xx_hal_msp.o
 .debug_line    0x00000000000051e9      0x863 ./Core/Src/stm32f4xx_it.o
 .debug_line    0x0000000000005a4c      0x7f2 ./Core/Src/system_stm32f4xx.o
 .debug_line    0x000000000000623e      0x852 ./Core/Src/tim.o
 .debug_line    0x0000000000006a90       0x7a ./Core/Startup/startup_stm32f407zetx.o
 .debug_line    0x0000000000006b0a      0xa58 ./Drivers/STM32F4xx_HAL_Driver/Src/stm32f4xx_hal.o
 .debug_line    0x0000000000007562      0xd07 ./Drivers/STM32F4xx_HAL_Driver/Src/stm32f4xx_hal_cortex.o
 .debug_line    0x0000000000008269      0xbce ./Drivers/STM32F4xx_HAL_Driver/Src/stm32f4xx_hal_gpio.o
 .debug_line    0x0000000000008e37      0xdd1 ./Drivers/STM32F4xx_HAL_Driver/Src/stm32f4xx_hal_rcc.o
 .debug_line    0x0000000000009c08     0x1ce7 ./Drivers/STM32F4xx_HAL_Driver/Src/stm32f4xx_hal_spi.o
 .debug_line    0x000000000000b8ef      0xbfa ./Drivers/STM32F4xx_HAL_Driver/Src/stm32f4xx_hal_sram.o
 .debug_line    0x000000000000c4e9     0x3750 ./Drivers/STM32F4xx_HAL_Driver/Src/stm32f4xx_hal_tim.o
 .debug_line    0x000000000000fc39     0x1a55 ./Drivers/STM32F4xx_HAL_Driver/Src/stm32f4xx_hal_tim_ex.o
 .debug_line    0x000000000001168e      0xc0d ./Drivers/STM32F4xx_HAL_Driver/Src/stm32f4xx_ll_fsmc.o

.debug_str      0x0000000000000000    0xccfab
 .debug_str     0x0000000000000000    0xc5e1e ./Core/Src/button.o
                                      0xc6121 (size before relaxing)
 .debug_str     0x00000000000c5e1e      0x3f5 ./Core/Src/fsmc.o
                                      0xc62df (size before relaxing)
 .debug_str     0x00000000000c6213       0x20 ./Core/Src/gpio.o
                                      0xc5d8d (size before relaxing)
 .debug_str     0x00000000000c6233     0x36ce ./Core/Src/lcd.o
                                      0xc9334 (size before relaxing)
 .debug_str     0x00000000000c9901       0xe5 ./Core/Src/led_7seg.o
                                      0xc619e (size before relaxing)
 .debug_str     0x00000000000c99e6      0x2ee ./Core/Src/main.o
                                      0xc6358 (size before relaxing)
 .debug_str     0x00000000000c9cd4       0x16 ./Core/Src/picture.o
                                       0x2df8 (size before relaxing)
 .debug_str     0x00000000000c9cea      0x306 ./Core/Src/software_timer.o
                                      0xc6252 (size before relaxing)
 .debug_str     0x00000000000c9ff0       0x4b ./Core/Src/spi.o
                                      0xc6219 (size before relaxing)
 .debug_str     0x00000000000ca03b       0x2c ./Core/Src/stm32f4xx_hal_msp.o
                                      0xc5cc2 (size before relaxing)
 .debug_str     0x00000000000ca067       0xfc ./Core/Src/stm32f4xx_it.o
                                      0xc61bc (size before relaxing)
 .debug_str     0x00000000000ca163       0xdb ./Core/Src/system_stm32f4xx.o
                                      0xc5c14 (size before relaxing)
 .debug_str     0x00000000000ca23e      0x653 ./Core/Src/tim.o
                                      0xc68aa (size before relaxing)
 .debug_str     0x00000000000ca891       0x34 ./Core/Startup/startup_stm32f407zetx.o
                                         0x67 (size before relaxing)
 .debug_str     0x00000000000ca8c5      0x603 ./Drivers/STM32F4xx_HAL_Driver/Src/stm32f4xx_hal.o
                                      0xc6798 (size before relaxing)
 .debug_str     0x00000000000caec8      0x32d ./Drivers/STM32F4xx_HAL_Driver/Src/stm32f4xx_hal_cortex.o
                                      0xc64cb (size before relaxing)
 .debug_str     0x00000000000cb1f5      0x11c ./Drivers/STM32F4xx_HAL_Driver/Src/stm32f4xx_hal_gpio.o
                                      0xc5d8f (size before relaxing)
 .debug_str     0x00000000000cb311      0x233 ./Drivers/STM32F4xx_HAL_Driver/Src/stm32f4xx_hal_rcc.o
                                      0xc6048 (size before relaxing)
 .debug_str     0x00000000000cb544      0x581 ./Drivers/STM32F4xx_HAL_Driver/Src/stm32f4xx_hal_spi.o
                                      0xc64d8 (size before relaxing)
 .debug_str     0x00000000000cbac5      0x1a6 ./Drivers/STM32F4xx_HAL_Driver/Src/stm32f4xx_hal_sram.o
                                      0xc61bb (size before relaxing)
 .debug_str     0x00000000000cbc6b      0xda8 ./Drivers/STM32F4xx_HAL_Driver/Src/stm32f4xx_hal_tim.o
                                      0xc6f8e (size before relaxing)
 .debug_str     0x00000000000cca13      0x493 ./Drivers/STM32F4xx_HAL_Driver/Src/stm32f4xx_hal_tim_ex.o
                                      0xc67aa (size before relaxing)
 .debug_str     0x00000000000ccea6      0x105 ./Drivers/STM32F4xx_HAL_Driver/Src/stm32f4xx_ll_fsmc.o
                                      0xc5fc3 (size before relaxing)

.debug_frame    0x0000000000000000     0x3c24
 .debug_frame   0x0000000000000000       0x50 ./Core/Src/button.o
 .debug_frame   0x0000000000000050       0xbc ./Core/Src/fsmc.o
 .debug_frame   0x000000000000010c       0x34 ./Core/Src/gpio.o
 .debug_frame   0x0000000000000140      0x394 ./Core/Src/lcd.o
 .debug_frame   0x00000000000004d4       0xe8 ./Core/Src/led_7seg.o
 .debug_frame   0x00000000000005bc      0x138 ./Core/Src/main.o
 .debug_frame   0x00000000000006f4       0xbc ./Core/Src/software_timer.o
 .debug_frame   0x00000000000007b0       0x74 ./Core/Src/spi.o
 .debug_frame   0x0000000000000824       0x38 ./Core/Src/stm32f4xx_hal_msp.o
 .debug_frame   0x000000000000085c      0x13c ./Core/Src/stm32f4xx_it.o
 .debug_frame   0x0000000000000998       0x58 ./Core/Src/system_stm32f4xx.o
 .debug_frame   0x00000000000009f0       0xa0 ./Core/Src/tim.o
 .debug_frame   0x0000000000000a90      0x374 ./Drivers/STM32F4xx_HAL_Driver/Src/stm32f4xx_hal.o
 .debug_frame   0x0000000000000e04      0x498 ./Drivers/STM32F4xx_HAL_Driver/Src/stm32f4xx_hal_cortex.o
 .debug_frame   0x000000000000129c      0x14c ./Drivers/STM32F4xx_HAL_Driver/Src/stm32f4xx_hal_gpio.o
 .debug_frame   0x00000000000013e8      0x1f4 ./Drivers/STM32F4xx_HAL_Driver/Src/stm32f4xx_hal_rcc.o
 .debug_frame   0x00000000000015dc      0x824 ./Drivers/STM32F4xx_HAL_Driver/Src/stm32f4xx_hal_spi.o
 .debug_frame   0x0000000000001e00      0x2a0 ./Drivers/STM32F4xx_HAL_Driver/Src/stm32f4xx_hal_sram.o
 .debug_frame   0x00000000000020a0     0x11c4 ./Drivers/STM32F4xx_HAL_Driver/Src/stm32f4xx_hal_tim.o
 .debug_frame   0x0000000000003264      0x638 ./Drivers/STM32F4xx_HAL_Driver/Src/stm32f4xx_hal_tim_ex.o
 .debug_frame   0x000000000000389c      0x2dc ./Drivers/STM32F4xx_HAL_Driver/Src/stm32f4xx_ll_fsmc.o
 .debug_frame   0x0000000000003b78       0x20 C:/STM32CubeIDE_1.14.0/STM32CubeIDE/plugins/com.st.stm32cube.ide.mcu.externaltools.gnu-tools-for-stm32.11.3.rel1.win32_1.1.100.202309141235/tools/bin/../lib/gcc/arm-none-eabi/11.3.1/../../../../arm-none-eabi/lib/thumb/v7e-m+fp/hard\libc_nano.a(libc_a-memset.o)
 .debug_frame   0x0000000000003b98       0x2c C:/STM32CubeIDE_1.14.0/STM32CubeIDE/plugins/com.st.stm32cube.ide.mcu.externaltools.gnu-tools-for-stm32.11.3.rel1.win32_1.1.100.202309141235/tools/bin/../lib/gcc/arm-none-eabi/11.3.1/../../../../arm-none-eabi/lib/thumb/v7e-m+fp/hard\libc_nano.a(libc_a-init.o)
 .debug_frame   0x0000000000003bc4       0x2c C:/STM32CubeIDE_1.14.0/STM32CubeIDE/plugins/com.st.stm32cube.ide.mcu.externaltools.gnu-tools-for-stm32.11.3.rel1.win32_1.1.100.202309141235/tools/bin/../lib/gcc/arm-none-eabi/11.3.1/thumb/v7e-m+fp/hard\libgcc.a(_aeabi_uldivmod.o)
 .debug_frame   0x0000000000003bf0       0x34 C:/STM32CubeIDE_1.14.0/STM32CubeIDE/plugins/com.st.stm32cube.ide.mcu.externaltools.gnu-tools-for-stm32.11.3.rel1.win32_1.1.100.202309141235/tools/bin/../lib/gcc/arm-none-eabi/11.3.1/thumb/v7e-m+fp/hard\libgcc.a(_udivmoddi4.o)

.debug_line_str
                0x0000000000000000       0x5b
 .debug_line_str
                0x0000000000000000       0x5b ./Core/Startup/startup_stm32f407zetx.o
                                         0x73 (size before relaxing)
